[07:05:01] clubs: 605 ids, 509 codes, leagues ['', 'AAF', 'AAFC', 'ACFL', 'AFA', 'AFL', 'ALFL', 'APFA', 'ARENA', 'ARFL', 'CAFL', 'CFL', 'COFL', 'DFL', 'EFL', 'IFL', 'IRFU', 'MWFL', 'NFL', 'NFLE', 'NWIFL', 'ORFU', 'PCFL', 'PFLA', 'SFL', 'TSFL', 'UFL', 'UFL2', 'USFL', 'USFL2', 'WFL', 'WIFU', 'WLAF', 'XFL']
[07:05:01] read-stage cache: NOT USED -- the read-stage fingerprint changed: a declaration or the code moved
[07:05:01]   PGMRoster_1950: not a claim store, skipped (array)
[07:05:01]   aaf-2019                                 3,880 claims   total       3,880       1s
[07:05:01]   aafc-1946                                2,424 claims   total       6,304       1s
[07:05:01]   aafc-1947                                2,512 claims   total       8,816       1s
[07:05:01]   aafc-1948                                2,624 claims   total      11,440       1s
[07:05:01]   aafc-1949                                1,968 claims   total      13,408       1s
[07:05:01]   afl-1926                                   204 claims   total      13,612       1s
[07:05:01]   afl-1960                                 2,992 claims   total      16,604       1s
[07:05:01]   afl-1961                                 2,744 claims   total      19,348       1s
[07:05:01]   afl-1962                                 2,664 claims   total      22,012       1s
[07:05:01]   afl-1963                                 2,600 claims   total      24,612       1s
[07:05:01]   afl-1964                                 2,712 claims   total      27,324       1s
[07:05:01]   afl-1965                                 2,848 claims   total      30,172       1s
[07:05:01]   afl-1966                                 3,424 claims   total      33,596       1s
[07:05:01]   afl-1967                                 3,528 claims   total      37,124       1s
[07:05:01]   afl-1968                                 4,024 claims   total      41,148       1s
[07:05:01]   afl-1969                                 3,784 claims   total      44,932       1s
[07:05:01]   apfa-1920                                2,778 claims   total      47,710       1s
[07:05:01]   apfa-1921                                3,558 claims   total      51,268       1s
[07:05:01]   arena-1987-2019                          8,798 claims   total      60,066       1s
[07:05:02]   arena-player-pages                       9,433 claims   total      69,499       1s
[07:05:02]   assistants-identity: not a claim store, skipped (object with no top-level claims list)
[07:05:02]   assistants                               1,533 claims   total      71,032       1s
[07:05:02]   cfl-1945                                 1,197 claims   total      72,229       1s
[07:05:02]   cfl-1946                                 2,182 claims   total      74,411       1s
[07:05:02]   cfl-1947                                 1,910 claims   total      76,321       2s
[07:05:02]   cfl-1948                                 1,953 claims   total      78,274       2s
[07:05:02]   cfl-1949                                 2,342 claims   total      80,616       2s
[07:05:02]   cfl-1950                                 2,238 claims   total      82,854       2s
[07:05:02]   cfl-1951                                 2,417 claims   total      85,271       2s
[07:05:02]   cfl-1952                                 2,619 claims   total      87,890       2s
[07:05:02]   cfl-1953                                 2,610 claims   total      90,500       2s
[07:05:02]   cfl-1954                                 2,809 claims   total      93,309       2s
[07:05:02]   cfl-1955                                 2,791 claims   total      96,100       2s
[07:05:02]   cfl-1956                                 2,862 claims   total      98,962       2s
[07:05:02]   cfl-1957                                 2,951 claims   total     101,913       2s
[07:05:02]   cfl-1958                                 2,711 claims   total     104,624       2s
[07:05:02]   cfl-1959                                 2,940 claims   total     107,564       2s
[07:05:02]   cfl-1960                                 3,012 claims   total     110,576       2s
[07:05:02]   cfl-1961                                 2,800 claims   total     113,376       2s
[07:05:02]   cfl-1962                                 2,727 claims   total     116,103       2s
[07:05:02]   cfl-1963                                 2,795 claims   total     118,898       2s
[07:05:02]   cfl-1964                                 2,864 claims   total     121,762       2s
[07:05:02]   cfl-1965                                 2,896 claims   total     124,658       2s
[07:05:02]   cfl-1966                                 2,592 claims   total     127,250       2s
[07:05:02]   cfl-1967                                 2,798 claims   total     130,048       2s
[07:05:02]   cfl-1968                                 2,711 claims   total     132,759       2s
[07:05:02]   cfl-1969                                 2,762 claims   total     135,521       2s
[07:05:02]   cfl-1970                                 2,805 claims   total     138,326       2s
[07:05:02]   cfl-1971                                 2,799 claims   total     141,125       2s
[07:05:02]   cfl-1972                                 2,855 claims   total     143,980       2s
[07:05:02]   cfl-1973                                 2,950 claims   total     146,930       2s
[07:05:02]   cfl-1974                                 3,044 claims   total     149,974       2s
[07:05:02]   cfl-1975                                 3,153 claims   total     153,127       2s
[07:05:02]   cfl-1976                                 3,180 claims   total     156,307       2s
[07:05:02]   cfl-1977                                 3,269 claims   total     159,576       2s
[07:05:02]   cfl-1978                                 3,386 claims   total     162,962       2s
[07:05:02]   cfl-1979                                 3,551 claims   total     166,513       2s
[07:05:02]   cfl-1980                                 3,437 claims   total     169,950       2s
[07:05:02]   cfl-1981                                 3,478 claims   total     173,428       2s
[07:05:02]   cfl-1982                                 3,500 claims   total     176,928       2s
[07:05:02]   cfl-1983                                 3,536 claims   total     180,464       2s
[07:05:02]   cfl-1984                                 3,456 claims   total     183,920       2s
[07:05:02]   cfl-1985                                 3,650 claims   total     187,570       2s
[07:05:02]   cfl-1986                                 3,972 claims   total     191,542       2s
[07:05:02]   cfl-1987                                 3,520 claims   total     195,062       2s
[07:05:02]   cfl-1988                                 3,584 claims   total     198,646       2s
[07:05:02]   cfl-1989                                 3,648 claims   total     202,294       2s
[07:05:02]   cfl-1990                                 3,592 claims   total     205,886       2s
[07:05:02]   cfl-1991                                 3,632 claims   total     209,518       2s
[07:05:03]   cfl-1992                                 3,464 claims   total     212,982       2s
[07:05:03]   cfl-1993                                 4,232 claims   total     217,214       2s
[07:05:03]   cfl-1994                                 5,816 claims   total     223,030       2s
[07:05:03]   cfl-1995                                 6,360 claims   total     229,390       3s
[07:05:03]   cfl-1996                                 4,288 claims   total     233,678       3s
[07:05:03]   cfl-1997                                 3,408 claims   total     237,086       3s
[07:05:03]   cfl-1998                                 3,552 claims   total     240,638       3s
[07:05:03]   cfl-1999                                 3,672 claims   total     244,310       3s
[07:05:03]   cfl-2000                                 3,696 claims   total     248,006       3s
[07:05:03]   cfl-2001                                 3,832 claims   total     251,838       3s
[07:05:03]   cfl-2002                                 4,336 claims   total     256,174       3s
[07:05:03]   cfl-2003                                 4,248 claims   total     260,422       3s
[07:05:03]   cfl-2004                                 4,376 claims   total     264,798       3s
[07:05:03]   cfl-2005                                 4,448 claims   total     269,246       3s
[07:05:03]   cfl-2006                                 4,160 claims   total     273,406       3s
[07:05:03]   cfl-2007                                 4,568 claims   total     277,974       3s
[07:05:03]   cfl-2008                                 4,392 claims   total     282,366       3s
[07:05:03]   cfl-2009                                 4,432 claims   total     286,798       3s
[07:05:03]   cfl-2010                                 4,296 claims   total     291,094       3s
[07:05:03]   cfl-2011                                 4,336 claims   total     295,430       3s
[07:05:03]   cfl-2012                                 4,400 claims   total     299,830       3s
[07:05:03]   cfl-2013                                 4,824 claims   total     304,654       3s
[07:05:03]   cfl-2014                                 5,312 claims   total     309,966       3s
[07:05:03]   cfl-2015                                 5,336 claims   total     315,302       3s
[07:05:03]   cfl-2016                                 5,415 claims   total     320,717       3s
[07:05:03]   cfl-2017                                 5,400 claims   total     326,117       3s
[07:05:03]   cfl-2018                                 5,160 claims   total     331,277       3s
[07:05:03]   cfl-2019                                 5,280 claims   total     336,557       3s
[07:05:03]   cfl-2021                                 5,480 claims   total     342,037       3s
[07:05:03]   cfl-2022                                 5,264 claims   total     347,301       3s
[07:05:03]   cfl-2023                                 5,648 claims   total     352,949       3s
[07:05:03]   cfl-2024                                 5,920 claims   total     358,869       3s
[07:05:04]   cfl-2025                                 5,928 claims   total     364,797       3s
[07:05:04]   cfl1945-season-restore: not a claim store, skipped (object with no top-level claims list)
[07:05:04]   club-key-normalisation: not a claim store, skipped (object with no top-level claims list)
[07:05:04]   club-key-proposals: not a claim store, skipped (object with no top-level claims list)
[07:05:04]   club-names                               3,666 claims   total     368,463       3s
[07:05:04]   clubs: not a claim store, skipped (object with no top-level claims list)
[07:05:04]   coach-demotions: not a claim store, skipped (object with no top-level claims list)
[07:05:04]   coach-promotions: not a claim store, skipped (object with no top-level claims list)
[07:05:04]   coach-seasons-promoted                  17,621 claims   total     386,084       4s
[07:05:04]   coaches-nfl                             10,484 claims   total     396,568       4s
[07:05:04]   coaches                                  5,720 claims   total     402,288       4s
[07:05:04]   college-guides-candidates: not a claim store, skipped (object with no top-level claims list)
[07:05:04]   contested-1950: not a claim store, skipped (array)
[07:05:04]   contested-coaches: not a claim store, skipped (array)
[07:05:04]   contested-nfl-1950: not a claim store, skipped (array)
[07:05:04]   contested-salaries: not a claim store, skipped (array)
[07:05:04]   contested-wfl-1974: not a claim store, skipped (array)
[07:05:04]   crippen-aafc                             1,208 claims   total     403,496       4s
[07:05:04]   crippen-book                             5,974 claims   total     409,470       4s
[07:05:04]   dev-aaf-2019: not a claim store, skipped (array)
[07:05:04]   dev-aafc-1946: not a claim store, skipped (array)
[07:05:04]   dev-aafc-1947: not a claim store, skipped (array)
[07:05:04]   dev-aafc-1948: not a claim store, skipped (array)
[07:05:04]   dev-aafc-1949: not a claim store, skipped (array)
[07:05:04]   dev-afl-1960: not a claim store, skipped (array)
[07:05:04]   dev-afl-1961: not a claim store, skipped (array)
[07:05:04]   dev-afl-1962: not a claim store, skipped (array)
[07:05:04]   dev-afl-1963: not a claim store, skipped (array)
[07:05:04]   dev-afl-1964: not a claim store, skipped (array)
[07:05:04]   dev-afl-1965: not a claim store, skipped (array)
[07:05:04]   dev-afl-1966: not a claim store, skipped (array)
[07:05:04]   dev-afl-1967: not a claim store, skipped (array)
[07:05:04]   dev-afl-1968: not a claim store, skipped (array)
[07:05:04]   dev-afl-1969: not a claim store, skipped (array)
[07:05:04]   dev-apfa-1920: not a claim store, skipped (array)
[07:05:04]   dev-apfa-1921: not a claim store, skipped (array)
[07:05:04]   dev-cfl-1945: not a claim store, skipped (array)
[07:05:04]   dev-cfl-1946: not a claim store, skipped (array)
[07:05:04]   dev-cfl-1947: not a claim store, skipped (array)
[07:05:04]   dev-cfl-1948: not a claim store, skipped (array)
[07:05:04]   dev-cfl-1949: not a claim store, skipped (array)
[07:05:04]   dev-cfl-1950: not a claim store, skipped (array)
[07:05:04]   dev-cfl-1951: not a claim store, skipped (array)
[07:05:04]   dev-cfl-1952: not a claim store, skipped (array)
[07:05:04]   dev-cfl-1953: not a claim store, skipped (array)
[07:05:04]   dev-cfl-1954: not a claim store, skipped (array)
[07:05:04]   dev-cfl-1955: not a claim store, skipped (array)
[07:05:04]   dev-cfl-1956: not a claim store, skipped (array)
[07:05:04]   dev-cfl-1957: not a claim store, skipped (array)
[07:05:04]   dev-cfl-1958: not a claim store, skipped (array)
[07:05:04]   dev-cfl-1959: not a claim store, skipped (array)
[07:05:04]   dev-cfl-1960: not a claim store, skipped (array)
[07:05:04]   dev-cfl-1961: not a claim store, skipped (array)
[07:05:04]   dev-cfl-1962: not a claim store, skipped (array)
[07:05:04]   dev-cfl-1963: not a claim store, skipped (array)
[07:05:04]   dev-cfl-1964: not a claim store, skipped (array)
[07:05:04]   dev-cfl-1965: not a claim store, skipped (array)
[07:05:04]   dev-cfl-1966: not a claim store, skipped (array)
[07:05:04]   dev-cfl-1967: not a claim store, skipped (array)
[07:05:04]   dev-cfl-1968: not a claim store, skipped (array)
[07:05:04]   dev-cfl-1969: not a claim store, skipped (array)
[07:05:04]   dev-cfl-1970: not a claim store, skipped (array)
[07:05:04]   dev-cfl-1971: not a claim store, skipped (array)
[07:05:04]   dev-cfl-1972: not a claim store, skipped (array)
[07:05:04]   dev-cfl-1973: not a claim store, skipped (array)
[07:05:04]   dev-cfl-1974: not a claim store, skipped (array)
[07:05:04]   dev-cfl-1975: not a claim store, skipped (array)
[07:05:04]   dev-cfl-1976: not a claim store, skipped (array)
[07:05:04]   dev-cfl-1977: not a claim store, skipped (array)
[07:05:04]   dev-cfl-1978: not a claim store, skipped (array)
[07:05:04]   dev-cfl-1979: not a claim store, skipped (array)
[07:05:04]   dev-cfl-1980: not a claim store, skipped (array)
[07:05:04]   dev-cfl-1981: not a claim store, skipped (array)
[07:05:04]   dev-cfl-1982: not a claim store, skipped (array)
[07:05:04]   dev-cfl-1983: not a claim store, skipped (array)
[07:05:04]   dev-cfl-1984: not a claim store, skipped (array)
[07:05:04]   dev-cfl-1985: not a claim store, skipped (array)
[07:05:04]   dev-cfl-1986: not a claim store, skipped (array)
[07:05:04]   dev-cfl-1987: not a claim store, skipped (array)
[07:05:04]   dev-cfl-1988: not a claim store, skipped (array)
[07:05:04]   dev-cfl-1989: not a claim store, skipped (array)
[07:05:04]   dev-cfl-1990: not a claim store, skipped (array)
[07:05:04]   dev-cfl-1991: not a claim store, skipped (array)
[07:05:04]   dev-cfl-1992: not a claim store, skipped (array)
[07:05:04]   dev-cfl-1993: not a claim store, skipped (array)
[07:05:04]   dev-cfl-1994: not a claim store, skipped (array)
[07:05:04]   dev-cfl-1995: not a claim store, skipped (array)
[07:05:04]   dev-cfl-1996: not a claim store, skipped (array)
[07:05:04]   dev-cfl-1997: not a claim store, skipped (array)
[07:05:04]   dev-cfl-1998: not a claim store, skipped (array)
[07:05:04]   dev-cfl-1999: not a claim store, skipped (array)
[07:05:04]   dev-cfl-2000: not a claim store, skipped (array)
[07:05:04]   dev-cfl-2001: not a claim store, skipped (array)
[07:05:04]   dev-cfl-2002: not a claim store, skipped (array)
[07:05:04]   dev-cfl-2003: not a claim store, skipped (array)
[07:05:04]   dev-cfl-2004: not a claim store, skipped (array)
[07:05:04]   dev-cfl-2005: not a claim store, skipped (array)
[07:05:04]   dev-cfl-2006: not a claim store, skipped (array)
[07:05:04]   dev-cfl-2007: not a claim store, skipped (array)
[07:05:04]   dev-cfl-2008: not a claim store, skipped (array)
[07:05:04]   dev-cfl-2009: not a claim store, skipped (array)
[07:05:04]   dev-cfl-2010: not a claim store, skipped (array)
[07:05:04]   dev-cfl-2011: not a claim store, skipped (array)
[07:05:04]   dev-cfl-2012: not a claim store, skipped (array)
[07:05:04]   dev-cfl-2013: not a claim store, skipped (array)
[07:05:04]   dev-cfl-2014: not a claim store, skipped (array)
[07:05:04]   dev-cfl-2015: not a claim store, skipped (array)
[07:05:04]   dev-cfl-2016: not a claim store, skipped (array)
[07:05:04]   dev-cfl-2017: not a claim store, skipped (array)
[07:05:04]   dev-cfl-2018: not a claim store, skipped (array)
[07:05:04]   dev-cfl-2019: not a claim store, skipped (array)
[07:05:04]   dev-cfl-2021: not a claim store, skipped (array)
[07:05:04]   dev-cfl-2022: not a claim store, skipped (array)
[07:05:04]   dev-cfl-2023: not a claim store, skipped (array)
[07:05:04]   dev-cfl-2024: not a claim store, skipped (array)
[07:05:04]   dev-cfl-2025: not a claim store, skipped (array)
[07:05:04]   dev-nfl-1922: not a claim store, skipped (array)
[07:05:04]   dev-nfl-1923: not a claim store, skipped (array)
[07:05:04]   dev-nfl-1924: not a claim store, skipped (array)
[07:05:04]   dev-nfl-1925: not a claim store, skipped (array)
[07:05:04]   dev-nfl-1926: not a claim store, skipped (array)
[07:05:04]   dev-nfl-1927: not a claim store, skipped (array)
[07:05:04]   dev-nfl-1928: not a claim store, skipped (array)
[07:05:04]   dev-nfl-1929: not a claim store, skipped (array)
[07:05:04]   dev-nfl-1930: not a claim store, skipped (array)
[07:05:04]   dev-nfl-1931: not a claim store, skipped (array)
[07:05:04]   dev-nfl-1932: not a claim store, skipped (array)
[07:05:04]   dev-nfl-1933: not a claim store, skipped (array)
[07:05:04]   dev-nfl-1934: not a claim store, skipped (array)
[07:05:04]   dev-nfl-1935: not a claim store, skipped (array)
[07:05:04]   dev-nfl-1936: not a claim store, skipped (array)
[07:05:04]   dev-nfl-1937: not a claim store, skipped (array)
[07:05:04]   dev-nfl-1938: not a claim store, skipped (array)
[07:05:04]   dev-nfl-1939: not a claim store, skipped (array)
[07:05:04]   dev-nfl-1940: not a claim store, skipped (array)
[07:05:04]   dev-nfl-1941: not a claim store, skipped (array)
[07:05:04]   dev-nfl-1942: not a claim store, skipped (array)
[07:05:04]   dev-nfl-1943: not a claim store, skipped (array)
[07:05:04]   dev-nfl-1944: not a claim store, skipped (array)
[07:05:04]   dev-nfl-1945: not a claim store, skipped (array)
[07:05:04]   dev-nfl-1946: not a claim store, skipped (array)
[07:05:04]   dev-nfl-1947: not a claim store, skipped (array)
[07:05:04]   dev-nfl-1948: not a claim store, skipped (array)
[07:05:04]   dev-nfl-1949: not a claim store, skipped (array)
[07:05:04]   dev-nfl-1950: not a claim store, skipped (array)
[07:05:04]   dev-nfl-1951: not a claim store, skipped (array)
[07:05:04]   dev-nfl-1952: not a claim store, skipped (array)
[07:05:04]   dev-nfl-1953: not a claim store, skipped (array)
[07:05:04]   dev-nfl-1954: not a claim store, skipped (array)
[07:05:04]   dev-nfl-1955: not a claim store, skipped (array)
[07:05:04]   dev-nfl-1956: not a claim store, skipped (array)
[07:05:04]   dev-nfl-1957: not a claim store, skipped (array)
[07:05:04]   dev-nfl-1958: not a claim store, skipped (array)
[07:05:04]   dev-nfl-1959: not a claim store, skipped (array)
[07:05:04]   dev-nfl-1960: not a claim store, skipped (array)
[07:05:04]   dev-nfl-1961: not a claim store, skipped (array)
[07:05:04]   dev-nfl-1962: not a claim store, skipped (array)
[07:05:04]   dev-nfl-1963: not a claim store, skipped (array)
[07:05:04]   dev-nfl-1964: not a claim store, skipped (array)
[07:05:04]   dev-nfl-1965: not a claim store, skipped (array)
[07:05:04]   dev-nfl-1966: not a claim store, skipped (array)
[07:05:04]   dev-nfl-1967: not a claim store, skipped (array)
[07:05:04]   dev-nfl-1968: not a claim store, skipped (array)
[07:05:04]   dev-nfl-1969: not a claim store, skipped (array)
[07:05:04]   dev-nfl-1970: not a claim store, skipped (array)
[07:05:04]   dev-nfl-1971: not a claim store, skipped (array)
[07:05:04]   dev-nfl-1972: not a claim store, skipped (array)
[07:05:04]   dev-nfl-1973: not a claim store, skipped (array)
[07:05:04]   dev-nfl-1974: not a claim store, skipped (array)
[07:05:04]   dev-nfl-1975: not a claim store, skipped (array)
[07:05:04]   dev-nfl-1976: not a claim store, skipped (array)
[07:05:04]   dev-nfl-1977: not a claim store, skipped (array)
[07:05:04]   dev-nfl-1978: not a claim store, skipped (array)
[07:05:04]   dev-nfl-1979: not a claim store, skipped (array)
[07:05:04]   dev-nfl-1980: not a claim store, skipped (array)
[07:05:04]   dev-nfl-1981: not a claim store, skipped (array)
[07:05:04]   dev-nfl-1982: not a claim store, skipped (array)
[07:05:04]   dev-nfl-1983: not a claim store, skipped (array)
[07:05:04]   dev-nfl-1984: not a claim store, skipped (array)
[07:05:04]   dev-nfl-1985: not a claim store, skipped (array)
[07:05:04]   dev-nfl-1986: not a claim store, skipped (array)
[07:05:04]   dev-nfl-1987: not a claim store, skipped (array)
[07:05:04]   dev-nfl-1988: not a claim store, skipped (array)
[07:05:04]   dev-nfl-1989: not a claim store, skipped (array)
[07:05:04]   dev-nfl-1990: not a claim store, skipped (array)
[07:05:04]   dev-nfl-1991: not a claim store, skipped (array)
[07:05:04]   dev-nfl-1992: not a claim store, skipped (array)
[07:05:04]   dev-nfl-1993: not a claim store, skipped (array)
[07:05:04]   dev-nfl-1994: not a claim store, skipped (array)
[07:05:04]   dev-nfl-1995: not a claim store, skipped (array)
[07:05:04]   dev-nfl-1996: not a claim store, skipped (array)
[07:05:04]   dev-nfl-1997: not a claim store, skipped (array)
[07:05:04]   dev-nfl-1998: not a claim store, skipped (array)
[07:05:04]   dev-nfl-1999: not a claim store, skipped (array)
[07:05:04]   dev-nfl-2000: not a claim store, skipped (array)
[07:05:04]   dev-nfl-2001: not a claim store, skipped (array)
[07:05:04]   dev-nfl-2002: not a claim store, skipped (array)
[07:05:04]   dev-nfl-2003: not a claim store, skipped (array)
[07:05:04]   dev-nfl-2004: not a claim store, skipped (array)
[07:05:04]   dev-nfl-2005: not a claim store, skipped (array)
[07:05:04]   dev-nfl-2006: not a claim store, skipped (array)
[07:05:04]   dev-nfl-2007: not a claim store, skipped (array)
[07:05:04]   dev-nfl-2008: not a claim store, skipped (array)
[07:05:04]   dev-nfl-2009: not a claim store, skipped (array)
[07:05:04]   dev-nfl-2010: not a claim store, skipped (array)
[07:05:04]   dev-nfl-2011: not a claim store, skipped (array)
[07:05:04]   dev-nfl-2012: not a claim store, skipped (array)
[07:05:04]   dev-nfl-2013: not a claim store, skipped (array)
[07:05:04]   dev-nfl-2014: not a claim store, skipped (array)
[07:05:04]   dev-nfl-2015: not a claim store, skipped (array)
[07:05:04]   dev-nfl-2016: not a claim store, skipped (array)
[07:05:04]   dev-nfl-2017: not a claim store, skipped (array)
[07:05:04]   dev-nfl-2018: not a claim store, skipped (array)
[07:05:04]   dev-nfl-2019: not a claim store, skipped (array)
[07:05:04]   dev-nfl-2020: not a claim store, skipped (array)
[07:05:04]   dev-nfl-2021: not a claim store, skipped (array)
[07:05:04]   dev-nfl-2022: not a claim store, skipped (array)
[07:05:04]   dev-nfl-2023: not a claim store, skipped (array)
[07:05:04]   dev-nfl-2024: not a claim store, skipped (array)
[07:05:04]   dev-ufl-2009: not a claim store, skipped (array)
[07:05:04]   dev-ufl-2010: not a claim store, skipped (array)
[07:05:04]   dev-ufl-2011: not a claim store, skipped (array)
[07:05:04]   dev-ufl-2012: not a claim store, skipped (array)
[07:05:04]   dev-ufl2-2024: not a claim store, skipped (array)
[07:05:04]   dev-usfl-1983: not a claim store, skipped (array)
[07:05:04]   dev-usfl-1984: not a claim store, skipped (array)
[07:05:04]   dev-usfl-1985: not a claim store, skipped (array)
[07:05:04]   dev-usfl2-2022: not a claim store, skipped (array)
[07:05:04]   dev-usfl2-2023: not a claim store, skipped (array)
[07:05:04]   dev-wfl-1974: not a claim store, skipped (array)
[07:05:04]   dev-wfl-1975: not a claim store, skipped (array)
[07:05:04]   dev-wlaf-1991: not a claim store, skipped (array)
[07:05:04]   dev-wlaf-1992: not a claim store, skipped (array)
[07:05:04]   dev-xfl-2001: not a claim store, skipped (array)
[07:05:04]   dev-xfl-2020: not a claim store, skipped (array)
[07:05:04]   dev-xfl-2023: not a claim store, skipped (array)
[07:05:04]   devstats-aaf-2019: not a claim store, skipped (array)
[07:05:04]   devstats-aafc-1946: not a claim store, skipped (array)
[07:05:04]   devstats-aafc-1947: not a claim store, skipped (array)
[07:05:04]   devstats-aafc-1948: not a claim store, skipped (array)
[07:05:04]   devstats-aafc-1949: not a claim store, skipped (array)
[07:05:04]   devstats-afl-1960: not a claim store, skipped (array)
[07:05:04]   devstats-afl-1961: not a claim store, skipped (array)
[07:05:04]   devstats-afl-1962: not a claim store, skipped (array)
[07:05:04]   devstats-afl-1963: not a claim store, skipped (array)
[07:05:04]   devstats-afl-1964: not a claim store, skipped (array)
[07:05:04]   devstats-afl-1965: not a claim store, skipped (array)
[07:05:04]   devstats-afl-1966: not a claim store, skipped (array)
[07:05:04]   devstats-afl-1967: not a claim store, skipped (array)
[07:05:04]   devstats-afl-1968: not a claim store, skipped (array)
[07:05:04]   devstats-afl-1969: not a claim store, skipped (array)
[07:05:04]   devstats-apfa-1920: not a claim store, skipped (array)
[07:05:04]   devstats-apfa-1921: not a claim store, skipped (array)
[07:05:04]   devstats-cfl-1945: not a claim store, skipped (array)
[07:05:04]   devstats-cfl-1946: not a claim store, skipped (array)
[07:05:04]   devstats-cfl-1947: not a claim store, skipped (array)
[07:05:04]   devstats-cfl-1948: not a claim store, skipped (array)
[07:05:04]   devstats-cfl-1949: not a claim store, skipped (array)
[07:05:04]   devstats-cfl-1950: not a claim store, skipped (array)
[07:05:04]   devstats-cfl-1951: not a claim store, skipped (array)
[07:05:04]   devstats-cfl-1952: not a claim store, skipped (array)
[07:05:04]   devstats-cfl-1953: not a claim store, skipped (array)
[07:05:04]   devstats-cfl-1954: not a claim store, skipped (array)
[07:05:04]   devstats-cfl-1955: not a claim store, skipped (array)
[07:05:04]   devstats-cfl-1956: not a claim store, skipped (array)
[07:05:04]   devstats-cfl-1957: not a claim store, skipped (array)
[07:05:04]   devstats-cfl-1958: not a claim store, skipped (array)
[07:05:04]   devstats-cfl-1959: not a claim store, skipped (array)
[07:05:04]   devstats-cfl-1960: not a claim store, skipped (array)
[07:05:04]   devstats-cfl-1961: not a claim store, skipped (array)
[07:05:04]   devstats-cfl-1962: not a claim store, skipped (array)
[07:05:04]   devstats-cfl-1963: not a claim store, skipped (array)
[07:05:04]   devstats-cfl-1964: not a claim store, skipped (array)
[07:05:04]   devstats-cfl-1965: not a claim store, skipped (array)
[07:05:04]   devstats-cfl-1966: not a claim store, skipped (array)
[07:05:04]   devstats-cfl-1967: not a claim store, skipped (array)
[07:05:04]   devstats-cfl-1968: not a claim store, skipped (array)
[07:05:04]   devstats-cfl-1969: not a claim store, skipped (array)
[07:05:04]   devstats-cfl-1970: not a claim store, skipped (array)
[07:05:04]   devstats-cfl-1971: not a claim store, skipped (array)
[07:05:04]   devstats-cfl-1972: not a claim store, skipped (array)
[07:05:04]   devstats-cfl-1973: not a claim store, skipped (array)
[07:05:04]   devstats-cfl-1974: not a claim store, skipped (array)
[07:05:04]   devstats-cfl-1975: not a claim store, skipped (array)
[07:05:04]   devstats-cfl-1976: not a claim store, skipped (array)
[07:05:04]   devstats-cfl-1977: not a claim store, skipped (array)
[07:05:04]   devstats-cfl-1978: not a claim store, skipped (array)
[07:05:04]   devstats-cfl-1979: not a claim store, skipped (array)
[07:05:04]   devstats-cfl-1980: not a claim store, skipped (array)
[07:05:04]   devstats-cfl-1981: not a claim store, skipped (array)
[07:05:04]   devstats-cfl-1982: not a claim store, skipped (array)
[07:05:04]   devstats-cfl-1983: not a claim store, skipped (array)
[07:05:04]   devstats-cfl-1984: not a claim store, skipped (array)
[07:05:04]   devstats-cfl-1985: not a claim store, skipped (array)
[07:05:04]   devstats-cfl-1986: not a claim store, skipped (array)
[07:05:04]   devstats-cfl-1987: not a claim store, skipped (array)
[07:05:04]   devstats-cfl-1988: not a claim store, skipped (array)
[07:05:04]   devstats-cfl-1989: not a claim store, skipped (array)
[07:05:04]   devstats-cfl-1990: not a claim store, skipped (array)
[07:05:04]   devstats-cfl-1991: not a claim store, skipped (array)
[07:05:04]   devstats-cfl-1992: not a claim store, skipped (array)
[07:05:04]   devstats-cfl-1993: not a claim store, skipped (array)
[07:05:04]   devstats-cfl-1994: not a claim store, skipped (array)
[07:05:04]   devstats-cfl-1995: not a claim store, skipped (array)
[07:05:04]   devstats-cfl-1996: not a claim store, skipped (array)
[07:05:04]   devstats-cfl-1997: not a claim store, skipped (array)
[07:05:04]   devstats-cfl-1998: not a claim store, skipped (array)
[07:05:04]   devstats-cfl-1999: not a claim store, skipped (array)
[07:05:04]   devstats-cfl-2000: not a claim store, skipped (array)
[07:05:04]   devstats-cfl-2001: not a claim store, skipped (array)
[07:05:04]   devstats-cfl-2002: not a claim store, skipped (array)
[07:05:04]   devstats-cfl-2003: not a claim store, skipped (array)
[07:05:04]   devstats-cfl-2004: not a claim store, skipped (array)
[07:05:04]   devstats-cfl-2005: not a claim store, skipped (array)
[07:05:04]   devstats-cfl-2006: not a claim store, skipped (array)
[07:05:04]   devstats-cfl-2007: not a claim store, skipped (array)
[07:05:04]   devstats-cfl-2008: not a claim store, skipped (array)
[07:05:04]   devstats-cfl-2009: not a claim store, skipped (array)
[07:05:04]   devstats-cfl-2010: not a claim store, skipped (array)
[07:05:04]   devstats-cfl-2011: not a claim store, skipped (array)
[07:05:04]   devstats-cfl-2012: not a claim store, skipped (array)
[07:05:04]   devstats-cfl-2013: not a claim store, skipped (array)
[07:05:04]   devstats-cfl-2014: not a claim store, skipped (array)
[07:05:04]   devstats-cfl-2015: not a claim store, skipped (array)
[07:05:04]   devstats-cfl-2016: not a claim store, skipped (array)
[07:05:04]   devstats-cfl-2017: not a claim store, skipped (array)
[07:05:04]   devstats-cfl-2018: not a claim store, skipped (array)
[07:05:04]   devstats-cfl-2019: not a claim store, skipped (array)
[07:05:04]   devstats-cfl-2021: not a claim store, skipped (array)
[07:05:04]   devstats-cfl-2022: not a claim store, skipped (array)
[07:05:04]   devstats-cfl-2023: not a claim store, skipped (array)
[07:05:04]   devstats-cfl-2024: not a claim store, skipped (array)
[07:05:04]   devstats-cfl-2025: not a claim store, skipped (array)
[07:05:04]   devstats-nfl-1922: not a claim store, skipped (array)
[07:05:04]   devstats-nfl-1923: not a claim store, skipped (array)
[07:05:04]   devstats-nfl-1924: not a claim store, skipped (array)
[07:05:04]   devstats-nfl-1925: not a claim store, skipped (array)
[07:05:04]   devstats-nfl-1926: not a claim store, skipped (array)
[07:05:04]   devstats-nfl-1927: not a claim store, skipped (array)
[07:05:04]   devstats-nfl-1928: not a claim store, skipped (array)
[07:05:04]   devstats-nfl-1929: not a claim store, skipped (array)
[07:05:04]   devstats-nfl-1930: not a claim store, skipped (array)
[07:05:04]   devstats-nfl-1931: not a claim store, skipped (array)
[07:05:04]   devstats-nfl-1932: not a claim store, skipped (array)
[07:05:04]   devstats-nfl-1933: not a claim store, skipped (array)
[07:05:04]   devstats-nfl-1934: not a claim store, skipped (array)
[07:05:04]   devstats-nfl-1935: not a claim store, skipped (array)
[07:05:04]   devstats-nfl-1936: not a claim store, skipped (array)
[07:05:04]   devstats-nfl-1937: not a claim store, skipped (array)
[07:05:04]   devstats-nfl-1938: not a claim store, skipped (array)
[07:05:04]   devstats-nfl-1939: not a claim store, skipped (array)
[07:05:04]   devstats-nfl-1940: not a claim store, skipped (array)
[07:05:04]   devstats-nfl-1941: not a claim store, skipped (array)
[07:05:04]   devstats-nfl-1942: not a claim store, skipped (array)
[07:05:04]   devstats-nfl-1943: not a claim store, skipped (array)
[07:05:04]   devstats-nfl-1944: not a claim store, skipped (array)
[07:05:04]   devstats-nfl-1945: not a claim store, skipped (array)
[07:05:04]   devstats-nfl-1946: not a claim store, skipped (array)
[07:05:04]   devstats-nfl-1947: not a claim store, skipped (array)
[07:05:04]   devstats-nfl-1948: not a claim store, skipped (array)
[07:05:04]   devstats-nfl-1949: not a claim store, skipped (array)
[07:05:04]   devstats-nfl-1950: not a claim store, skipped (array)
[07:05:04]   devstats-nfl-1951: not a claim store, skipped (array)
[07:05:04]   devstats-nfl-1952: not a claim store, skipped (array)
[07:05:04]   devstats-nfl-1953: not a claim store, skipped (array)
[07:05:04]   devstats-nfl-1954: not a claim store, skipped (array)
[07:05:04]   devstats-nfl-1955: not a claim store, skipped (array)
[07:05:04]   devstats-nfl-1956: not a claim store, skipped (array)
[07:05:04]   devstats-nfl-1957: not a claim store, skipped (array)
[07:05:04]   devstats-nfl-1958: not a claim store, skipped (array)
[07:05:04]   devstats-nfl-1959: not a claim store, skipped (array)
[07:05:04]   devstats-nfl-1960: not a claim store, skipped (array)
[07:05:04]   devstats-nfl-1961: not a claim store, skipped (array)
[07:05:04]   devstats-nfl-1962: not a claim store, skipped (array)
[07:05:04]   devstats-nfl-1963: not a claim store, skipped (array)
[07:05:04]   devstats-nfl-1964: not a claim store, skipped (array)
[07:05:04]   devstats-nfl-1965: not a claim store, skipped (array)
[07:05:04]   devstats-nfl-1966: not a claim store, skipped (array)
[07:05:04]   devstats-nfl-1967: not a claim store, skipped (array)
[07:05:04]   devstats-nfl-1968: not a claim store, skipped (array)
[07:05:04]   devstats-nfl-1969: not a claim store, skipped (array)
[07:05:04]   devstats-nfl-1970: not a claim store, skipped (array)
[07:05:04]   devstats-nfl-1971: not a claim store, skipped (array)
[07:05:04]   devstats-nfl-1972: not a claim store, skipped (array)
[07:05:04]   devstats-nfl-1973: not a claim store, skipped (array)
[07:05:04]   devstats-nfl-1974: not a claim store, skipped (array)
[07:05:04]   devstats-nfl-1975: not a claim store, skipped (array)
[07:05:04]   devstats-nfl-1976: not a claim store, skipped (array)
[07:05:04]   devstats-nfl-1977: not a claim store, skipped (array)
[07:05:04]   devstats-nfl-1978: not a claim store, skipped (array)
[07:05:04]   devstats-nfl-1979: not a claim store, skipped (array)
[07:05:04]   devstats-nfl-1980: not a claim store, skipped (array)
[07:05:04]   devstats-nfl-1981: not a claim store, skipped (array)
[07:05:04]   devstats-nfl-1982: not a claim store, skipped (array)
[07:05:04]   devstats-nfl-1983: not a claim store, skipped (array)
[07:05:04]   devstats-nfl-1984: not a claim store, skipped (array)
[07:05:04]   devstats-nfl-1985: not a claim store, skipped (array)
[07:05:04]   devstats-nfl-1986: not a claim store, skipped (array)
[07:05:04]   devstats-nfl-1987: not a claim store, skipped (array)
[07:05:04]   devstats-nfl-1988: not a claim store, skipped (array)
[07:05:04]   devstats-nfl-1989: not a claim store, skipped (array)
[07:05:04]   devstats-nfl-1990: not a claim store, skipped (array)
[07:05:04]   devstats-nfl-1991: not a claim store, skipped (array)
[07:05:04]   devstats-nfl-1992: not a claim store, skipped (array)
[07:05:04]   devstats-nfl-1993: not a claim store, skipped (array)
[07:05:04]   devstats-nfl-1994: not a claim store, skipped (array)
[07:05:04]   devstats-nfl-1995: not a claim store, skipped (array)
[07:05:04]   devstats-nfl-1996: not a claim store, skipped (array)
[07:05:04]   devstats-nfl-1997: not a claim store, skipped (array)
[07:05:04]   devstats-nfl-1998: not a claim store, skipped (array)
[07:05:04]   devstats-nfl-1999: not a claim store, skipped (array)
[07:05:04]   devstats-nfl-2000: not a claim store, skipped (array)
[07:05:04]   devstats-nfl-2001: not a claim store, skipped (array)
[07:05:04]   devstats-nfl-2002: not a claim store, skipped (array)
[07:05:04]   devstats-nfl-2003: not a claim store, skipped (array)
[07:05:04]   devstats-nfl-2004: not a claim store, skipped (array)
[07:05:04]   devstats-nfl-2005: not a claim store, skipped (array)
[07:05:04]   devstats-nfl-2006: not a claim store, skipped (array)
[07:05:04]   devstats-nfl-2007: not a claim store, skipped (array)
[07:05:04]   devstats-nfl-2008: not a claim store, skipped (array)
[07:05:04]   devstats-nfl-2009: not a claim store, skipped (array)
[07:05:04]   devstats-nfl-2010: not a claim store, skipped (array)
[07:05:04]   devstats-nfl-2011: not a claim store, skipped (array)
[07:05:04]   devstats-nfl-2012: not a claim store, skipped (array)
[07:05:04]   devstats-nfl-2013: not a claim store, skipped (array)
[07:05:04]   devstats-nfl-2014: not a claim store, skipped (array)
[07:05:04]   devstats-nfl-2015: not a claim store, skipped (array)
[07:05:04]   devstats-nfl-2016: not a claim store, skipped (array)
[07:05:04]   devstats-nfl-2017: not a claim store, skipped (array)
[07:05:04]   devstats-nfl-2018: not a claim store, skipped (array)
[07:05:04]   devstats-nfl-2019: not a claim store, skipped (array)
[07:05:04]   devstats-nfl-2020: not a claim store, skipped (array)
[07:05:04]   devstats-nfl-2021: not a claim store, skipped (array)
[07:05:04]   devstats-nfl-2022: not a claim store, skipped (array)
[07:05:04]   devstats-nfl-2023: not a claim store, skipped (array)
[07:05:04]   devstats-nfl-2024: not a claim store, skipped (array)
[07:05:04]   devstats-ufl-2009: not a claim store, skipped (array)
[07:05:04]   devstats-ufl-2010: not a claim store, skipped (array)
[07:05:04]   devstats-ufl-2011: not a claim store, skipped (array)
[07:05:04]   devstats-ufl-2012: not a claim store, skipped (array)
[07:05:04]   devstats-ufl2-2024: not a claim store, skipped (array)
[07:05:04]   devstats-usfl-1983: not a claim store, skipped (array)
[07:05:04]   devstats-usfl-1984: not a claim store, skipped (array)
[07:05:04]   devstats-usfl-1985: not a claim store, skipped (array)
[07:05:04]   devstats-usfl2-2022: not a claim store, skipped (array)
[07:05:04]   devstats-usfl2-2023: not a claim store, skipped (array)
[07:05:04]   devstats-wfl-1974: not a claim store, skipped (array)
[07:05:04]   devstats-wfl-1975: not a claim store, skipped (array)
[07:05:04]   devstats-wlaf-1991: not a claim store, skipped (array)
[07:05:04]   devstats-wlaf-1992: not a claim store, skipped (array)
[07:05:04]   devstats-xfl-2001: not a claim store, skipped (array)
[07:05:04]   devstats-xfl-2020: not a claim store, skipped (array)
[07:05:04]   devstats-xfl-2023: not a claim store, skipped (array)
[07:05:04]   football-hunting-ind                        54 claims   total     409,524       4s
[07:05:04]   football-hunting                           273 claims   total     409,797       4s
[07:05:04]   frankford-book-ind                         257 claims   total     410,054       4s
[07:05:04]   frankford-book                             397 claims   total     410,451       4s
[07:05:04]   ghosts-lineups                             168 claims   total     410,619       4s
[07:05:04]   ghosts-structured                           49 claims   total     410,668       4s
[07:05:04]   ghostsofthegridiron-afl                     23 claims   total     410,691       4s
[07:05:04]   ghostsofthegridiron-ind                     45 claims   total     410,736       4s
[07:05:04]   ghostsofthegridiron                        615 claims   total     411,351       4s
[07:05:04]   guide-lad-1948                             290 claims   total     411,641       4s
[07:05:04]   guide-pre1950-delimited: not a claim store, skipped (object with no top-level claims list)
[07:05:05]   guide-prose-corpus-leads: not a claim store, skipped (object with no top-level claims list)
[07:05:06]   guide-prose-corpus                      57,276 claims   total     468,917       5s
[07:05:06]   guide-prose                              1,404 claims   total     470,321       5s
[07:05:06]   hearing-1957                                76 claims   total     470,397       5s
[07:05:06]   neft-early-years-1978-1920s              9,042 claims   total     479,439       6s
[07:05:06]   neft-early-years-1978-1930s              9,277 claims   total     488,716       6s
[07:05:06]   neft-early-years-1978                        1 claims   total     488,717       6s
[07:05:06]   nfl-1922                                 3,228 claims   total     491,945       6s
[07:05:06]   nfl-1923                                 3,239 claims   total     495,184       6s
[07:05:06]   nfl-1924                                 3,027 claims   total     498,211       6s
[07:05:06]   nfl-1925                                 3,738 claims   total     501,949       6s
[07:05:06]   nfl-1926                                 4,280 claims   total     506,229       6s
[07:05:06]   nfl-1927                                 2,400 claims   total     508,629       6s
[07:05:06]   nfl-1928                                 1,784 claims   total     510,413       6s
[07:05:06]   nfl-1929                                 2,245 claims   total     512,658       6s
[07:05:06]   nfl-1930                                 2,760 claims   total     515,418       6s
[07:05:06]   nfl-1931                                 2,298 claims   total     517,716       6s
[07:05:06]   nfl-1932                                 1,904 claims   total     519,620       6s
[07:05:06]   nfl-1933                                 2,360 claims   total     521,980       6s
[07:05:06]   nfl-1934-cincinnati                         36 claims   total     522,016       6s
[07:05:06]   nfl-1934                                 2,456 claims   total     524,472       6s
[07:05:06]   nfl-1935                                 2,232 claims   total     526,704       6s
[07:05:06]   nfl-1936                                 2,080 claims   total     528,784       6s
[07:05:06]   nfl-1937                                 2,440 claims   total     531,224       6s
[07:05:06]   nfl-1938                                 2,648 claims   total     533,872       6s
[07:05:06]   nfl-1939                                 2,832 claims   total     536,704       6s
[07:05:06]   nfl-1940                                 2,808 claims   total     539,512       6s
[07:05:06]   nfl-1941                                 2,856 claims   total     542,368       6s
[07:05:06]   nfl-1942                                 2,792 claims   total     545,160       6s
[07:05:06]   nfl-1943                                 1,968 claims   total     547,128       6s
[07:05:06]   nfl-1944                                 2,528 claims   total     549,656       6s
[07:05:06]   nfl-1945                                 3,440 claims   total     553,096       6s
[07:05:06]   nfl-1946                                 2,824 claims   total     555,920       6s
[07:05:06]   nfl-1947                                 2,992 claims   total     558,912       6s
[07:05:06]   nfl-1948                                 3,032 claims   total     561,944       6s
[07:05:06]   nfl-1949                                 2,808 claims   total     564,752       6s
[07:05:06]   nfl-1950                                 3,680 claims   total     568,432       6s
[07:05:06]   nfl-1951                                 3,432 claims   total     571,864       6s
[07:05:06]   nfl-1952                                 3,608 claims   total     575,472       6s
[07:05:06]   nfl-1953                                 3,520 claims   total     578,992       6s
[07:05:07]   nfl-1954                                 3,552 claims   total     582,544       6s
[07:05:07]   nfl-1955                                 3,624 claims   total     586,168       6s
[07:05:07]   nfl-1956                                 3,736 claims   total     589,904       6s
[07:05:07]   nfl-1957                                 3,568 claims   total     593,472       6s
[07:05:07]   nfl-1958                                 3,640 claims   total     597,112       6s
[07:05:07]   nfl-1959                                 3,672 claims   total     600,784       7s
[07:05:07]   nfl-1960                                 4,120 claims   total     604,904       7s
[07:05:07]   nfl-1961                                 4,504 claims   total     609,408       7s
[07:05:07]   nfl-1962                                 4,424 claims   total     613,832       7s
[07:05:07]   nfl-1963                                 4,624 claims   total     618,456       7s
[07:05:07]   nfl-1964                                 4,680 claims   total     623,136       7s
[07:05:07]   nfl-1965                                 4,936 claims   total     628,072       7s
[07:05:07]   nfl-1966                                 5,472 claims   total     633,544       7s
[07:05:07]   nfl-1967                                 6,008 claims   total     639,552       7s
[07:05:07]   nfl-1968                                 5,920 claims   total     645,472       7s
[07:05:07]   nfl-1969                                 6,000 claims   total     651,472       7s
[07:05:07]   nfl-1970                                 9,776 claims   total     661,248       7s
[07:05:07]   nfl-1971                                 9,824 claims   total     671,072       7s
[07:05:07]   nfl-1972                                10,016 claims   total     681,088       7s
[07:05:07]   nfl-1973                                10,152 claims   total     691,240       7s
[07:05:07]   nfl-1974                                10,680 claims   total     701,920       7s
[07:05:07]   nfl-1975                                 9,936 claims   total     711,856       7s
[07:05:07]   nfl-1976                                11,048 claims   total     722,904       7s
[07:05:08]   nfl-1977                                11,000 claims   total     733,904       7s
[07:05:08]   nfl-1978                                11,512 claims   total     745,416       8s
[07:05:08]   nfl-1979                                11,504 claims   total     756,920       8s
[07:05:08]   nfl-1980                                11,880 claims   total     768,800       8s
[07:05:08]   nfl-1981                                11,616 claims   total     780,416       8s
[07:05:08]   nfl-1982                                11,720 claims   total     792,136       8s
[07:05:08]   nfl-1983                                12,424 claims   total     804,560       8s
[07:05:08]   nfl-1984                                12,824 claims   total     817,384       8s
[07:05:08]   nfl-1985                                12,064 claims   total     829,448       8s
[07:05:08]   nfl-1986                                12,328 claims   total     841,776       8s
[07:05:09]   nfl-1987                                22,720 claims   total     864,496       8s
[07:05:09]   nfl-1988                                12,632 claims   total     877,128       9s
[07:05:09]   nfl-1989                                12,608 claims   total     889,736       9s
[07:05:09]   nfl-1990                                12,368 claims   total     902,104       9s
[07:05:09]   nfl-1991                                12,512 claims   total     914,616       9s
[07:05:09]   nfl-1992                                12,720 claims   total     927,336       9s
[07:05:09]   nfl-1993                                12,960 claims   total     940,296       9s
[07:05:09]   nfl-1994                                12,488 claims   total     952,784       9s
[07:05:09]   nfl-1995                                13,688 claims   total     966,472       9s
[07:05:09]   nfl-1996                                13,776 claims   total     980,248       9s
[07:05:10]   nfl-1997                                13,864 claims   total     994,112      10s
[07:05:10]   nfl-1998                                13,928 claims   total   1,008,040      10s
[07:05:10]   nfl-1999                                14,448 claims   total   1,022,488      10s
[07:05:10]   nfl-2000                                14,240 claims   total   1,036,728      10s
[07:05:10]   nfl-2001                                14,240 claims   total   1,050,968      10s
[07:05:10]   nfl-2002                                15,016 claims   total   1,065,984      10s
[07:05:10]   nfl-2003                                14,968 claims   total   1,080,952      10s
[07:05:10]   nfl-2004                                15,432 claims   total   1,096,384      10s
[07:05:11]   nfl-2005                                15,336 claims   total   1,111,720      10s
[07:05:11]   nfl-2006                                15,288 claims   total   1,127,008      11s
[07:05:11]   nfl-2007                                15,568 claims   total   1,142,576      11s
[07:05:11]   nfl-2008                                15,376 claims   total   1,157,952      11s
[07:05:11]   nfl-2009                                15,640 claims   total   1,173,592      11s
[07:05:11]   nfl-2010                                16,104 claims   total   1,189,696      11s
[07:05:11]   nfl-2011                                15,768 claims   total   1,205,464      11s
[07:05:12]   nfl-2012                                15,840 claims   total   1,221,304      11s
[07:05:12]   nfl-2013                                17,200 claims   total   1,238,504      12s
[07:05:12]   nfl-2014                                17,144 claims   total   1,255,648      12s
[07:05:12]   nfl-2015                                15,896 claims   total   1,271,544      12s
[07:05:12]   nfl-2016                                17,664 claims   total   1,289,208      12s
[07:05:12]   nfl-2017                                16,696 claims   total   1,305,904      12s
[07:05:12]   nfl-2018                                16,880 claims   total   1,322,784      12s
[07:05:12]   nfl-2019                                17,032 claims   total   1,339,816      12s
[07:05:12]   nfl-2020-lvr                                86 claims   total   1,339,902      12s
[07:05:13]   nfl-2020                                17,528 claims   total   1,357,430      13s
[07:05:13]   nfl-2021                                18,767 claims   total   1,376,197      13s
[07:05:13]   nfl-2022                                17,192 claims   total   1,393,389      13s
[07:05:13]   nfl-2023                                16,736 claims   total   1,410,125      13s
[07:05:13]   nfl-2024                                17,272 claims   total   1,427,397      13s
[07:05:13]   nflverse-draft                          11,682 claims   total   1,439,079      13s
[07:05:15]   nflverse-membership                    128,359 claims   total   1,567,438      15s
[07:05:17]   nflverse-rosters                       158,835 claims   total   1,726,273      17s
[07:05:17]   nickname-register                            9 claims   total   1,726,282      17s
[07:05:17]   officials-applied: not a claim store, skipped (object with no top-level claims list)
[07:05:17]   person-merge-proposals: not a claim store, skipped (object with no top-level claims list)
[07:05:17]   person-merges: not a claim store, skipped (object with no top-level claims list)
[07:05:24]   pfa-1950on                             739,596 claims   total   2,465,878      24s
[07:05:24]   pfa-awards                              11,114 claims   total   2,476,992      24s
[07:05:24]   pfa-boxscore-leads                           0 claims   total   2,476,992      24s
[07:05:24]   pfa-boxscore-membership                 11,776 claims   total   2,488,768      24s
[07:05:38]   pfa-boxscores                          930,928 claims   total   3,419,696      38s
[07:05:39]   pfa-club-rosters                       102,872 claims   total   3,522,568      39s
[07:05:40]   pfa-coaches                             28,991 claims   total   3,551,559      39s
[07:05:40]   pfa-drafts                              70,192 claims   total   3,621,751      40s
[07:05:40]   pfa-gamelogs-1920s                       4,790 claims   total   3,626,541      40s
[07:05:40]   pfa-gamelogs-1930s                      12,451 claims   total   3,638,992      40s
[07:05:41]   pfa-gamelogs-1940s                      33,287 claims   total   3,672,279      41s
[07:05:41]   pfa-gamelogs-1950s                      30,526 claims   total   3,702,805      41s
[07:05:42]   pfa-gamelogs-1960s                      66,328 claims   total   3,769,133      42s
[07:05:43]   pfa-gamelogs-1970s                      82,336 claims   total   3,851,469      43s
[07:05:44]   pfa-gamelogs-1980s                      98,606 claims   total   3,950,075      44s
[07:05:46]   pfa-gamelogs-1990s                     118,048 claims   total   4,068,123      46s
[07:05:49]   pfa-gamelogs-2000s                     221,409 claims   total   4,289,532      48s
[07:05:52]   pfa-gamelogs-2010s                     221,821 claims   total   4,511,353      52s
[07:05:54]   pfa-gamelogs-2020s                     135,581 claims   total   4,646,934      54s
[07:05:54]   pfa-match: not a claim store, skipped (object with no top-level claims list)
[07:05:54]   pfa-officials                           10,316 claims   total   4,657,250      54s
[07:05:54]   pfa-postseason-1930s                       913 claims   total   4,658,163      54s
[07:05:54]   pfa-postseason-1940s                     2,432 claims   total   4,660,595      54s
[07:05:54]   pfa-postseason-1950s                     1,913 claims   total   4,662,508      54s
[07:05:54]   pfa-postseason-1960s                     4,295 claims   total   4,666,803      54s
[07:05:54]   pfa-postseason-1970s                     8,352 claims   total   4,675,155      54s
[07:05:54]   pfa-postseason-1980s                    11,443 claims   total   4,686,598      54s
[07:05:54]   pfa-postseason-1990s                    13,939 claims   total   4,700,537      54s
[07:05:55]   pfa-postseason-2000s                    21,685 claims   total   4,722,222      54s
[07:05:55]   pfa-postseason-2010s                    25,506 claims   total   4,747,728      55s
[07:05:55]   pfa-postseason-2020s                    18,209 claims   total   4,765,937      55s
[07:05:56]   pfa-pre1950                             75,072 claims   total   4,841,009      56s
[07:05:56]   pfa-stage3                              32,683 claims   total   4,873,692      56s
[07:05:56]   pfa-stats-1920s                          9,568 claims   total   4,883,260      56s
[07:05:56]   pfa-stats-1930s                         23,039 claims   total   4,906,299      56s
[07:05:57]   pfa-stats-1940s                         71,060 claims   total   4,977,359      57s
[07:05:58]   pfa-stats-1950s                        104,890 claims   total   5,082,249      58s
[07:06:00]   pfa-stats-1960s                        175,863 claims   total   5,258,112      60s
[07:06:02]   pfa-stats-1970s                        210,493 claims   total   5,468,605      62s
[07:06:05]   pfa-stats-1980s                        261,316 claims   total   5,729,921      65s
[07:06:09]   pfa-stats-1990s                        338,516 claims   total   6,068,437      69s
[07:06:15]   pfa-stats-2000s                        577,042 claims   total   6,645,479      75s
[07:06:21]   pfa-stats-2010s                        602,699 claims   total   7,248,178      81s
[07:06:25]   pfa-stats-2020s                        314,449 claims   total   7,562,627      85s
[07:06:29]   pfa-transaction-membership             346,795 claims   total   7,909,422      89s
[07:06:30]   pfa-wlaf-1995                              363 claims   total   7,909,785      90s
[07:06:30]   pfr-drafts                              10,351 claims   total   7,920,136      90s
[07:06:30]   pfr-pages                                  116 claims   total   7,920,252      90s
[07:06:30]   pfra-annual-4-1983                         644 claims   total   7,920,896      90s
[07:06:30]   photos                                  28,060 claims   total   7,948,956      90s
[07:06:30]   player-promotions: not a claim store, skipped (object with no top-level claims list)
[07:06:30]   player-seasons-promoted                      0 claims   total   7,948,956      90s
[07:06:30]   programme-1926-chi-lat                      49 claims   total   7,949,005      90s
[07:06:30]   programme-1926-nyy-pcw                      29 claims   total   7,949,034      90s
[07:06:30]   promotion-names                          9,378 claims   total   7,958,412      90s
[07:06:30]   salaries                                   209 claims   total   7,958,621      90s
[07:06:30]   stats-aaf-2019                           4,520 claims   total   7,963,141      90s
[07:06:30]   stats-aafc-1946                          5,069 claims   total   7,968,210      90s
[07:06:30]   stats-aafc-1947                          4,292 claims   total   7,972,502      90s
[07:06:30]   stats-aafc-1948                          4,212 claims   total   7,976,714      90s
[07:06:30]   stats-aafc-1949                          3,331 claims   total   7,980,045      90s
[07:06:30]   stats-afl-1960                           4,099 claims   total   7,984,144      90s
[07:06:30]   stats-afl-1961                           4,053 claims   total   7,988,197      90s
[07:06:30]   stats-afl-1962                           3,756 claims   total   7,991,953      90s
[07:06:30]   stats-afl-1963                           3,657 claims   total   7,995,610      90s
[07:06:30]   stats-afl-1964                           3,715 claims   total   7,999,325      90s
[07:06:30]   stats-afl-1965                           3,543 claims   total   8,002,868      90s
[07:06:30]   stats-afl-1966                           4,216 claims   total   8,007,084      90s
[07:06:30]   stats-afl-1967                           4,847 claims   total   8,011,931      90s
[07:06:31]   stats-afl-1968                           5,653 claims   total   8,017,584      90s
[07:06:31]   stats-afl-1969                           5,168 claims   total   8,022,752      90s
[07:06:31]   stats-apfa-1920                             13 claims   total   8,022,765      90s
[07:06:31]   stats-apfa-1921                          1,489 claims   total   8,024,254      90s
[07:06:31]   stats-cfl-1945                             457 claims   total   8,024,711      90s
[07:06:31]   stats-cfl-1946                             841 claims   total   8,025,552      90s
[07:06:31]   stats-cfl-1947                             974 claims   total   8,026,526      90s
[07:06:31]   stats-cfl-1948                             986 claims   total   8,027,512      90s
[07:06:31]   stats-cfl-1949                           1,020 claims   total   8,028,532      90s
[07:06:31]   stats-cfl-1950                           2,200 claims   total   8,030,732      91s
[07:06:31]   stats-cfl-1951                           2,536 claims   total   8,033,268      91s
[07:06:31]   stats-cfl-1952                           3,234 claims   total   8,036,502      91s
[07:06:31]   stats-cfl-1953                           3,185 claims   total   8,039,687      91s
[07:06:31]   stats-cfl-1954                           4,867 claims   total   8,044,554      91s
[07:06:31]   stats-cfl-1955                           5,177 claims   total   8,049,731      91s
[07:06:31]   stats-cfl-1956                           5,229 claims   total   8,054,960      91s
[07:06:31]   stats-cfl-1957                           5,381 claims   total   8,060,341      91s
[07:06:31]   stats-cfl-1958                           5,022 claims   total   8,065,363      91s
[07:06:31]   stats-cfl-1959                           5,113 claims   total   8,070,476      91s
[07:06:31]   stats-cfl-1960                           4,919 claims   total   8,075,395      91s
[07:06:31]   stats-cfl-1961                           4,900 claims   total   8,080,295      91s
[07:06:31]   stats-cfl-1962                           4,430 claims   total   8,084,725      91s
[07:06:31]   stats-cfl-1963                           4,741 claims   total   8,089,466      91s
[07:06:31]   stats-cfl-1964                           4,537 claims   total   8,094,003      91s
[07:06:31]   stats-cfl-1965                           4,451 claims   total   8,098,454      91s
[07:06:31]   stats-cfl-1966                           4,034 claims   total   8,102,488      91s
[07:06:31]   stats-cfl-1967                           4,318 claims   total   8,106,806      91s
[07:06:31]   stats-cfl-1968                           4,098 claims   total   8,110,904      91s
[07:06:31]   stats-cfl-1969                           4,333 claims   total   8,115,237      91s
[07:06:31]   stats-cfl-1970                           4,526 claims   total   8,119,763      91s
[07:06:31]   stats-cfl-1971                           4,769 claims   total   8,124,532      91s
[07:06:31]   stats-cfl-1972                           4,364 claims   total   8,128,896      91s
[07:06:31]   stats-cfl-1973                           4,352 claims   total   8,133,248      91s
[07:06:31]   stats-cfl-1974                           4,128 claims   total   8,137,376      91s
[07:06:31]   stats-cfl-1975                           4,615 claims   total   8,141,991      91s
[07:06:31]   stats-cfl-1976                           4,474 claims   total   8,146,465      91s
[07:06:31]   stats-cfl-1977                           4,743 claims   total   8,151,208      91s
[07:06:31]   stats-cfl-1978                           4,688 claims   total   8,155,896      91s
[07:06:31]   stats-cfl-1979                           4,601 claims   total   8,160,497      91s
[07:06:31]   stats-cfl-1980                           4,748 claims   total   8,165,245      91s
[07:06:31]   stats-cfl-1981                           4,733 claims   total   8,169,978      91s
[07:06:32]   stats-cfl-1982                           5,113 claims   total   8,175,091      91s
[07:06:32]   stats-cfl-1983                           5,136 claims   total   8,180,227      91s
[07:06:32]   stats-cfl-1984                           5,363 claims   total   8,185,590      91s
[07:06:32]   stats-cfl-1985                           5,209 claims   total   8,190,799      91s
[07:06:32]   stats-cfl-1986                           6,053 claims   total   8,196,852      92s
[07:06:32]   stats-cfl-1987                           5,676 claims   total   8,202,528      92s
[07:06:32]   stats-cfl-1988                           5,634 claims   total   8,208,162      92s
[07:06:32]   stats-cfl-1989                           5,679 claims   total   8,213,841      92s
[07:06:32]   stats-cfl-1990                           5,993 claims   total   8,219,834      92s
[07:06:32]   stats-cfl-1991                           6,905 claims   total   8,226,739      92s
[07:06:32]   stats-cfl-1992                           6,588 claims   total   8,233,327      92s
[07:06:32]   stats-cfl-1993                           7,184 claims   total   8,240,511      92s
[07:06:32]   stats-cfl-1994                           9,681 claims   total   8,250,192      92s
[07:06:32]   stats-cfl-1995                          10,798 claims   total   8,260,990      92s
[07:06:32]   stats-cfl-1996                           6,926 claims   total   8,267,916      92s
[07:06:32]   stats-cfl-1997                           5,934 claims   total   8,273,850      92s
[07:06:32]   stats-cfl-1998                           5,970 claims   total   8,279,820      92s
[07:06:32]   stats-cfl-1999                           5,882 claims   total   8,285,702      92s
[07:06:32]   stats-cfl-2000                           5,983 claims   total   8,291,685      92s
[07:06:32]   stats-cfl-2001                           6,132 claims   total   8,297,817      92s
[07:06:32]   stats-cfl-2002                           7,051 claims   total   8,304,868      92s
[07:06:32]   stats-cfl-2003                           6,971 claims   total   8,311,839      92s
[07:06:32]   stats-cfl-2004                           6,870 claims   total   8,318,709      92s
[07:06:32]   stats-cfl-2005                           7,161 claims   total   8,325,870      92s
[07:06:33]   stats-cfl-2006                           6,151 claims   total   8,332,021      92s
[07:06:33]   stats-cfl-2007                           6,384 claims   total   8,338,405      92s
[07:06:33]   stats-cfl-2008                           6,525 claims   total   8,344,930      92s
[07:06:33]   stats-cfl-2009                           6,487 claims   total   8,351,417      93s
[07:06:33]   stats-cfl-2010                           6,712 claims   total   8,358,129      93s
[07:06:33]   stats-cfl-2011                           6,155 claims   total   8,364,284      93s
[07:06:33]   stats-cfl-2012                           6,272 claims   total   8,370,556      93s
[07:06:33]   stats-cfl-2013                           6,981 claims   total   8,377,537      93s
[07:06:33]   stats-cfl-2014                           7,447 claims   total   8,384,984      93s
[07:06:33]   stats-cfl-2015                          10,514 claims   total   8,395,498      93s
[07:06:33]   stats-cfl-2016                          10,988 claims   total   8,406,486      93s
[07:06:33]   stats-cfl-2017                           9,436 claims   total   8,415,922      93s
[07:06:33]   stats-cfl-2018                           9,101 claims   total   8,425,023      93s
[07:06:33]   stats-cfl-2019                           8,335 claims   total   8,433,358      93s
[07:06:33]   stats-cfl-2021                           6,810 claims   total   8,440,168      93s
[07:06:33]   stats-cfl-2022                           8,297 claims   total   8,448,465      93s
[07:06:33]   stats-cfl-2023                           7,391 claims   total   8,455,856      93s
[07:06:33]   stats-cfl-2024                           7,142 claims   total   8,462,998      93s
[07:06:34]   stats-cfl-2025                           7,305 claims   total   8,470,303      93s
[07:06:34]   stats-nfl-1922                           1,402 claims   total   8,471,705      93s
[07:06:34]   stats-nfl-1923                           1,520 claims   total   8,473,225      93s
[07:06:34]   stats-nfl-1924                           1,526 claims   total   8,474,751      93s
[07:06:34]   stats-nfl-1925                           1,732 claims   total   8,476,483      93s
[07:06:34]   stats-nfl-1926                           1,788 claims   total   8,478,271      93s
[07:06:34]   stats-nfl-1927                           1,228 claims   total   8,479,499      93s
[07:06:34]   stats-nfl-1928                           1,055 claims   total   8,480,554      93s
[07:06:34]   stats-nfl-1929                           1,153 claims   total   8,481,707      93s
[07:06:34]   stats-nfl-1930                           1,329 claims   total   8,483,036      94s
[07:06:34]   stats-nfl-1931                           1,165 claims   total   8,484,201      94s
[07:06:34]   stats-nfl-1932                           2,307 claims   total   8,486,508      94s
[07:06:34]   stats-nfl-1933                           3,058 claims   total   8,489,566      94s
[07:06:34]   stats-nfl-1934                           3,216 claims   total   8,492,782      94s
[07:06:34]   stats-nfl-1935                           3,053 claims   total   8,495,835      94s
[07:06:34]   stats-nfl-1936                           3,002 claims   total   8,498,837      94s
[07:06:34]   stats-nfl-1937                           3,379 claims   total   8,502,216      94s
[07:06:34]   stats-nfl-1938                           3,670 claims   total   8,505,886      94s
[07:06:34]   stats-nfl-1939                           3,900 claims   total   8,509,786      94s
[07:06:34]   stats-nfl-1940                           4,235 claims   total   8,514,021      94s
[07:06:34]   stats-nfl-1941                           5,549 claims   total   8,519,570      94s
[07:06:34]   stats-nfl-1942                           4,989 claims   total   8,524,559      94s
[07:06:34]   stats-nfl-1943                           3,683 claims   total   8,528,242      94s
[07:06:34]   stats-nfl-1944                           4,613 claims   total   8,532,855      94s
[07:06:34]   stats-nfl-1945                           5,920 claims   total   8,538,775      94s
[07:06:34]   stats-nfl-1946                           6,066 claims   total   8,544,841      94s
[07:06:34]   stats-nfl-1947                           6,374 claims   total   8,551,215      94s
[07:06:34]   stats-nfl-1948                           6,368 claims   total   8,557,583      94s
[07:06:34]   stats-nfl-1949                           5,689 claims   total   8,563,272      94s
[07:06:34]   stats-nfl-1950                           7,484 claims   total   8,570,756      94s
[07:06:34]   stats-nfl-1951                           6,340 claims   total   8,577,096      94s
[07:06:34]   stats-nfl-1952                           7,069 claims   total   8,584,165      94s
[07:06:34]   stats-nfl-1953                           6,477 claims   total   8,590,642      94s
[07:06:34]   stats-nfl-1954                           6,377 claims   total   8,597,019      94s
[07:06:34]   stats-nfl-1955                           6,074 claims   total   8,603,093      94s
[07:06:35]   stats-nfl-1956                           5,965 claims   total   8,609,058      94s
[07:06:35]   stats-nfl-1957                           6,097 claims   total   8,615,155      94s
[07:06:35]   stats-nfl-1958                           6,062 claims   total   8,621,217      94s
[07:06:35]   stats-nfl-1959                           5,884 claims   total   8,627,101      95s
[07:06:35]   stats-nfl-1960                           6,154 claims   total   8,633,255      95s
[07:06:35]   stats-nfl-1961                           7,010 claims   total   8,640,265      95s
[07:06:35]   stats-nfl-1962                           7,015 claims   total   8,647,280      95s
[07:06:35]   stats-nfl-1963                           7,205 claims   total   8,654,485      95s
[07:06:35]   stats-nfl-1964                           7,391 claims   total   8,661,876      95s
[07:06:35]   stats-nfl-1965                           7,547 claims   total   8,669,423      95s
[07:06:35]   stats-nfl-1966                           8,040 claims   total   8,677,463      95s
[07:06:35]   stats-nfl-1967                           8,504 claims   total   8,685,967      95s
[07:06:35]   stats-nfl-1968                           8,271 claims   total   8,694,238      95s
[07:06:35]   stats-nfl-1969                           8,336 claims   total   8,702,574      95s
[07:06:35]   stats-nfl-1970                          13,581 claims   total   8,716,155      95s
[07:06:35]   stats-nfl-1971                          13,706 claims   total   8,729,861      95s
[07:06:35]   stats-nfl-1972                          13,545 claims   total   8,743,406      95s
[07:06:35]   stats-nfl-1973                          13,669 claims   total   8,757,075      95s
[07:06:36]   stats-nfl-1974                          14,278 claims   total   8,771,353      95s
[07:06:36]   stats-nfl-1975                          14,118 claims   total   8,785,471      96s
[07:06:36]   stats-nfl-1976                          15,270 claims   total   8,800,741      96s
[07:06:36]   stats-nfl-1977                          14,870 claims   total   8,815,611      96s
[07:06:36]   stats-nfl-1978                          15,839 claims   total   8,831,450      96s
[07:06:36]   stats-nfl-1979                          16,014 claims   total   8,847,464      96s
[07:06:36]   stats-nfl-1980                          15,553 claims   total   8,863,017      96s
[07:06:36]   stats-nfl-1981                          16,111 claims   total   8,879,128      96s
[07:06:37]   stats-nfl-1982                          13,120 claims   total   8,892,248      96s
[07:06:37]   stats-nfl-1983                          17,037 claims   total   8,909,285      97s
[07:06:37]   stats-nfl-1984                          16,658 claims   total   8,925,943      97s
[07:06:37]   stats-nfl-1985                          16,059 claims   total   8,942,002      97s
[07:06:37]   stats-nfl-1986                          16,707 claims   total   8,958,709      97s
[07:06:37]   stats-nfl-1987                          22,924 claims   total   8,981,633      97s
[07:06:37]   stats-nfl-1988                          16,677 claims   total   8,998,310      97s
[07:06:37]   stats-nfl-1989                          17,470 claims   total   9,015,780      97s
[07:06:38]   stats-nfl-1990                          16,563 claims   total   9,032,343      97s
[07:06:38]   stats-nfl-1991                          16,955 claims   total   9,049,298      98s
[07:06:38]   stats-nfl-1992                          17,133 claims   total   9,066,431      98s
[07:06:38]   stats-nfl-1993                          17,631 claims   total   9,084,062      98s
[07:06:38]   stats-nfl-1994                          17,780 claims   total   9,101,842      98s
[07:06:38]   stats-nfl-1995                          19,490 claims   total   9,121,332      98s
[07:06:38]   stats-nfl-1996                          19,183 claims   total   9,140,515      98s
[07:06:39]   stats-nfl-1997                          19,612 claims   total   9,160,127      98s
[07:06:39]   stats-nfl-1998                          19,607 claims   total   9,179,734      99s
[07:06:39]   stats-nfl-1999                          20,688 claims   total   9,200,422      99s
[07:06:39]   stats-nfl-2000                          20,325 claims   total   9,220,747      99s
[07:06:39]   stats-nfl-2001                          20,848 claims   total   9,241,595      99s
[07:06:39]   stats-nfl-2002                          20,811 claims   total   9,262,406      99s
[07:06:39]   stats-nfl-2003                          21,873 claims   total   9,284,279      99s
[07:06:40]   stats-nfl-2004                          22,341 claims   total   9,306,620     100s
[07:06:40]   stats-nfl-2005                          21,666 claims   total   9,328,286     100s
[07:06:40]   stats-nfl-2006                          21,211 claims   total   9,349,497     100s
[07:06:40]   stats-nfl-2007                          21,939 claims   total   9,371,436     100s
[07:06:40]   stats-nfl-2008                          23,130 claims   total   9,394,566     100s
[07:06:41]   stats-nfl-2009                          23,440 claims   total   9,418,006     100s
[07:06:41]   stats-nfl-2010                          23,879 claims   total   9,441,885     101s
[07:06:41]   stats-nfl-2011                          23,095 claims   total   9,464,980     101s
[07:06:41]   stats-nfl-2012                          21,438 claims   total   9,486,418     101s
[07:06:41]   stats-nfl-2013                          22,733 claims   total   9,509,151     101s
[07:06:41]   stats-nfl-2014                          23,734 claims   total   9,532,885     101s
[07:06:42]   stats-nfl-2015                          21,973 claims   total   9,554,858     102s
[07:06:42]   stats-nfl-2016                          21,433 claims   total   9,576,291     102s
[07:06:42]   stats-nfl-2017                          21,524 claims   total   9,597,815     102s
[07:06:42]   stats-nfl-2018                          26,162 claims   total   9,623,977     102s
[07:06:42]   stats-nfl-2019                          25,740 claims   total   9,649,717     102s
[07:06:43]   stats-nfl-2020                          25,810 claims   total   9,675,527     103s
[07:06:43]   stats-nfl-2021                          28,884 claims   total   9,704,411     103s
[07:06:43]   stats-nfl-2022                          25,433 claims   total   9,729,844     103s
[07:06:44]   stats-nfl-2023                          24,730 claims   total   9,754,574     103s
[07:06:44]   stats-nfl-2024                          24,692 claims   total   9,779,266     104s
[07:06:44]   stats-ufl-2009                           2,683 claims   total   9,781,949     104s
[07:06:44]   stats-ufl-2010                           3,701 claims   total   9,785,650     104s
[07:06:44]   stats-ufl-2011                           1,860 claims   total   9,787,510     104s
[07:06:44]   stats-ufl-2012                           1,869 claims   total   9,789,379     104s
[07:06:44]   stats-ufl2-2024                          4,257 claims   total   9,793,636     104s
[07:06:44]   stats-usfl-1983                          6,873 claims   total   9,800,509     104s
[07:06:44]   stats-usfl-1984                          9,935 claims   total   9,810,444     104s
[07:06:44]   stats-usfl-1985                          7,364 claims   total   9,817,808     104s
[07:06:44]   stats-usfl2-2022                         4,732 claims   total   9,822,540     104s
[07:06:44]   stats-usfl2-2023                         4,021 claims   total   9,826,561     104s
[07:06:44]   stats-wfl-1974                           7,835 claims   total   9,834,396     104s
[07:06:44]   stats-wfl-1975                           5,071 claims   total   9,839,467     104s
[07:06:44]   stats-wlaf-1991                          3,691 claims   total   9,843,158     104s
[07:06:44]   stats-wlaf-1992                          3,500 claims   total   9,846,658     104s
[07:06:44]   stats-xfl-2001                           4,469 claims   total   9,851,127     104s
[07:06:44]   stats-xfl-2020                           3,273 claims   total   9,854,400     104s
[07:06:44]   stats-xfl-2023                           4,724 claims   total   9,859,124     104s
[07:06:44]   troan-experience                            20 claims   total   9,859,144     104s
[07:06:44]   ufl-2009                                 2,048 claims   total   9,861,192     104s
[07:06:44]   ufl-2010                                 2,840 claims   total   9,864,032     104s
[07:06:44]   ufl-2011                                 2,200 claims   total   9,866,232     104s
[07:06:44]   ufl-2012                                 1,796 claims   total   9,868,028     104s
[07:06:44]   ufl2-2024                                4,024 claims   total   9,872,052     104s
[07:06:45]   usfl-1983                                6,720 claims   total   9,878,772     104s
[07:06:45]   usfl-1984                                9,832 claims   total   9,888,604     104s
[07:06:45]   usfl-1985                                6,927 claims   total   9,895,531     105s
[07:06:45]   usfl2-2022                               3,592 claims   total   9,899,123     105s
[07:06:45]   usfl2-2023                               4,464 claims   total   9,903,587     105s
[07:06:45]   wfl-1974                                 7,127 claims   total   9,910,714     105s
[07:06:45]   wfl-1975                                 4,740 claims   total   9,915,454     105s
[07:06:45]   wikipedia-photos-backfill                  432 claims   total   9,915,886     105s
[07:06:45]   wikipedia-photos-replacements            1,667 claims   total   9,917,553     105s
[07:06:45]   wikipedia-photos-sweep                   1,622 claims   total   9,919,175     105s
[07:06:45]   wikipedia-plunkett                           6 claims   total   9,919,181     105s
[07:06:45]   wikipedia-seasons-aaf                        0 claims   total   9,919,181     105s
[07:06:45]   wikipedia-seasons-arena                     31 claims   total   9,919,212     105s
[07:06:45]   wikipedia-seasons-cfl                      533 claims   total   9,919,745     105s
[07:06:45]   wikipedia-seasons-ufl                       34 claims   total   9,919,779     105s
[07:06:45]   wikipedia-seasons-usfl2                     16 claims   total   9,919,795     105s
[07:06:45]   wikipedia-seasons-wfl                        0 claims   total   9,919,795     105s
[07:06:45]   wikipedia-seasons-xfl                       16 claims   total   9,919,811     105s
[07:06:45]   wikipedia                               40,794 claims   total   9,960,605     105s
[07:06:45]   wip-drafts                               5,574 claims   total   9,966,179     105s
[07:06:45]   wlaf-1991                                3,896 claims   total   9,970,075     105s
[07:06:45]   wlaf-1992                                3,640 claims   total   9,973,715     105s
[07:06:45]   xfl-2001                                 3,928 claims   total   9,977,643     105s
[07:06:45]   xfl-2020                                 4,184 claims   total   9,981,827     105s
[07:06:45]   xfl-2023                                 4,544 claims   total   9,986,371     105s
[07:06:45] people: reading the index once, then releasing it
[07:06:53] people: 51,257 (claims 51,182, identity 40,745, claims|identity 51,257, index 51,257); names 187,167
[07:06:53] indexes
[07:07:26] source summary
[07:07:34] per-person family and stint summaries
[07:07:46] contested
[07:07:49]   values folded by a declared reading rather than recorded as disagreeing: 67,255
[07:07:49]   9,269 (person, family) pairs contested
[07:07:49] gates
[07:08:03]   RS-G1 unreadable dates: PASS  {'date_strings_read': 258946, 'unreadable_undeclared': 0, 'unreadable_declared_as_printed': 20, 'declared_but_no_longer_seen': 0}
[07:08:03]   RS-G2 unresolved persons: PASS  {'unresolved_undeclared_claims': 0, 'undeclared_stores': 0, 'unresolved_declared_claims': 72519, 'declared_stores': 16}
[07:08:03]   RS-G3 source records: FAIL  {'claims_naming_a_record_not_in_their_store': 414, 'claims_naming_no_record': 0, 'stores_without_a_record_table': 30, 'claims_in_stores_without_a_table': 2579729, 'records_prefixed_by_another_source_id': 356611, 'claims_from_undeclared_sources': 16134}
[07:08:03]   RS-G4 population reconciles with the index: PASS  {'ours': 51257, 'index': 51257, 'in_index_not_here': 0, 'here_not_in_index': 0}
[07:08:03]   RS-G5 every build file accounted for: FAIL  {'files_in_build': 989, 'stores_in_the_model': 534, 'unexplained': 1, 'declaration_stale': 0, 'declared_but_gone': 0, 'explained': 454, 'pending_a_rebuild': 0, 'reader_no_longer_refuses': 0}
[07:08:03]   RS-G6 no false disagreement: PASS  {'families_needing_a_reading': 9, 'of_those_with_one': 9, 'families_WITHOUT_a_reading': 0, 'readers_available': 10, 'contested_rows_skipped_because_their_family_has_no_reading': 0, 'contested_facts_checked': 9116, 'false_disagreements': 0, 'facts_with_an_unreadable_value': 1513}
[07:08:03]   RS-G7 every league token is a league: PASS  {'distinct_tokens': 34, 'in_the_club_table': 31, 'declared_non_competitions': 3, 'fabricated': 0, 'claims_on_fabricated_tokens': 0}
[07:08:03]   RS-G8 classification is declared, not read off a name: PASS  {'statistic_stores_declared': 228, 'predicates_seen': 413, 'predicates_wholly_inside_a_statistics_store': 171, 'predicates_straddling_the_boundary': 0, 'staff_predicates_declared': 4, 'name_predicates_declared': 7, 'worked_examples_checked': 19, 'index_names_with_a_comma': 2477, 'people_holding_a_bare_surname_beside_a_fuller_name': 2, 'of_those_read_as_surname_first': 2365, 'differences': 0, 'declared_stores_no_longer_in_the_model': 0}
[07:08:03] analyze
[07:08:19] built in 199s: 9,986,371 claims, 51,257 people, 534 stores

WARNING: publishing with FAILED gates because --force was given. Every response will say so.
  kept the outgoing model as previous/archive-20260912T111545-99ca3157fd3c26f4.sqlite (99ca3157fd3c26f4, built 2026-09-12T11:15:45); 2 retained
  removed previous/archive-20260911T235100-9ef6b2d48f59e54d.sqlite: oldest beyond KEEP_PREVIOUS
published /Users/ryannecci/Library/Caches/football-archive-service/archive.sqlite
