[22:16:22] clubs: 605 ids, 509 codes, leagues ['', 'AAF', 'AAFC', 'ACFL', 'AFA', 'AFL', 'ALFL', 'APFA', 'ARENA', 'ARFL', 'CAFL', 'CFL', 'COFL', 'DFL', 'EFL', 'IFL', 'IRFU', 'MWFL', 'NFL', 'NFLE', 'NWIFL', 'ORFU', 'PCFL', 'PFLA', 'SFL', 'TSFL', 'UFL', 'UFL2', 'USFL', 'USFL2', 'WFL', 'WIFU', 'WLAF', 'XFL']
[22:16:22] read-stage cache: NOT USED -- the read-stage fingerprint changed: a declaration or the code moved
[22:16:22]   PGMRoster_1950: not a claim store, skipped (array)
[22:16:22]   aaf-2019                                 3,880 claims   total       3,880       1s
[22:16:22]   aafc-1946                                2,424 claims   total       6,304       1s
[22:16:22]   aafc-1947                                2,512 claims   total       8,816       1s
[22:16:22]   aafc-1948                                2,624 claims   total      11,440       1s
[22:16:22]   aafc-1949                                1,968 claims   total      13,408       1s
[22:16:22]   afl-1926                                   204 claims   total      13,612       1s
[22:16:22]   afl-1960                                 2,992 claims   total      16,604       1s
[22:16:22]   afl-1961                                 2,744 claims   total      19,348       1s
[22:16:22]   afl-1962                                 2,664 claims   total      22,012       1s
[22:16:22]   afl-1963                                 2,600 claims   total      24,612       1s
[22:16:22]   afl-1964                                 2,712 claims   total      27,324       1s
[22:16:22]   afl-1965                                 2,848 claims   total      30,172       1s
[22:16:22]   afl-1966                                 3,424 claims   total      33,596       1s
[22:16:22]   afl-1967                                 3,528 claims   total      37,124       1s
[22:16:22]   afl-1968                                 4,024 claims   total      41,148       1s
[22:16:22]   afl-1969                                 3,784 claims   total      44,932       1s
[22:16:22]   apfa-1920                                2,778 claims   total      47,710       1s
[22:16:22]   apfa-1921                                3,558 claims   total      51,268       1s
[22:16:22]   arena-1987-2019                          8,798 claims   total      60,066       1s
[22:16:22]   arena-player-pages                       9,433 claims   total      69,499       1s
[22:16:22]   assistants-identity: not a claim store, skipped (object with no top-level claims list)
[22:16:22]   assistants                               1,533 claims   total      71,032       2s
[22:16:22]   cfl-1945                                 1,197 claims   total      72,229       2s
[22:16:22]   cfl-1946                                 2,182 claims   total      74,411       2s
[22:16:22]   cfl-1947                                 1,910 claims   total      76,321       2s
[22:16:22]   cfl-1948                                 1,953 claims   total      78,274       2s
[22:16:22]   cfl-1949                                 2,342 claims   total      80,616       2s
[22:16:22]   cfl-1950                                 2,238 claims   total      82,854       2s
[22:16:22]   cfl-1951                                 2,417 claims   total      85,271       2s
[22:16:22]   cfl-1952                                 2,619 claims   total      87,890       2s
[22:16:22]   cfl-1953                                 2,610 claims   total      90,500       2s
[22:16:22]   cfl-1954                                 2,809 claims   total      93,309       2s
[22:16:22]   cfl-1955                                 2,791 claims   total      96,100       2s
[22:16:22]   cfl-1956                                 2,862 claims   total      98,962       2s
[22:16:22]   cfl-1957                                 2,951 claims   total     101,913       2s
[22:16:22]   cfl-1958                                 2,711 claims   total     104,624       2s
[22:16:22]   cfl-1959                                 2,940 claims   total     107,564       2s
[22:16:22]   cfl-1960                                 3,012 claims   total     110,576       2s
[22:16:22]   cfl-1961                                 2,800 claims   total     113,376       2s
[22:16:23]   cfl-1962                                 2,727 claims   total     116,103       2s
[22:16:23]   cfl-1963                                 2,795 claims   total     118,898       2s
[22:16:23]   cfl-1964                                 2,864 claims   total     121,762       2s
[22:16:23]   cfl-1965                                 2,896 claims   total     124,658       2s
[22:16:23]   cfl-1966                                 2,592 claims   total     127,250       2s
[22:16:23]   cfl-1967                                 2,798 claims   total     130,048       2s
[22:16:23]   cfl-1968                                 2,711 claims   total     132,759       2s
[22:16:23]   cfl-1969                                 2,762 claims   total     135,521       2s
[22:16:23]   cfl-1970                                 2,805 claims   total     138,326       2s
[22:16:23]   cfl-1971                                 2,799 claims   total     141,125       2s
[22:16:23]   cfl-1972                                 2,855 claims   total     143,980       2s
[22:16:23]   cfl-1973                                 2,950 claims   total     146,930       2s
[22:16:23]   cfl-1974                                 3,044 claims   total     149,974       2s
[22:16:23]   cfl-1975                                 3,153 claims   total     153,127       2s
[22:16:23]   cfl-1976                                 3,180 claims   total     156,307       2s
[22:16:23]   cfl-1977                                 3,269 claims   total     159,576       2s
[22:16:23]   cfl-1978                                 3,386 claims   total     162,962       2s
[22:16:23]   cfl-1979                                 3,551 claims   total     166,513       2s
[22:16:23]   cfl-1980                                 3,437 claims   total     169,950       2s
[22:16:23]   cfl-1981                                 3,478 claims   total     173,428       2s
[22:16:23]   cfl-1982                                 3,500 claims   total     176,928       2s
[22:16:23]   cfl-1983                                 3,536 claims   total     180,464       2s
[22:16:23]   cfl-1984                                 3,456 claims   total     183,920       2s
[22:16:23]   cfl-1985                                 3,650 claims   total     187,570       2s
[22:16:23]   cfl-1986                                 3,972 claims   total     191,542       2s
[22:16:23]   cfl-1987                                 3,520 claims   total     195,062       2s
[22:16:23]   cfl-1988                                 3,584 claims   total     198,646       2s
[22:16:23]   cfl-1989                                 3,648 claims   total     202,294       2s
[22:16:23]   cfl-1990                                 3,592 claims   total     205,886       2s
[22:16:23]   cfl-1991                                 3,632 claims   total     209,518       2s
[22:16:23]   cfl-1992                                 3,464 claims   total     212,982       2s
[22:16:23]   cfl-1993                                 4,232 claims   total     217,214       3s
[22:16:23]   cfl-1994                                 5,816 claims   total     223,030       3s
[22:16:23]   cfl-1995                                 6,360 claims   total     229,390       3s
[22:16:23]   cfl-1996                                 4,288 claims   total     233,678       3s
[22:16:23]   cfl-1997                                 3,408 claims   total     237,086       3s
[22:16:23]   cfl-1998                                 3,552 claims   total     240,638       3s
[22:16:23]   cfl-1999                                 3,672 claims   total     244,310       3s
[22:16:23]   cfl-2000                                 3,696 claims   total     248,006       3s
[22:16:23]   cfl-2001                                 3,832 claims   total     251,838       3s
[22:16:23]   cfl-2002                                 4,336 claims   total     256,174       3s
[22:16:24]   cfl-2003                                 4,248 claims   total     260,422       3s
[22:16:24]   cfl-2004                                 4,376 claims   total     264,798       3s
[22:16:24]   cfl-2005                                 4,448 claims   total     269,246       3s
[22:16:24]   cfl-2006                                 4,160 claims   total     273,406       3s
[22:16:24]   cfl-2007                                 4,568 claims   total     277,974       3s
[22:16:24]   cfl-2008                                 4,392 claims   total     282,366       3s
[22:16:24]   cfl-2009                                 4,432 claims   total     286,798       3s
[22:16:24]   cfl-2010                                 4,296 claims   total     291,094       3s
[22:16:24]   cfl-2011                                 4,336 claims   total     295,430       3s
[22:16:24]   cfl-2012                                 4,400 claims   total     299,830       3s
[22:16:24]   cfl-2013                                 4,824 claims   total     304,654       3s
[22:16:24]   cfl-2014                                 5,312 claims   total     309,966       3s
[22:16:24]   cfl-2015                                 5,336 claims   total     315,302       3s
[22:16:24]   cfl-2016                                 5,415 claims   total     320,717       3s
[22:16:24]   cfl-2017                                 5,400 claims   total     326,117       3s
[22:16:24]   cfl-2018                                 5,160 claims   total     331,277       3s
[22:16:24]   cfl-2019                                 5,280 claims   total     336,557       3s
[22:16:24]   cfl-2021                                 5,480 claims   total     342,037       3s
[22:16:24]   cfl-2022                                 5,264 claims   total     347,301       3s
[22:16:24]   cfl-2023                                 5,648 claims   total     352,949       3s
[22:16:24]   cfl-2024                                 5,920 claims   total     358,869       4s
[22:16:24]   cfl-2025                                 5,928 claims   total     364,797       4s
[22:16:24]   cfl1945-season-restore: not a claim store, skipped (object with no top-level claims list)
[22:16:24]   club-key-normalisation: not a claim store, skipped (object with no top-level claims list)
[22:16:24]   club-key-proposals: not a claim store, skipped (object with no top-level claims list)
[22:16:24]   club-names                               3,666 claims   total     368,463       4s
[22:16:24]   clubs: not a claim store, skipped (object with no top-level claims list)
[22:16:24]   coach-demotions: not a claim store, skipped (object with no top-level claims list)
[22:16:24]   coach-promotions: not a claim store, skipped (object with no top-level claims list)
[22:16:25]   coach-seasons-promoted                  17,621 claims   total     386,084       4s
[22:16:25]   coaches-nfl                             10,484 claims   total     396,568       4s
[22:16:25]   coaches                                  5,720 claims   total     402,288       4s
[22:16:25]   college-guides-candidates: not a claim store, skipped (object with no top-level claims list)
[22:16:25]   contested-1950: not a claim store, skipped (array)
[22:16:25]   contested-coaches: not a claim store, skipped (array)
[22:16:25]   contested-nfl-1950: not a claim store, skipped (array)
[22:16:25]   contested-salaries: not a claim store, skipped (array)
[22:16:25]   contested-wfl-1974: not a claim store, skipped (array)
[22:16:25]   crippen-aafc                             1,208 claims   total     403,496       4s
[22:16:25]   crippen-book                             5,974 claims   total     409,470       4s
[22:16:25]   dev-aaf-2019: not a claim store, skipped (array)
[22:16:25]   dev-aafc-1946: not a claim store, skipped (array)
[22:16:25]   dev-aafc-1947: not a claim store, skipped (array)
[22:16:25]   dev-aafc-1948: not a claim store, skipped (array)
[22:16:25]   dev-aafc-1949: not a claim store, skipped (array)
[22:16:25]   dev-afl-1960: not a claim store, skipped (array)
[22:16:25]   dev-afl-1961: not a claim store, skipped (array)
[22:16:25]   dev-afl-1962: not a claim store, skipped (array)
[22:16:25]   dev-afl-1963: not a claim store, skipped (array)
[22:16:25]   dev-afl-1964: not a claim store, skipped (array)
[22:16:25]   dev-afl-1965: not a claim store, skipped (array)
[22:16:25]   dev-afl-1966: not a claim store, skipped (array)
[22:16:25]   dev-afl-1967: not a claim store, skipped (array)
[22:16:25]   dev-afl-1968: not a claim store, skipped (array)
[22:16:25]   dev-afl-1969: not a claim store, skipped (array)
[22:16:25]   dev-apfa-1920: not a claim store, skipped (array)
[22:16:25]   dev-apfa-1921: not a claim store, skipped (array)
[22:16:25]   dev-cfl-1945: not a claim store, skipped (array)
[22:16:25]   dev-cfl-1946: not a claim store, skipped (array)
[22:16:25]   dev-cfl-1947: not a claim store, skipped (array)
[22:16:25]   dev-cfl-1948: not a claim store, skipped (array)
[22:16:25]   dev-cfl-1949: not a claim store, skipped (array)
[22:16:25]   dev-cfl-1950: not a claim store, skipped (array)
[22:16:25]   dev-cfl-1951: not a claim store, skipped (array)
[22:16:25]   dev-cfl-1952: not a claim store, skipped (array)
[22:16:25]   dev-cfl-1953: not a claim store, skipped (array)
[22:16:25]   dev-cfl-1954: not a claim store, skipped (array)
[22:16:25]   dev-cfl-1955: not a claim store, skipped (array)
[22:16:25]   dev-cfl-1956: not a claim store, skipped (array)
[22:16:25]   dev-cfl-1957: not a claim store, skipped (array)
[22:16:25]   dev-cfl-1958: not a claim store, skipped (array)
[22:16:25]   dev-cfl-1959: not a claim store, skipped (array)
[22:16:25]   dev-cfl-1960: not a claim store, skipped (array)
[22:16:25]   dev-cfl-1961: not a claim store, skipped (array)
[22:16:25]   dev-cfl-1962: not a claim store, skipped (array)
[22:16:25]   dev-cfl-1963: not a claim store, skipped (array)
[22:16:25]   dev-cfl-1964: not a claim store, skipped (array)
[22:16:25]   dev-cfl-1965: not a claim store, skipped (array)
[22:16:25]   dev-cfl-1966: not a claim store, skipped (array)
[22:16:25]   dev-cfl-1967: not a claim store, skipped (array)
[22:16:25]   dev-cfl-1968: not a claim store, skipped (array)
[22:16:25]   dev-cfl-1969: not a claim store, skipped (array)
[22:16:25]   dev-cfl-1970: not a claim store, skipped (array)
[22:16:25]   dev-cfl-1971: not a claim store, skipped (array)
[22:16:25]   dev-cfl-1972: not a claim store, skipped (array)
[22:16:25]   dev-cfl-1973: not a claim store, skipped (array)
[22:16:25]   dev-cfl-1974: not a claim store, skipped (array)
[22:16:25]   dev-cfl-1975: not a claim store, skipped (array)
[22:16:25]   dev-cfl-1976: not a claim store, skipped (array)
[22:16:25]   dev-cfl-1977: not a claim store, skipped (array)
[22:16:25]   dev-cfl-1978: not a claim store, skipped (array)
[22:16:25]   dev-cfl-1979: not a claim store, skipped (array)
[22:16:25]   dev-cfl-1980: not a claim store, skipped (array)
[22:16:25]   dev-cfl-1981: not a claim store, skipped (array)
[22:16:25]   dev-cfl-1982: not a claim store, skipped (array)
[22:16:25]   dev-cfl-1983: not a claim store, skipped (array)
[22:16:25]   dev-cfl-1984: not a claim store, skipped (array)
[22:16:25]   dev-cfl-1985: not a claim store, skipped (array)
[22:16:25]   dev-cfl-1986: not a claim store, skipped (array)
[22:16:25]   dev-cfl-1987: not a claim store, skipped (array)
[22:16:25]   dev-cfl-1988: not a claim store, skipped (array)
[22:16:25]   dev-cfl-1989: not a claim store, skipped (array)
[22:16:25]   dev-cfl-1990: not a claim store, skipped (array)
[22:16:25]   dev-cfl-1991: not a claim store, skipped (array)
[22:16:25]   dev-cfl-1992: not a claim store, skipped (array)
[22:16:25]   dev-cfl-1993: not a claim store, skipped (array)
[22:16:25]   dev-cfl-1994: not a claim store, skipped (array)
[22:16:25]   dev-cfl-1995: not a claim store, skipped (array)
[22:16:25]   dev-cfl-1996: not a claim store, skipped (array)
[22:16:25]   dev-cfl-1997: not a claim store, skipped (array)
[22:16:25]   dev-cfl-1998: not a claim store, skipped (array)
[22:16:25]   dev-cfl-1999: not a claim store, skipped (array)
[22:16:25]   dev-cfl-2000: not a claim store, skipped (array)
[22:16:25]   dev-cfl-2001: not a claim store, skipped (array)
[22:16:25]   dev-cfl-2002: not a claim store, skipped (array)
[22:16:25]   dev-cfl-2003: not a claim store, skipped (array)
[22:16:25]   dev-cfl-2004: not a claim store, skipped (array)
[22:16:25]   dev-cfl-2005: not a claim store, skipped (array)
[22:16:25]   dev-cfl-2006: not a claim store, skipped (array)
[22:16:25]   dev-cfl-2007: not a claim store, skipped (array)
[22:16:25]   dev-cfl-2008: not a claim store, skipped (array)
[22:16:25]   dev-cfl-2009: not a claim store, skipped (array)
[22:16:25]   dev-cfl-2010: not a claim store, skipped (array)
[22:16:25]   dev-cfl-2011: not a claim store, skipped (array)
[22:16:25]   dev-cfl-2012: not a claim store, skipped (array)
[22:16:25]   dev-cfl-2013: not a claim store, skipped (array)
[22:16:25]   dev-cfl-2014: not a claim store, skipped (array)
[22:16:25]   dev-cfl-2015: not a claim store, skipped (array)
[22:16:25]   dev-cfl-2016: not a claim store, skipped (array)
[22:16:25]   dev-cfl-2017: not a claim store, skipped (array)
[22:16:25]   dev-cfl-2018: not a claim store, skipped (array)
[22:16:25]   dev-cfl-2019: not a claim store, skipped (array)
[22:16:25]   dev-cfl-2021: not a claim store, skipped (array)
[22:16:25]   dev-cfl-2022: not a claim store, skipped (array)
[22:16:25]   dev-cfl-2023: not a claim store, skipped (array)
[22:16:25]   dev-cfl-2024: not a claim store, skipped (array)
[22:16:25]   dev-cfl-2025: not a claim store, skipped (array)
[22:16:25]   dev-nfl-1922: not a claim store, skipped (array)
[22:16:25]   dev-nfl-1923: not a claim store, skipped (array)
[22:16:25]   dev-nfl-1924: not a claim store, skipped (array)
[22:16:25]   dev-nfl-1925: not a claim store, skipped (array)
[22:16:25]   dev-nfl-1926: not a claim store, skipped (array)
[22:16:25]   dev-nfl-1927: not a claim store, skipped (array)
[22:16:25]   dev-nfl-1928: not a claim store, skipped (array)
[22:16:25]   dev-nfl-1929: not a claim store, skipped (array)
[22:16:25]   dev-nfl-1930: not a claim store, skipped (array)
[22:16:25]   dev-nfl-1931: not a claim store, skipped (array)
[22:16:25]   dev-nfl-1932: not a claim store, skipped (array)
[22:16:25]   dev-nfl-1933: not a claim store, skipped (array)
[22:16:25]   dev-nfl-1934: not a claim store, skipped (array)
[22:16:25]   dev-nfl-1935: not a claim store, skipped (array)
[22:16:25]   dev-nfl-1936: not a claim store, skipped (array)
[22:16:25]   dev-nfl-1937: not a claim store, skipped (array)
[22:16:25]   dev-nfl-1938: not a claim store, skipped (array)
[22:16:25]   dev-nfl-1939: not a claim store, skipped (array)
[22:16:25]   dev-nfl-1940: not a claim store, skipped (array)
[22:16:25]   dev-nfl-1941: not a claim store, skipped (array)
[22:16:25]   dev-nfl-1942: not a claim store, skipped (array)
[22:16:25]   dev-nfl-1943: not a claim store, skipped (array)
[22:16:25]   dev-nfl-1944: not a claim store, skipped (array)
[22:16:25]   dev-nfl-1945: not a claim store, skipped (array)
[22:16:25]   dev-nfl-1946: not a claim store, skipped (array)
[22:16:25]   dev-nfl-1947: not a claim store, skipped (array)
[22:16:25]   dev-nfl-1948: not a claim store, skipped (array)
[22:16:25]   dev-nfl-1949: not a claim store, skipped (array)
[22:16:25]   dev-nfl-1950: not a claim store, skipped (array)
[22:16:25]   dev-nfl-1951: not a claim store, skipped (array)
[22:16:25]   dev-nfl-1952: not a claim store, skipped (array)
[22:16:25]   dev-nfl-1953: not a claim store, skipped (array)
[22:16:25]   dev-nfl-1954: not a claim store, skipped (array)
[22:16:25]   dev-nfl-1955: not a claim store, skipped (array)
[22:16:25]   dev-nfl-1956: not a claim store, skipped (array)
[22:16:25]   dev-nfl-1957: not a claim store, skipped (array)
[22:16:25]   dev-nfl-1958: not a claim store, skipped (array)
[22:16:25]   dev-nfl-1959: not a claim store, skipped (array)
[22:16:25]   dev-nfl-1960: not a claim store, skipped (array)
[22:16:25]   dev-nfl-1961: not a claim store, skipped (array)
[22:16:25]   dev-nfl-1962: not a claim store, skipped (array)
[22:16:25]   dev-nfl-1963: not a claim store, skipped (array)
[22:16:25]   dev-nfl-1964: not a claim store, skipped (array)
[22:16:25]   dev-nfl-1965: not a claim store, skipped (array)
[22:16:25]   dev-nfl-1966: not a claim store, skipped (array)
[22:16:25]   dev-nfl-1967: not a claim store, skipped (array)
[22:16:25]   dev-nfl-1968: not a claim store, skipped (array)
[22:16:25]   dev-nfl-1969: not a claim store, skipped (array)
[22:16:25]   dev-nfl-1970: not a claim store, skipped (array)
[22:16:25]   dev-nfl-1971: not a claim store, skipped (array)
[22:16:25]   dev-nfl-1972: not a claim store, skipped (array)
[22:16:25]   dev-nfl-1973: not a claim store, skipped (array)
[22:16:25]   dev-nfl-1974: not a claim store, skipped (array)
[22:16:25]   dev-nfl-1975: not a claim store, skipped (array)
[22:16:25]   dev-nfl-1976: not a claim store, skipped (array)
[22:16:25]   dev-nfl-1977: not a claim store, skipped (array)
[22:16:25]   dev-nfl-1978: not a claim store, skipped (array)
[22:16:25]   dev-nfl-1979: not a claim store, skipped (array)
[22:16:25]   dev-nfl-1980: not a claim store, skipped (array)
[22:16:25]   dev-nfl-1981: not a claim store, skipped (array)
[22:16:25]   dev-nfl-1982: not a claim store, skipped (array)
[22:16:25]   dev-nfl-1983: not a claim store, skipped (array)
[22:16:25]   dev-nfl-1984: not a claim store, skipped (array)
[22:16:25]   dev-nfl-1985: not a claim store, skipped (array)
[22:16:25]   dev-nfl-1986: not a claim store, skipped (array)
[22:16:25]   dev-nfl-1987: not a claim store, skipped (array)
[22:16:25]   dev-nfl-1988: not a claim store, skipped (array)
[22:16:25]   dev-nfl-1989: not a claim store, skipped (array)
[22:16:25]   dev-nfl-1990: not a claim store, skipped (array)
[22:16:25]   dev-nfl-1991: not a claim store, skipped (array)
[22:16:25]   dev-nfl-1992: not a claim store, skipped (array)
[22:16:25]   dev-nfl-1993: not a claim store, skipped (array)
[22:16:25]   dev-nfl-1994: not a claim store, skipped (array)
[22:16:25]   dev-nfl-1995: not a claim store, skipped (array)
[22:16:25]   dev-nfl-1996: not a claim store, skipped (array)
[22:16:25]   dev-nfl-1997: not a claim store, skipped (array)
[22:16:25]   dev-nfl-1998: not a claim store, skipped (array)
[22:16:25]   dev-nfl-1999: not a claim store, skipped (array)
[22:16:25]   dev-nfl-2000: not a claim store, skipped (array)
[22:16:25]   dev-nfl-2001: not a claim store, skipped (array)
[22:16:25]   dev-nfl-2002: not a claim store, skipped (array)
[22:16:25]   dev-nfl-2003: not a claim store, skipped (array)
[22:16:25]   dev-nfl-2004: not a claim store, skipped (array)
[22:16:25]   dev-nfl-2005: not a claim store, skipped (array)
[22:16:25]   dev-nfl-2006: not a claim store, skipped (array)
[22:16:25]   dev-nfl-2007: not a claim store, skipped (array)
[22:16:25]   dev-nfl-2008: not a claim store, skipped (array)
[22:16:25]   dev-nfl-2009: not a claim store, skipped (array)
[22:16:25]   dev-nfl-2010: not a claim store, skipped (array)
[22:16:25]   dev-nfl-2011: not a claim store, skipped (array)
[22:16:25]   dev-nfl-2012: not a claim store, skipped (array)
[22:16:25]   dev-nfl-2013: not a claim store, skipped (array)
[22:16:25]   dev-nfl-2014: not a claim store, skipped (array)
[22:16:25]   dev-nfl-2015: not a claim store, skipped (array)
[22:16:25]   dev-nfl-2016: not a claim store, skipped (array)
[22:16:25]   dev-nfl-2017: not a claim store, skipped (array)
[22:16:25]   dev-nfl-2018: not a claim store, skipped (array)
[22:16:25]   dev-nfl-2019: not a claim store, skipped (array)
[22:16:25]   dev-nfl-2020: not a claim store, skipped (array)
[22:16:25]   dev-nfl-2021: not a claim store, skipped (array)
[22:16:25]   dev-nfl-2022: not a claim store, skipped (array)
[22:16:25]   dev-nfl-2023: not a claim store, skipped (array)
[22:16:25]   dev-nfl-2024: not a claim store, skipped (array)
[22:16:25]   dev-ufl-2009: not a claim store, skipped (array)
[22:16:25]   dev-ufl-2010: not a claim store, skipped (array)
[22:16:25]   dev-ufl-2011: not a claim store, skipped (array)
[22:16:25]   dev-ufl-2012: not a claim store, skipped (array)
[22:16:25]   dev-ufl2-2024: not a claim store, skipped (array)
[22:16:25]   dev-usfl-1983: not a claim store, skipped (array)
[22:16:25]   dev-usfl-1984: not a claim store, skipped (array)
[22:16:25]   dev-usfl-1985: not a claim store, skipped (array)
[22:16:25]   dev-usfl2-2022: not a claim store, skipped (array)
[22:16:25]   dev-usfl2-2023: not a claim store, skipped (array)
[22:16:25]   dev-wfl-1974: not a claim store, skipped (array)
[22:16:25]   dev-wfl-1975: not a claim store, skipped (array)
[22:16:25]   dev-wlaf-1991: not a claim store, skipped (array)
[22:16:25]   dev-wlaf-1992: not a claim store, skipped (array)
[22:16:25]   dev-xfl-2001: not a claim store, skipped (array)
[22:16:25]   dev-xfl-2020: not a claim store, skipped (array)
[22:16:25]   dev-xfl-2023: not a claim store, skipped (array)
[22:16:25]   devstats-aaf-2019: not a claim store, skipped (array)
[22:16:25]   devstats-aafc-1946: not a claim store, skipped (array)
[22:16:25]   devstats-aafc-1947: not a claim store, skipped (array)
[22:16:25]   devstats-aafc-1948: not a claim store, skipped (array)
[22:16:25]   devstats-aafc-1949: not a claim store, skipped (array)
[22:16:25]   devstats-afl-1960: not a claim store, skipped (array)
[22:16:25]   devstats-afl-1961: not a claim store, skipped (array)
[22:16:25]   devstats-afl-1962: not a claim store, skipped (array)
[22:16:25]   devstats-afl-1963: not a claim store, skipped (array)
[22:16:25]   devstats-afl-1964: not a claim store, skipped (array)
[22:16:25]   devstats-afl-1965: not a claim store, skipped (array)
[22:16:25]   devstats-afl-1966: not a claim store, skipped (array)
[22:16:25]   devstats-afl-1967: not a claim store, skipped (array)
[22:16:25]   devstats-afl-1968: not a claim store, skipped (array)
[22:16:25]   devstats-afl-1969: not a claim store, skipped (array)
[22:16:25]   devstats-apfa-1920: not a claim store, skipped (array)
[22:16:25]   devstats-apfa-1921: not a claim store, skipped (array)
[22:16:25]   devstats-cfl-1945: not a claim store, skipped (array)
[22:16:25]   devstats-cfl-1946: not a claim store, skipped (array)
[22:16:25]   devstats-cfl-1947: not a claim store, skipped (array)
[22:16:25]   devstats-cfl-1948: not a claim store, skipped (array)
[22:16:25]   devstats-cfl-1949: not a claim store, skipped (array)
[22:16:25]   devstats-cfl-1950: not a claim store, skipped (array)
[22:16:25]   devstats-cfl-1951: not a claim store, skipped (array)
[22:16:25]   devstats-cfl-1952: not a claim store, skipped (array)
[22:16:25]   devstats-cfl-1953: not a claim store, skipped (array)
[22:16:25]   devstats-cfl-1954: not a claim store, skipped (array)
[22:16:25]   devstats-cfl-1955: not a claim store, skipped (array)
[22:16:25]   devstats-cfl-1956: not a claim store, skipped (array)
[22:16:25]   devstats-cfl-1957: not a claim store, skipped (array)
[22:16:25]   devstats-cfl-1958: not a claim store, skipped (array)
[22:16:25]   devstats-cfl-1959: not a claim store, skipped (array)
[22:16:25]   devstats-cfl-1960: not a claim store, skipped (array)
[22:16:25]   devstats-cfl-1961: not a claim store, skipped (array)
[22:16:25]   devstats-cfl-1962: not a claim store, skipped (array)
[22:16:25]   devstats-cfl-1963: not a claim store, skipped (array)
[22:16:25]   devstats-cfl-1964: not a claim store, skipped (array)
[22:16:25]   devstats-cfl-1965: not a claim store, skipped (array)
[22:16:25]   devstats-cfl-1966: not a claim store, skipped (array)
[22:16:25]   devstats-cfl-1967: not a claim store, skipped (array)
[22:16:25]   devstats-cfl-1968: not a claim store, skipped (array)
[22:16:25]   devstats-cfl-1969: not a claim store, skipped (array)
[22:16:25]   devstats-cfl-1970: not a claim store, skipped (array)
[22:16:25]   devstats-cfl-1971: not a claim store, skipped (array)
[22:16:25]   devstats-cfl-1972: not a claim store, skipped (array)
[22:16:25]   devstats-cfl-1973: not a claim store, skipped (array)
[22:16:25]   devstats-cfl-1974: not a claim store, skipped (array)
[22:16:25]   devstats-cfl-1975: not a claim store, skipped (array)
[22:16:25]   devstats-cfl-1976: not a claim store, skipped (array)
[22:16:25]   devstats-cfl-1977: not a claim store, skipped (array)
[22:16:25]   devstats-cfl-1978: not a claim store, skipped (array)
[22:16:25]   devstats-cfl-1979: not a claim store, skipped (array)
[22:16:25]   devstats-cfl-1980: not a claim store, skipped (array)
[22:16:25]   devstats-cfl-1981: not a claim store, skipped (array)
[22:16:25]   devstats-cfl-1982: not a claim store, skipped (array)
[22:16:25]   devstats-cfl-1983: not a claim store, skipped (array)
[22:16:25]   devstats-cfl-1984: not a claim store, skipped (array)
[22:16:25]   devstats-cfl-1985: not a claim store, skipped (array)
[22:16:25]   devstats-cfl-1986: not a claim store, skipped (array)
[22:16:25]   devstats-cfl-1987: not a claim store, skipped (array)
[22:16:25]   devstats-cfl-1988: not a claim store, skipped (array)
[22:16:25]   devstats-cfl-1989: not a claim store, skipped (array)
[22:16:25]   devstats-cfl-1990: not a claim store, skipped (array)
[22:16:25]   devstats-cfl-1991: not a claim store, skipped (array)
[22:16:25]   devstats-cfl-1992: not a claim store, skipped (array)
[22:16:25]   devstats-cfl-1993: not a claim store, skipped (array)
[22:16:25]   devstats-cfl-1994: not a claim store, skipped (array)
[22:16:25]   devstats-cfl-1995: not a claim store, skipped (array)
[22:16:25]   devstats-cfl-1996: not a claim store, skipped (array)
[22:16:25]   devstats-cfl-1997: not a claim store, skipped (array)
[22:16:25]   devstats-cfl-1998: not a claim store, skipped (array)
[22:16:25]   devstats-cfl-1999: not a claim store, skipped (array)
[22:16:25]   devstats-cfl-2000: not a claim store, skipped (array)
[22:16:25]   devstats-cfl-2001: not a claim store, skipped (array)
[22:16:25]   devstats-cfl-2002: not a claim store, skipped (array)
[22:16:25]   devstats-cfl-2003: not a claim store, skipped (array)
[22:16:25]   devstats-cfl-2004: not a claim store, skipped (array)
[22:16:25]   devstats-cfl-2005: not a claim store, skipped (array)
[22:16:25]   devstats-cfl-2006: not a claim store, skipped (array)
[22:16:25]   devstats-cfl-2007: not a claim store, skipped (array)
[22:16:25]   devstats-cfl-2008: not a claim store, skipped (array)
[22:16:25]   devstats-cfl-2009: not a claim store, skipped (array)
[22:16:25]   devstats-cfl-2010: not a claim store, skipped (array)
[22:16:25]   devstats-cfl-2011: not a claim store, skipped (array)
[22:16:25]   devstats-cfl-2012: not a claim store, skipped (array)
[22:16:25]   devstats-cfl-2013: not a claim store, skipped (array)
[22:16:25]   devstats-cfl-2014: not a claim store, skipped (array)
[22:16:25]   devstats-cfl-2015: not a claim store, skipped (array)
[22:16:25]   devstats-cfl-2016: not a claim store, skipped (array)
[22:16:25]   devstats-cfl-2017: not a claim store, skipped (array)
[22:16:25]   devstats-cfl-2018: not a claim store, skipped (array)
[22:16:25]   devstats-cfl-2019: not a claim store, skipped (array)
[22:16:25]   devstats-cfl-2021: not a claim store, skipped (array)
[22:16:25]   devstats-cfl-2022: not a claim store, skipped (array)
[22:16:25]   devstats-cfl-2023: not a claim store, skipped (array)
[22:16:25]   devstats-cfl-2024: not a claim store, skipped (array)
[22:16:25]   devstats-cfl-2025: not a claim store, skipped (array)
[22:16:25]   devstats-nfl-1922: not a claim store, skipped (array)
[22:16:25]   devstats-nfl-1923: not a claim store, skipped (array)
[22:16:25]   devstats-nfl-1924: not a claim store, skipped (array)
[22:16:25]   devstats-nfl-1925: not a claim store, skipped (array)
[22:16:25]   devstats-nfl-1926: not a claim store, skipped (array)
[22:16:25]   devstats-nfl-1927: not a claim store, skipped (array)
[22:16:25]   devstats-nfl-1928: not a claim store, skipped (array)
[22:16:25]   devstats-nfl-1929: not a claim store, skipped (array)
[22:16:25]   devstats-nfl-1930: not a claim store, skipped (array)
[22:16:25]   devstats-nfl-1931: not a claim store, skipped (array)
[22:16:25]   devstats-nfl-1932: not a claim store, skipped (array)
[22:16:25]   devstats-nfl-1933: not a claim store, skipped (array)
[22:16:25]   devstats-nfl-1934: not a claim store, skipped (array)
[22:16:25]   devstats-nfl-1935: not a claim store, skipped (array)
[22:16:25]   devstats-nfl-1936: not a claim store, skipped (array)
[22:16:25]   devstats-nfl-1937: not a claim store, skipped (array)
[22:16:25]   devstats-nfl-1938: not a claim store, skipped (array)
[22:16:25]   devstats-nfl-1939: not a claim store, skipped (array)
[22:16:25]   devstats-nfl-1940: not a claim store, skipped (array)
[22:16:25]   devstats-nfl-1941: not a claim store, skipped (array)
[22:16:25]   devstats-nfl-1942: not a claim store, skipped (array)
[22:16:25]   devstats-nfl-1943: not a claim store, skipped (array)
[22:16:25]   devstats-nfl-1944: not a claim store, skipped (array)
[22:16:25]   devstats-nfl-1945: not a claim store, skipped (array)
[22:16:25]   devstats-nfl-1946: not a claim store, skipped (array)
[22:16:25]   devstats-nfl-1947: not a claim store, skipped (array)
[22:16:25]   devstats-nfl-1948: not a claim store, skipped (array)
[22:16:25]   devstats-nfl-1949: not a claim store, skipped (array)
[22:16:25]   devstats-nfl-1950: not a claim store, skipped (array)
[22:16:25]   devstats-nfl-1951: not a claim store, skipped (array)
[22:16:25]   devstats-nfl-1952: not a claim store, skipped (array)
[22:16:25]   devstats-nfl-1953: not a claim store, skipped (array)
[22:16:25]   devstats-nfl-1954: not a claim store, skipped (array)
[22:16:25]   devstats-nfl-1955: not a claim store, skipped (array)
[22:16:25]   devstats-nfl-1956: not a claim store, skipped (array)
[22:16:25]   devstats-nfl-1957: not a claim store, skipped (array)
[22:16:25]   devstats-nfl-1958: not a claim store, skipped (array)
[22:16:25]   devstats-nfl-1959: not a claim store, skipped (array)
[22:16:25]   devstats-nfl-1960: not a claim store, skipped (array)
[22:16:25]   devstats-nfl-1961: not a claim store, skipped (array)
[22:16:25]   devstats-nfl-1962: not a claim store, skipped (array)
[22:16:25]   devstats-nfl-1963: not a claim store, skipped (array)
[22:16:25]   devstats-nfl-1964: not a claim store, skipped (array)
[22:16:25]   devstats-nfl-1965: not a claim store, skipped (array)
[22:16:25]   devstats-nfl-1966: not a claim store, skipped (array)
[22:16:25]   devstats-nfl-1967: not a claim store, skipped (array)
[22:16:25]   devstats-nfl-1968: not a claim store, skipped (array)
[22:16:25]   devstats-nfl-1969: not a claim store, skipped (array)
[22:16:25]   devstats-nfl-1970: not a claim store, skipped (array)
[22:16:25]   devstats-nfl-1971: not a claim store, skipped (array)
[22:16:25]   devstats-nfl-1972: not a claim store, skipped (array)
[22:16:25]   devstats-nfl-1973: not a claim store, skipped (array)
[22:16:25]   devstats-nfl-1974: not a claim store, skipped (array)
[22:16:25]   devstats-nfl-1975: not a claim store, skipped (array)
[22:16:25]   devstats-nfl-1976: not a claim store, skipped (array)
[22:16:25]   devstats-nfl-1977: not a claim store, skipped (array)
[22:16:25]   devstats-nfl-1978: not a claim store, skipped (array)
[22:16:25]   devstats-nfl-1979: not a claim store, skipped (array)
[22:16:25]   devstats-nfl-1980: not a claim store, skipped (array)
[22:16:25]   devstats-nfl-1981: not a claim store, skipped (array)
[22:16:25]   devstats-nfl-1982: not a claim store, skipped (array)
[22:16:25]   devstats-nfl-1983: not a claim store, skipped (array)
[22:16:25]   devstats-nfl-1984: not a claim store, skipped (array)
[22:16:25]   devstats-nfl-1985: not a claim store, skipped (array)
[22:16:25]   devstats-nfl-1986: not a claim store, skipped (array)
[22:16:25]   devstats-nfl-1987: not a claim store, skipped (array)
[22:16:25]   devstats-nfl-1988: not a claim store, skipped (array)
[22:16:25]   devstats-nfl-1989: not a claim store, skipped (array)
[22:16:25]   devstats-nfl-1990: not a claim store, skipped (array)
[22:16:25]   devstats-nfl-1991: not a claim store, skipped (array)
[22:16:25]   devstats-nfl-1992: not a claim store, skipped (array)
[22:16:25]   devstats-nfl-1993: not a claim store, skipped (array)
[22:16:25]   devstats-nfl-1994: not a claim store, skipped (array)
[22:16:25]   devstats-nfl-1995: not a claim store, skipped (array)
[22:16:25]   devstats-nfl-1996: not a claim store, skipped (array)
[22:16:25]   devstats-nfl-1997: not a claim store, skipped (array)
[22:16:25]   devstats-nfl-1998: not a claim store, skipped (array)
[22:16:25]   devstats-nfl-1999: not a claim store, skipped (array)
[22:16:25]   devstats-nfl-2000: not a claim store, skipped (array)
[22:16:25]   devstats-nfl-2001: not a claim store, skipped (array)
[22:16:25]   devstats-nfl-2002: not a claim store, skipped (array)
[22:16:25]   devstats-nfl-2003: not a claim store, skipped (array)
[22:16:25]   devstats-nfl-2004: not a claim store, skipped (array)
[22:16:25]   devstats-nfl-2005: not a claim store, skipped (array)
[22:16:25]   devstats-nfl-2006: not a claim store, skipped (array)
[22:16:25]   devstats-nfl-2007: not a claim store, skipped (array)
[22:16:25]   devstats-nfl-2008: not a claim store, skipped (array)
[22:16:25]   devstats-nfl-2009: not a claim store, skipped (array)
[22:16:25]   devstats-nfl-2010: not a claim store, skipped (array)
[22:16:25]   devstats-nfl-2011: not a claim store, skipped (array)
[22:16:25]   devstats-nfl-2012: not a claim store, skipped (array)
[22:16:25]   devstats-nfl-2013: not a claim store, skipped (array)
[22:16:25]   devstats-nfl-2014: not a claim store, skipped (array)
[22:16:25]   devstats-nfl-2015: not a claim store, skipped (array)
[22:16:25]   devstats-nfl-2016: not a claim store, skipped (array)
[22:16:25]   devstats-nfl-2017: not a claim store, skipped (array)
[22:16:25]   devstats-nfl-2018: not a claim store, skipped (array)
[22:16:25]   devstats-nfl-2019: not a claim store, skipped (array)
[22:16:25]   devstats-nfl-2020: not a claim store, skipped (array)
[22:16:25]   devstats-nfl-2021: not a claim store, skipped (array)
[22:16:25]   devstats-nfl-2022: not a claim store, skipped (array)
[22:16:25]   devstats-nfl-2023: not a claim store, skipped (array)
[22:16:25]   devstats-nfl-2024: not a claim store, skipped (array)
[22:16:25]   devstats-ufl-2009: not a claim store, skipped (array)
[22:16:25]   devstats-ufl-2010: not a claim store, skipped (array)
[22:16:25]   devstats-ufl-2011: not a claim store, skipped (array)
[22:16:25]   devstats-ufl-2012: not a claim store, skipped (array)
[22:16:25]   devstats-ufl2-2024: not a claim store, skipped (array)
[22:16:25]   devstats-usfl-1983: not a claim store, skipped (array)
[22:16:25]   devstats-usfl-1984: not a claim store, skipped (array)
[22:16:25]   devstats-usfl-1985: not a claim store, skipped (array)
[22:16:25]   devstats-usfl2-2022: not a claim store, skipped (array)
[22:16:25]   devstats-usfl2-2023: not a claim store, skipped (array)
[22:16:25]   devstats-wfl-1974: not a claim store, skipped (array)
[22:16:25]   devstats-wfl-1975: not a claim store, skipped (array)
[22:16:25]   devstats-wlaf-1991: not a claim store, skipped (array)
[22:16:25]   devstats-wlaf-1992: not a claim store, skipped (array)
[22:16:25]   devstats-xfl-2001: not a claim store, skipped (array)
[22:16:25]   devstats-xfl-2020: not a claim store, skipped (array)
[22:16:25]   devstats-xfl-2023: not a claim store, skipped (array)
[22:16:25]   football-hunting-ind                        54 claims   total     409,524       4s
[22:16:25]   football-hunting                           270 claims   total     409,794       4s
[22:16:25]   frankford-book-ind                         243 claims   total     410,037       4s
[22:16:25]   frankford-book                             378 claims   total     410,415       4s
[22:16:25]   ghosts-lineups                             168 claims   total     410,583       4s
[22:16:25]   ghosts-structured                           49 claims   total     410,632       4s
[22:16:25]   ghostsofthegridiron-afl                     23 claims   total     410,655       4s
[22:16:25]   ghostsofthegridiron-ind                     45 claims   total     410,700       4s
[22:16:25]   ghostsofthegridiron                        615 claims   total     411,315       4s
[22:16:25]   guide-lad-1948                             290 claims   total     411,605       4s
[22:16:25]   guide-pre1950-delimited: not a claim store, skipped (object with no top-level claims list)
[22:16:25]   guide-prose-corpus-leads: not a claim store, skipped (object with no top-level claims list)
[22:16:26]   guide-prose-corpus                      57,276 claims   total     468,881       6s
[22:16:26]   guide-prose                              1,404 claims   total     470,285       6s
[22:16:26]   hearing-1957                                76 claims   total     470,361       6s
[22:16:26]   neft-early-years-1978                        1 claims   total     470,362       6s
[22:16:26]   nfl-1922                                 3,228 claims   total     473,590       6s
[22:16:26]   nfl-1923                                 3,239 claims   total     476,829       6s
[22:16:27]   nfl-1924                                 3,027 claims   total     479,856       6s
[22:16:27]   nfl-1925                                 3,738 claims   total     483,594       6s
[22:16:27]   nfl-1926                                 4,280 claims   total     487,874       6s
[22:16:27]   nfl-1927                                 2,400 claims   total     490,274       6s
[22:16:27]   nfl-1928                                 1,784 claims   total     492,058       6s
[22:16:27]   nfl-1929                                 2,245 claims   total     494,303       6s
[22:16:27]   nfl-1930                                 2,760 claims   total     497,063       6s
[22:16:27]   nfl-1931                                 2,298 claims   total     499,361       6s
[22:16:27]   nfl-1932                                 1,904 claims   total     501,265       6s
[22:16:27]   nfl-1933                                 2,360 claims   total     503,625       6s
[22:16:27]   nfl-1934-cincinnati                         36 claims   total     503,661       6s
[22:16:27]   nfl-1934                                 2,456 claims   total     506,117       6s
[22:16:27]   nfl-1935                                 2,232 claims   total     508,349       6s
[22:16:27]   nfl-1936                                 2,080 claims   total     510,429       6s
[22:16:27]   nfl-1937                                 2,440 claims   total     512,869       6s
[22:16:27]   nfl-1938                                 2,648 claims   total     515,517       6s
[22:16:27]   nfl-1939                                 2,832 claims   total     518,349       6s
[22:16:27]   nfl-1940                                 2,808 claims   total     521,157       6s
[22:16:27]   nfl-1941                                 2,856 claims   total     524,013       6s
[22:16:27]   nfl-1942                                 2,792 claims   total     526,805       6s
[22:16:27]   nfl-1943                                 1,968 claims   total     528,773       6s
[22:16:27]   nfl-1944                                 2,528 claims   total     531,301       6s
[22:16:27]   nfl-1945                                 3,440 claims   total     534,741       6s
[22:16:27]   nfl-1946                                 2,824 claims   total     537,565       6s
[22:16:27]   nfl-1947                                 2,992 claims   total     540,557       6s
[22:16:27]   nfl-1948                                 3,032 claims   total     543,589       6s
[22:16:27]   nfl-1949                                 2,808 claims   total     546,397       6s
[22:16:27]   nfl-1950                                 3,680 claims   total     550,077       6s
[22:16:27]   nfl-1951                                 3,432 claims   total     553,509       6s
[22:16:27]   nfl-1952                                 3,608 claims   total     557,117       6s
[22:16:27]   nfl-1953                                 3,520 claims   total     560,637       6s
[22:16:27]   nfl-1954                                 3,552 claims   total     564,189       6s
[22:16:27]   nfl-1955                                 3,624 claims   total     567,813       6s
[22:16:27]   nfl-1956                                 3,736 claims   total     571,549       6s
[22:16:27]   nfl-1957                                 3,568 claims   total     575,117       7s
[22:16:27]   nfl-1958                                 3,640 claims   total     578,757       7s
[22:16:27]   nfl-1959                                 3,672 claims   total     582,429       7s
[22:16:27]   nfl-1960                                 4,120 claims   total     586,549       7s
[22:16:27]   nfl-1961                                 4,504 claims   total     591,053       7s
[22:16:27]   nfl-1962                                 4,424 claims   total     595,477       7s
[22:16:27]   nfl-1963                                 4,624 claims   total     600,101       7s
[22:16:27]   nfl-1964                                 4,680 claims   total     604,781       7s
[22:16:27]   nfl-1965                                 4,936 claims   total     609,717       7s
[22:16:27]   nfl-1966                                 5,472 claims   total     615,189       7s
[22:16:28]   nfl-1967                                 6,008 claims   total     621,197       7s
[22:16:28]   nfl-1968                                 5,920 claims   total     627,117       7s
[22:16:28]   nfl-1969                                 6,000 claims   total     633,117       7s
[22:16:28]   nfl-1970                                 9,776 claims   total     642,893       7s
[22:16:28]   nfl-1971                                 9,824 claims   total     652,717       7s
[22:16:28]   nfl-1972                                10,016 claims   total     662,733       7s
[22:16:28]   nfl-1973                                10,152 claims   total     672,885       7s
[22:16:28]   nfl-1974                                10,680 claims   total     683,565       7s
[22:16:28]   nfl-1975                                 9,936 claims   total     693,501       7s
[22:16:28]   nfl-1976                                11,048 claims   total     704,549       7s
[22:16:28]   nfl-1977                                11,000 claims   total     715,549       7s
[22:16:28]   nfl-1978                                11,512 claims   total     727,061       8s
[22:16:28]   nfl-1979                                11,504 claims   total     738,565       8s
[22:16:28]   nfl-1980                                11,880 claims   total     750,445       8s
[22:16:29]   nfl-1981                                11,616 claims   total     762,061       8s
[22:16:29]   nfl-1982                                11,720 claims   total     773,781       8s
[22:16:29]   nfl-1983                                12,424 claims   total     786,205       8s
[22:16:29]   nfl-1984                                12,824 claims   total     799,029       8s
[22:16:29]   nfl-1985                                12,064 claims   total     811,093       8s
[22:16:29]   nfl-1986                                12,328 claims   total     823,421       8s
[22:16:29]   nfl-1987                                22,720 claims   total     846,141       9s
[22:16:29]   nfl-1988                                12,632 claims   total     858,773       9s
[22:16:29]   nfl-1989                                12,608 claims   total     871,381       9s
[22:16:30]   nfl-1990                                12,368 claims   total     883,749       9s
[22:16:30]   nfl-1991                                12,512 claims   total     896,261       9s
[22:16:30]   nfl-1992                                12,720 claims   total     908,981       9s
[22:16:30]   nfl-1993                                12,960 claims   total     921,941       9s
[22:16:30]   nfl-1994                                12,488 claims   total     934,429       9s
[22:16:30]   nfl-1995                                13,688 claims   total     948,117       9s
[22:16:30]   nfl-1996                                13,776 claims   total     961,893       9s
[22:16:30]   nfl-1997                                13,864 claims   total     975,757      10s
[22:16:30]   nfl-1998                                13,928 claims   total     989,685      10s
[22:16:31]   nfl-1999                                14,448 claims   total   1,004,133      10s
[22:16:31]   nfl-2000                                14,240 claims   total   1,018,373      10s
[22:16:31]   nfl-2001                                14,240 claims   total   1,032,613      10s
[22:16:31]   nfl-2002                                15,016 claims   total   1,047,629      10s
[22:16:31]   nfl-2003                                14,968 claims   total   1,062,597      10s
[22:16:31]   nfl-2004                                15,432 claims   total   1,078,029      10s
[22:16:31]   nfl-2005                                15,336 claims   total   1,093,365      11s
[22:16:31]   nfl-2006                                15,288 claims   total   1,108,653      11s
[22:16:32]   nfl-2007                                15,568 claims   total   1,124,221      11s
[22:16:32]   nfl-2008                                15,376 claims   total   1,139,597      11s
[22:16:32]   nfl-2009                                15,640 claims   total   1,155,237      11s
[22:16:32]   nfl-2010                                16,104 claims   total   1,171,341      11s
[22:16:32]   nfl-2011                                15,768 claims   total   1,187,109      11s
[22:16:32]   nfl-2012                                15,840 claims   total   1,202,949      12s
[22:16:32]   nfl-2013                                17,200 claims   total   1,220,149      12s
[22:16:33]   nfl-2014                                17,144 claims   total   1,237,293      12s
[22:16:33]   nfl-2015                                15,896 claims   total   1,253,189      12s
[22:16:33]   nfl-2016                                17,664 claims   total   1,270,853      12s
[22:16:33]   nfl-2017                                16,696 claims   total   1,287,549      12s
[22:16:33]   nfl-2018                                16,880 claims   total   1,304,429      12s
[22:16:33]   nfl-2019                                17,032 claims   total   1,321,461      12s
[22:16:33]   nfl-2020-lvr                                86 claims   total   1,321,547      12s
[22:16:33]   nfl-2020                                17,528 claims   total   1,339,075      13s
[22:16:33]   nfl-2021                                18,767 claims   total   1,357,842      13s
[22:16:34]   nfl-2022                                17,192 claims   total   1,375,034      13s
[22:16:34]   nfl-2023                                16,736 claims   total   1,391,770      13s
[22:16:34]   nfl-2024                                17,272 claims   total   1,409,042      13s
[22:16:34]   nflverse-draft                          11,682 claims   total   1,420,724      13s
[22:16:36]   nflverse-membership                    128,359 claims   total   1,549,083      15s
[22:16:38]   nflverse-rosters                       158,835 claims   total   1,707,918      17s
[22:16:38]   nickname-register                            9 claims   total   1,707,927      17s
[22:16:38]   officials-applied: not a claim store, skipped (object with no top-level claims list)
[22:16:38]   person-merge-proposals: not a claim store, skipped (object with no top-level claims list)
[22:16:38]   person-merges: not a claim store, skipped (object with no top-level claims list)
[22:16:44]   pfa-1950on                             739,596 claims   total   2,447,523      24s
[22:16:45]   pfa-awards                              11,114 claims   total   2,458,637      24s
[22:16:45]   pfa-boxscore-leads                           0 claims   total   2,458,637      24s
[22:16:45]   pfa-boxscore-membership                 11,776 claims   total   2,470,413      24s
[22:16:58]   pfa-boxscores                          930,928 claims   total   3,401,341      37s
[22:16:59]   pfa-club-rosters                       102,872 claims   total   3,504,213      39s
[22:17:00]   pfa-coaches                             28,991 claims   total   3,533,204      39s
[22:17:01]   pfa-drafts                              70,192 claims   total   3,603,396      40s
[22:17:01]   pfa-gamelogs-1920s                       4,790 claims   total   3,608,186      40s
[22:17:01]   pfa-gamelogs-1930s                      12,451 claims   total   3,620,637      40s
[22:17:01]   pfa-gamelogs-1940s                      33,287 claims   total   3,653,924      41s
[22:17:02]   pfa-gamelogs-1950s                      30,526 claims   total   3,684,450      41s
[22:17:03]   pfa-gamelogs-1960s                      66,328 claims   total   3,750,778      42s
[22:17:04]   pfa-gamelogs-1970s                      82,336 claims   total   3,833,114      43s
[22:17:05]   pfa-gamelogs-1980s                      98,606 claims   total   3,931,720      44s
[22:17:07]   pfa-gamelogs-1990s                     118,048 claims   total   4,049,768      46s
[22:17:10]   pfa-gamelogs-2000s                     221,409 claims   total   4,271,177      49s
[22:17:13]   pfa-gamelogs-2010s                     221,821 claims   total   4,492,998      52s
[22:17:15]   pfa-gamelogs-2020s                     135,581 claims   total   4,628,579      54s
[22:17:15]   pfa-match: not a claim store, skipped (object with no top-level claims list)
[22:17:15]   pfa-officials                           10,316 claims   total   4,638,895      54s
[22:17:15]   pfa-postseason-1930s                       913 claims   total   4,639,808      54s
[22:17:15]   pfa-postseason-1940s                     2,432 claims   total   4,642,240      54s
[22:17:15]   pfa-postseason-1950s                     1,913 claims   total   4,644,153      54s
[22:17:15]   pfa-postseason-1960s                     4,295 claims   total   4,648,448      54s
[22:17:15]   pfa-postseason-1970s                     8,352 claims   total   4,656,800      54s
[22:17:15]   pfa-postseason-1980s                    11,443 claims   total   4,668,243      55s
[22:17:15]   pfa-postseason-1990s                    13,939 claims   total   4,682,182      55s
[22:17:16]   pfa-postseason-2000s                    21,685 claims   total   4,703,867      55s
[22:17:16]   pfa-postseason-2010s                    25,506 claims   total   4,729,373      55s
[22:17:16]   pfa-postseason-2020s                    18,209 claims   total   4,747,582      56s
[22:17:17]   pfa-pre1950                             75,072 claims   total   4,822,654      56s
[22:17:17]   pfa-stage3                              32,683 claims   total   4,855,337      57s
[22:17:17]   pfa-stats-1920s                          9,568 claims   total   4,864,905      57s
[22:17:18]   pfa-stats-1930s                         23,039 claims   total   4,887,944      57s
[22:17:18]   pfa-stats-1940s                         71,060 claims   total   4,959,004      57s
[22:17:19]   pfa-stats-1950s                        104,890 claims   total   5,063,894      59s
[22:17:21]   pfa-stats-1960s                        175,863 claims   total   5,239,757      61s
[22:17:23]   pfa-stats-1970s                        210,493 claims   total   5,450,250      63s
[22:17:26]   pfa-stats-1980s                        261,316 claims   total   5,711,566      66s
[22:17:30]   pfa-stats-1990s                        338,516 claims   total   6,050,082      69s
[22:17:36]   pfa-stats-2000s                        577,042 claims   total   6,627,124      75s
[22:17:42]   pfa-stats-2010s                        602,699 claims   total   7,229,823      81s
[22:17:45]   pfa-stats-2020s                        314,449 claims   total   7,544,272      85s
[22:17:50]   pfa-transaction-membership             346,795 claims   total   7,891,067      89s
[22:17:50]   pfa-wlaf-1995                              363 claims   total   7,891,430      90s
[22:17:50]   pfr-drafts                              10,351 claims   total   7,901,781      90s
[22:17:50]   pfr-pages                                  116 claims   total   7,901,897      90s
[22:17:50]   pfra-annual-4-1983                         644 claims   total   7,902,541      90s
[22:17:51]   photos                                  28,060 claims   total   7,930,601      90s
[22:17:51]   player-promotions: not a claim store, skipped (object with no top-level claims list)
[22:17:51]   player-seasons-promoted                      0 claims   total   7,930,601      90s
[22:17:51]   programme-1926-chi-lat                      49 claims   total   7,930,650      90s
[22:17:51]   programme-1926-nyy-pcw                      29 claims   total   7,930,679      90s
[22:17:51]   promotion-names                          9,378 claims   total   7,940,057      90s
[22:17:51]   salaries                                   209 claims   total   7,940,266      90s
[22:17:51]   stats-aaf-2019                           4,520 claims   total   7,944,786      90s
[22:17:51]   stats-aafc-1946                          5,069 claims   total   7,949,855      90s
[22:17:51]   stats-aafc-1947                          4,292 claims   total   7,954,147      90s
[22:17:51]   stats-aafc-1948                          4,212 claims   total   7,958,359      90s
[22:17:51]   stats-aafc-1949                          3,331 claims   total   7,961,690      90s
[22:17:51]   stats-afl-1960                           4,099 claims   total   7,965,789      90s
[22:17:51]   stats-afl-1961                           4,053 claims   total   7,969,842      90s
[22:17:51]   stats-afl-1962                           3,756 claims   total   7,973,598      90s
[22:17:51]   stats-afl-1963                           3,657 claims   total   7,977,255      90s
[22:17:51]   stats-afl-1964                           3,715 claims   total   7,980,970      90s
[22:17:51]   stats-afl-1965                           3,543 claims   total   7,984,513      90s
[22:17:51]   stats-afl-1966                           4,216 claims   total   7,988,729      90s
[22:17:51]   stats-afl-1967                           4,847 claims   total   7,993,576      90s
[22:17:51]   stats-afl-1968                           5,653 claims   total   7,999,229      91s
[22:17:51]   stats-afl-1969                           5,168 claims   total   8,004,397      91s
[22:17:51]   stats-apfa-1920                             13 claims   total   8,004,410      91s
[22:17:51]   stats-apfa-1921                          1,489 claims   total   8,005,899      91s
[22:17:51]   stats-cfl-1945                             457 claims   total   8,006,356      91s
[22:17:51]   stats-cfl-1946                             841 claims   total   8,007,197      91s
[22:17:51]   stats-cfl-1947                             974 claims   total   8,008,171      91s
[22:17:51]   stats-cfl-1948                             986 claims   total   8,009,157      91s
[22:17:51]   stats-cfl-1949                           1,020 claims   total   8,010,177      91s
[22:17:51]   stats-cfl-1950                           2,200 claims   total   8,012,377      91s
[22:17:51]   stats-cfl-1951                           2,536 claims   total   8,014,913      91s
[22:17:51]   stats-cfl-1952                           3,234 claims   total   8,018,147      91s
[22:17:51]   stats-cfl-1953                           3,185 claims   total   8,021,332      91s
[22:17:51]   stats-cfl-1954                           4,867 claims   total   8,026,199      91s
[22:17:51]   stats-cfl-1955                           5,177 claims   total   8,031,376      91s
[22:17:51]   stats-cfl-1956                           5,229 claims   total   8,036,605      91s
[22:17:51]   stats-cfl-1957                           5,381 claims   total   8,041,986      91s
[22:17:52]   stats-cfl-1958                           5,022 claims   total   8,047,008      91s
[22:17:52]   stats-cfl-1959                           5,113 claims   total   8,052,121      91s
[22:17:52]   stats-cfl-1960                           4,919 claims   total   8,057,040      91s
[22:17:52]   stats-cfl-1961                           4,900 claims   total   8,061,940      91s
[22:17:52]   stats-cfl-1962                           4,430 claims   total   8,066,370      91s
[22:17:52]   stats-cfl-1963                           4,741 claims   total   8,071,111      91s
[22:17:52]   stats-cfl-1964                           4,537 claims   total   8,075,648      91s
[22:17:52]   stats-cfl-1965                           4,451 claims   total   8,080,099      91s
[22:17:52]   stats-cfl-1966                           4,034 claims   total   8,084,133      91s
[22:17:52]   stats-cfl-1967                           4,318 claims   total   8,088,451      91s
[22:17:52]   stats-cfl-1968                           4,098 claims   total   8,092,549      91s
[22:17:52]   stats-cfl-1969                           4,333 claims   total   8,096,882      91s
[22:17:52]   stats-cfl-1970                           4,526 claims   total   8,101,408      91s
[22:17:52]   stats-cfl-1971                           4,769 claims   total   8,106,177      91s
[22:17:52]   stats-cfl-1972                           4,364 claims   total   8,110,541      91s
[22:17:52]   stats-cfl-1973                           4,352 claims   total   8,114,893      91s
[22:17:52]   stats-cfl-1974                           4,128 claims   total   8,119,021      91s
[22:17:52]   stats-cfl-1975                           4,615 claims   total   8,123,636      91s
[22:17:52]   stats-cfl-1976                           4,474 claims   total   8,128,110      91s
[22:17:52]   stats-cfl-1977                           4,743 claims   total   8,132,853      91s
[22:17:52]   stats-cfl-1978                           4,688 claims   total   8,137,541      91s
[22:17:52]   stats-cfl-1979                           4,601 claims   total   8,142,142      91s
[22:17:52]   stats-cfl-1980                           4,748 claims   total   8,146,890      91s
[22:17:52]   stats-cfl-1981                           4,733 claims   total   8,151,623      91s
[22:17:52]   stats-cfl-1982                           5,113 claims   total   8,156,736      91s
[22:17:52]   stats-cfl-1983                           5,136 claims   total   8,161,872      92s
[22:17:52]   stats-cfl-1984                           5,363 claims   total   8,167,235      92s
[22:17:52]   stats-cfl-1985                           5,209 claims   total   8,172,444      92s
[22:17:52]   stats-cfl-1986                           6,053 claims   total   8,178,497      92s
[22:17:52]   stats-cfl-1987                           5,676 claims   total   8,184,173      92s
[22:17:52]   stats-cfl-1988                           5,634 claims   total   8,189,807      92s
[22:17:52]   stats-cfl-1989                           5,679 claims   total   8,195,486      92s
[22:17:52]   stats-cfl-1990                           5,993 claims   total   8,201,479      92s
[22:17:53]   stats-cfl-1991                           6,905 claims   total   8,208,384      92s
[22:17:53]   stats-cfl-1992                           6,588 claims   total   8,214,972      92s
[22:17:53]   stats-cfl-1993                           7,184 claims   total   8,222,156      92s
[22:17:53]   stats-cfl-1994                           9,681 claims   total   8,231,837      92s
[22:17:53]   stats-cfl-1995                          10,798 claims   total   8,242,635      92s
[22:17:53]   stats-cfl-1996                           6,926 claims   total   8,249,561      92s
[22:17:53]   stats-cfl-1997                           5,934 claims   total   8,255,495      92s
[22:17:53]   stats-cfl-1998                           5,970 claims   total   8,261,465      92s
[22:17:53]   stats-cfl-1999                           5,882 claims   total   8,267,347      92s
[22:17:53]   stats-cfl-2000                           5,983 claims   total   8,273,330      92s
[22:17:53]   stats-cfl-2001                           6,132 claims   total   8,279,462      92s
[22:17:53]   stats-cfl-2002                           7,051 claims   total   8,286,513      92s
[22:17:53]   stats-cfl-2003                           6,971 claims   total   8,293,484      93s
[22:17:53]   stats-cfl-2004                           6,870 claims   total   8,300,354      93s
[22:17:53]   stats-cfl-2005                           7,161 claims   total   8,307,515      93s
[22:17:53]   stats-cfl-2006                           6,151 claims   total   8,313,666      93s
[22:17:53]   stats-cfl-2007                           6,384 claims   total   8,320,050      93s
[22:17:53]   stats-cfl-2008                           6,525 claims   total   8,326,575      93s
[22:17:53]   stats-cfl-2009                           6,487 claims   total   8,333,062      93s
[22:17:54]   stats-cfl-2010                           6,712 claims   total   8,339,774      93s
[22:17:54]   stats-cfl-2011                           6,155 claims   total   8,345,929      93s
[22:17:54]   stats-cfl-2012                           6,272 claims   total   8,352,201      93s
[22:17:54]   stats-cfl-2013                           6,981 claims   total   8,359,182      93s
[22:17:54]   stats-cfl-2014                           7,447 claims   total   8,366,629      93s
[22:17:54]   stats-cfl-2015                          10,514 claims   total   8,377,143      93s
[22:17:54]   stats-cfl-2016                          10,988 claims   total   8,388,131      93s
[22:17:54]   stats-cfl-2017                           9,436 claims   total   8,397,567      93s
[22:17:54]   stats-cfl-2018                           9,101 claims   total   8,406,668      93s
[22:17:54]   stats-cfl-2019                           8,335 claims   total   8,415,003      93s
[22:17:54]   stats-cfl-2021                           6,810 claims   total   8,421,813      93s
[22:17:54]   stats-cfl-2022                           8,297 claims   total   8,430,110      93s
[22:17:54]   stats-cfl-2023                           7,391 claims   total   8,437,501      93s
[22:17:54]   stats-cfl-2024                           7,142 claims   total   8,444,643      94s
[22:17:54]   stats-cfl-2025                           7,305 claims   total   8,451,948      94s
[22:17:54]   stats-nfl-1922                           1,402 claims   total   8,453,350      94s
[22:17:54]   stats-nfl-1923                           1,520 claims   total   8,454,870      94s
[22:17:54]   stats-nfl-1924                           1,526 claims   total   8,456,396      94s
[22:17:54]   stats-nfl-1925                           1,732 claims   total   8,458,128      94s
[22:17:54]   stats-nfl-1926                           1,788 claims   total   8,459,916      94s
[22:17:54]   stats-nfl-1927                           1,228 claims   total   8,461,144      94s
[22:17:54]   stats-nfl-1928                           1,055 claims   total   8,462,199      94s
[22:17:54]   stats-nfl-1929                           1,153 claims   total   8,463,352      94s
[22:17:54]   stats-nfl-1930                           1,329 claims   total   8,464,681      94s
[22:17:54]   stats-nfl-1931                           1,165 claims   total   8,465,846      94s
[22:17:54]   stats-nfl-1932                           2,307 claims   total   8,468,153      94s
[22:17:54]   stats-nfl-1933                           3,058 claims   total   8,471,211      94s
[22:17:54]   stats-nfl-1934                           3,216 claims   total   8,474,427      94s
[22:17:54]   stats-nfl-1935                           3,053 claims   total   8,477,480      94s
[22:17:54]   stats-nfl-1936                           3,002 claims   total   8,480,482      94s
[22:17:54]   stats-nfl-1937                           3,379 claims   total   8,483,861      94s
[22:17:54]   stats-nfl-1938                           3,670 claims   total   8,487,531      94s
[22:17:55]   stats-nfl-1939                           3,900 claims   total   8,491,431      94s
[22:17:55]   stats-nfl-1940                           4,235 claims   total   8,495,666      94s
[22:17:55]   stats-nfl-1941                           5,549 claims   total   8,501,215      94s
[22:17:55]   stats-nfl-1942                           4,989 claims   total   8,506,204      94s
[22:17:55]   stats-nfl-1943                           3,683 claims   total   8,509,887      94s
[22:17:55]   stats-nfl-1944                           4,613 claims   total   8,514,500      94s
[22:17:55]   stats-nfl-1945                           5,920 claims   total   8,520,420      94s
[22:17:55]   stats-nfl-1946                           6,066 claims   total   8,526,486      94s
[22:17:55]   stats-nfl-1947                           6,374 claims   total   8,532,860      94s
[22:17:55]   stats-nfl-1948                           6,368 claims   total   8,539,228      94s
[22:17:55]   stats-nfl-1949                           5,689 claims   total   8,544,917      94s
[22:17:55]   stats-nfl-1950                           7,484 claims   total   8,552,401      94s
[22:17:55]   stats-nfl-1951                           6,340 claims   total   8,558,741      94s
[22:17:55]   stats-nfl-1952                           7,069 claims   total   8,565,810      94s
[22:17:55]   stats-nfl-1953                           6,477 claims   total   8,572,287      94s
[22:17:55]   stats-nfl-1954                           6,377 claims   total   8,578,664      94s
[22:17:55]   stats-nfl-1955                           6,074 claims   total   8,584,738      95s
[22:17:55]   stats-nfl-1956                           5,965 claims   total   8,590,703      95s
[22:17:55]   stats-nfl-1957                           6,097 claims   total   8,596,800      95s
[22:17:55]   stats-nfl-1958                           6,062 claims   total   8,602,862      95s
[22:17:55]   stats-nfl-1959                           5,884 claims   total   8,608,746      95s
[22:17:55]   stats-nfl-1960                           6,154 claims   total   8,614,900      95s
[22:17:55]   stats-nfl-1961                           7,010 claims   total   8,621,910      95s
[22:17:56]   stats-nfl-1962                           7,015 claims   total   8,628,925      95s
[22:17:56]   stats-nfl-1963                           7,205 claims   total   8,636,130      95s
[22:17:56]   stats-nfl-1964                           7,391 claims   total   8,643,521      95s
[22:17:56]   stats-nfl-1965                           7,547 claims   total   8,651,068      95s
[22:17:56]   stats-nfl-1966                           8,040 claims   total   8,659,108      95s
[22:17:56]   stats-nfl-1967                           8,504 claims   total   8,667,612      95s
[22:17:56]   stats-nfl-1968                           8,271 claims   total   8,675,883      95s
[22:17:56]   stats-nfl-1969                           8,336 claims   total   8,684,219      95s
[22:17:56]   stats-nfl-1970                          13,581 claims   total   8,697,800      95s
[22:17:56]   stats-nfl-1971                          13,706 claims   total   8,711,506      95s
[22:17:56]   stats-nfl-1972                          13,545 claims   total   8,725,051      95s
[22:17:56]   stats-nfl-1973                          13,669 claims   total   8,738,720      96s
[22:17:56]   stats-nfl-1974                          14,278 claims   total   8,752,998      96s
[22:17:57]   stats-nfl-1975                          14,118 claims   total   8,767,116      96s
[22:17:57]   stats-nfl-1976                          15,270 claims   total   8,782,386      96s
[22:17:57]   stats-nfl-1977                          14,870 claims   total   8,797,256      96s
[22:17:57]   stats-nfl-1978                          15,839 claims   total   8,813,095      96s
[22:17:57]   stats-nfl-1979                          16,014 claims   total   8,829,109      96s
[22:17:57]   stats-nfl-1980                          15,553 claims   total   8,844,662      96s
[22:17:57]   stats-nfl-1981                          16,111 claims   total   8,860,773      97s
[22:17:57]   stats-nfl-1982                          13,120 claims   total   8,873,893      97s
[22:17:57]   stats-nfl-1983                          17,037 claims   total   8,890,930      97s
[22:17:58]   stats-nfl-1984                          16,658 claims   total   8,907,588      97s
[22:17:58]   stats-nfl-1985                          16,059 claims   total   8,923,647      97s
[22:17:58]   stats-nfl-1986                          16,707 claims   total   8,940,354      97s
[22:17:58]   stats-nfl-1987                          22,924 claims   total   8,963,278      97s
[22:17:58]   stats-nfl-1988                          16,677 claims   total   8,979,955      98s
[22:17:58]   stats-nfl-1989                          17,470 claims   total   8,997,425      98s
[22:17:58]   stats-nfl-1990                          16,563 claims   total   9,013,988      98s
[22:17:59]   stats-nfl-1991                          16,955 claims   total   9,030,943      98s
[22:17:59]   stats-nfl-1992                          17,133 claims   total   9,048,076      98s
[22:17:59]   stats-nfl-1993                          17,631 claims   total   9,065,707      98s
[22:17:59]   stats-nfl-1994                          17,780 claims   total   9,083,487      98s
[22:17:59]   stats-nfl-1995                          19,490 claims   total   9,102,977      98s
[22:17:59]   stats-nfl-1996                          19,183 claims   total   9,122,160      99s
[22:17:59]   stats-nfl-1997                          19,612 claims   total   9,141,772      99s
[22:18:00]   stats-nfl-1998                          19,607 claims   total   9,161,379      99s
[22:18:00]   stats-nfl-1999                          20,688 claims   total   9,182,067      99s
[22:18:00]   stats-nfl-2000                          20,325 claims   total   9,202,392      99s
[22:18:00]   stats-nfl-2001                          20,848 claims   total   9,223,240      99s
[22:18:00]   stats-nfl-2002                          20,811 claims   total   9,244,051     100s
[22:18:00]   stats-nfl-2003                          21,873 claims   total   9,265,924     100s
[22:18:01]   stats-nfl-2004                          22,341 claims   total   9,288,265     100s
[22:18:01]   stats-nfl-2005                          21,666 claims   total   9,309,931     100s
[22:18:01]   stats-nfl-2006                          21,211 claims   total   9,331,142     100s
[22:18:01]   stats-nfl-2007                          21,939 claims   total   9,353,081     100s
[22:18:01]   stats-nfl-2008                          23,130 claims   total   9,376,211     100s
[22:18:01]   stats-nfl-2009                          23,440 claims   total   9,399,651     101s
[22:18:02]   stats-nfl-2010                          23,879 claims   total   9,423,530     101s
[22:18:02]   stats-nfl-2011                          23,095 claims   total   9,446,625     101s
[22:18:02]   stats-nfl-2012                          21,438 claims   total   9,468,063     101s
[22:18:02]   stats-nfl-2013                          22,733 claims   total   9,490,796     101s
[22:18:02]   stats-nfl-2014                          23,734 claims   total   9,514,530     102s
[22:18:03]   stats-nfl-2015                          21,973 claims   total   9,536,503     102s
[22:18:03]   stats-nfl-2016                          21,433 claims   total   9,557,936     102s
[22:18:03]   stats-nfl-2017                          21,524 claims   total   9,579,460     102s
[22:18:03]   stats-nfl-2018                          26,162 claims   total   9,605,622     102s
[22:18:03]   stats-nfl-2019                          25,740 claims   total   9,631,362     102s
[22:18:03]   stats-nfl-2020                          25,810 claims   total   9,657,172     103s
[22:18:04]   stats-nfl-2021                          28,884 claims   total   9,686,056     103s
[22:18:04]   stats-nfl-2022                          25,433 claims   total   9,711,489     103s
[22:18:04]   stats-nfl-2023                          24,730 claims   total   9,736,219     103s
[22:18:04]   stats-nfl-2024                          24,692 claims   total   9,760,911     104s
[22:18:04]   stats-ufl-2009                           2,683 claims   total   9,763,594     104s
[22:18:04]   stats-ufl-2010                           3,701 claims   total   9,767,295     104s
[22:18:04]   stats-ufl-2011                           1,860 claims   total   9,769,155     104s
[22:18:04]   stats-ufl-2012                           1,869 claims   total   9,771,024     104s
[22:18:04]   stats-ufl2-2024                          4,257 claims   total   9,775,281     104s
[22:18:04]   stats-usfl-1983                          6,873 claims   total   9,782,154     104s
[22:18:04]   stats-usfl-1984                          9,935 claims   total   9,792,089     104s
[22:18:05]   stats-usfl-1985                          7,364 claims   total   9,799,453     104s
[22:18:05]   stats-usfl2-2022                         4,732 claims   total   9,804,185     104s
[22:18:05]   stats-usfl2-2023                         4,021 claims   total   9,808,206     104s
[22:18:05]   stats-wfl-1974                           7,835 claims   total   9,816,041     104s
[22:18:05]   stats-wfl-1975                           5,071 claims   total   9,821,112     104s
[22:18:05]   stats-wlaf-1991                          3,691 claims   total   9,824,803     104s
[22:18:05]   stats-wlaf-1992                          3,500 claims   total   9,828,303     104s
[22:18:05]   stats-xfl-2001                           4,469 claims   total   9,832,772     104s
[22:18:05]   stats-xfl-2020                           3,273 claims   total   9,836,045     104s
[22:18:05]   stats-xfl-2023                           4,724 claims   total   9,840,769     104s
[22:18:05]   troan-experience                            20 claims   total   9,840,789     104s
[22:18:05]   ufl-2009                                 2,048 claims   total   9,842,837     104s
[22:18:05]   ufl-2010                                 2,840 claims   total   9,845,677     104s
[22:18:05]   ufl-2011                                 2,200 claims   total   9,847,877     104s
[22:18:05]   ufl-2012                                 1,796 claims   total   9,849,673     104s
[22:18:05]   ufl2-2024                                4,024 claims   total   9,853,697     104s
[22:18:05]   usfl-1983                                6,720 claims   total   9,860,417     104s
[22:18:05]   usfl-1984                                9,832 claims   total   9,870,249     104s
[22:18:05]   usfl-1985                                6,927 claims   total   9,877,176     104s
[22:18:05]   usfl2-2022                               3,592 claims   total   9,880,768     104s
[22:18:05]   usfl2-2023                               4,464 claims   total   9,885,232     104s
[22:18:05]   wfl-1974                                 7,127 claims   total   9,892,359     104s
[22:18:05]   wfl-1975                                 4,740 claims   total   9,897,099     104s
[22:18:05]   wikipedia-photos-backfill                  432 claims   total   9,897,531     104s
[22:18:05]   wikipedia-photos-replacements            1,667 claims   total   9,899,198     105s
[22:18:05]   wikipedia-photos-sweep                   1,622 claims   total   9,900,820     105s
[22:18:05]   wikipedia-plunkett                           6 claims   total   9,900,826     105s
[22:18:05]   wikipedia-seasons-aaf                        0 claims   total   9,900,826     105s
[22:18:05]   wikipedia-seasons-arena                     31 claims   total   9,900,857     105s
[22:18:05]   wikipedia-seasons-cfl                      533 claims   total   9,901,390     105s
[22:18:05]   wikipedia-seasons-ufl                       34 claims   total   9,901,424     105s
[22:18:05]   wikipedia-seasons-usfl2                     16 claims   total   9,901,440     105s
[22:18:05]   wikipedia-seasons-wfl                        0 claims   total   9,901,440     105s
[22:18:05]   wikipedia-seasons-xfl                       16 claims   total   9,901,456     105s
[22:18:06]   wikipedia                               40,794 claims   total   9,942,250     105s
[22:18:06]   wip-drafts                               5,574 claims   total   9,947,824     105s
[22:18:06]   wlaf-1991                                3,896 claims   total   9,951,720     105s
[22:18:06]   wlaf-1992                                3,640 claims   total   9,955,360     105s
[22:18:06]   xfl-2001                                 3,928 claims   total   9,959,288     105s
[22:18:06]   xfl-2020                                 4,184 claims   total   9,963,472     105s
[22:18:06]   xfl-2023                                 4,544 claims   total   9,968,016     105s
[22:18:06] people: reading the index once, then releasing it
[22:18:10] people: 51,257 (claims 51,182, identity 40,745, claims|identity 51,257, index 51,257); names 187,167
[22:18:10] indexes
[22:18:44] source summary
[22:18:53] per-person family and stint summaries
[22:19:04] contested
[22:19:06]   values folded by a declared reading rather than recorded as disagreeing: 67,214
[22:19:06]   9,245 (person, family) pairs contested
[22:19:06] gates
[22:19:20]   RS-G1 unreadable dates: PASS  {'date_strings_read': 258946, 'unreadable_undeclared': 0, 'unreadable_declared_as_printed': 20, 'declared_but_no_longer_seen': 0}
[22:19:20]   RS-G2 unresolved persons: PASS  {'unresolved_undeclared_claims': 0, 'undeclared_stores': 0, 'unresolved_declared_claims': 72519, 'declared_stores': 16}
[22:19:20]   RS-G3 source records: FAIL  {'claims_naming_a_record_not_in_their_store': 414, 'claims_naming_no_record': 0, 'stores_without_a_record_table': 30, 'claims_in_stores_without_a_table': 2579729, 'records_prefixed_by_another_source_id': 356611, 'claims_from_undeclared_sources': 16134}
[22:19:20]   RS-G4 population reconciles with the index: PASS  {'ours': 51257, 'index': 51257, 'in_index_not_here': 0, 'here_not_in_index': 0}
[22:19:20]   RS-G5 every build file accounted for: FAIL  {'files_in_build': 987, 'stores_in_the_model': 532, 'unexplained': 1, 'declaration_stale': 0, 'declared_but_gone': 0, 'explained': 454, 'pending_a_rebuild': 0, 'reader_no_longer_refuses': 0}
[22:19:20]   RS-G6 no false disagreement: PASS  {'families_needing_a_reading': 8, 'of_those_with_one': 8, 'families_WITHOUT_a_reading': 0, 'readers_available': 9, 'contested_rows_skipped_because_their_family_has_no_reading': 0, 'contested_facts_checked': 9092, 'false_disagreements': 0, 'facts_with_an_unreadable_value': 1513}
[22:19:20]   RS-G7 every league token is a league: PASS  {'distinct_tokens': 34, 'in_the_club_table': 31, 'declared_non_competitions': 3, 'fabricated': 0, 'claims_on_fabricated_tokens': 0}
[22:19:20]   RS-G8 classification is declared, not read off a name: PASS  {'statistic_stores_declared': 228, 'predicates_seen': 405, 'predicates_wholly_inside_a_statistics_store': 171, 'predicates_straddling_the_boundary': 0, 'staff_predicates_declared': 4, 'name_predicates_declared': 7, 'worked_examples_checked': 19, 'index_names_with_a_comma': 2477, 'people_holding_a_bare_surname_beside_a_fuller_name': 2, 'of_those_read_as_surname_first': 2365, 'differences': 0, 'declared_stores_no_longer_in_the_model': 0}
[22:19:20] analyze
[22:19:36] built in 195s: 9,968,016 claims, 51,257 people, 532 stores

WARNING: publishing with FAILED gates because --force was given. Every response will say so.
  kept the outgoing model as previous/archive-20260911T163948-c78e772e945f2465.sqlite (c78e772e945f2465, built 2026-09-11T16:39:48); 2 retained
  removed previous/archive-20260911T143410-c0789eba0b170cf3.sqlite: oldest beyond KEEP_PREVIOUS
published /Users/ryannecci/Library/Caches/football-archive-service/archive.sqlite
