[13:36:56] clubs: 602 ids, 506 codes, leagues ['', 'AAF', 'AAFC', 'ACFL', 'AFA', 'AFL', 'ALFL', 'APFA', 'ARENA', 'ARFL', 'CAFL', 'CFL', 'COFL', 'DFL', 'EFL', 'IFL', 'IRFU', 'MWFL', 'NFL', 'NFLE', 'NWIFL', 'ORFU', 'PCFL', 'PFLA', 'SFL', 'TSFL', 'UFL', 'UFL2', 'USFL', 'USFL2', 'WFL', 'WIFU', 'WLAF', 'XFL']
[13:36:56] read-stage cache: NOT USED -- the read-stage fingerprint changed: a declaration or the code moved
[13:36:56]   PGMRoster_1950: not a claim store, skipped (array)
[13:36:56]   aaf-2019                                 3,880 claims   total       3,880       1s
[13:36:56]   aafc-1946                                2,424 claims   total       6,304       1s
[13:36:56]   aafc-1947                                2,512 claims   total       8,816       1s
[13:36:56]   aafc-1948                                2,624 claims   total      11,440       1s
[13:36:56]   aafc-1949                                1,968 claims   total      13,408       1s
[13:36:56]   afl-1926                                   204 claims   total      13,612       1s
[13:36:56]   afl-1960                                 2,992 claims   total      16,604       1s
[13:36:56]   afl-1961                                 2,744 claims   total      19,348       1s
[13:36:56]   afl-1962                                 2,664 claims   total      22,012       1s
[13:36:56]   afl-1963                                 2,600 claims   total      24,612       1s
[13:36:56]   afl-1964                                 2,712 claims   total      27,324       1s
[13:36:56]   afl-1965                                 2,848 claims   total      30,172       1s
[13:36:56]   afl-1966                                 3,424 claims   total      33,596       1s
[13:36:56]   afl-1967                                 3,528 claims   total      37,124       1s
[13:36:56]   afl-1968                                 4,024 claims   total      41,148       1s
[13:36:56]   afl-1969                                 3,784 claims   total      44,932       1s
[13:36:56]   apfa-1920                                2,778 claims   total      47,710       1s
[13:36:56]   apfa-1921                                3,558 claims   total      51,268       1s
[13:36:56]   arena-1987-2019                          8,798 claims   total      60,066       1s
[13:36:56]   arena-player-pages                       9,433 claims   total      69,499       2s
[13:36:56]   assistants-identity: not a claim store, skipped (object with no top-level claims list)
[13:36:56]   assistants                               1,533 claims   total      71,032       2s
[13:36:56]   cfl-1945                                 1,197 claims   total      72,229       2s
[13:36:57]   cfl-1946                                 2,182 claims   total      74,411       2s
[13:36:57]   cfl-1947                                 1,910 claims   total      76,321       2s
[13:36:57]   cfl-1948                                 1,953 claims   total      78,274       2s
[13:36:57]   cfl-1949                                 2,342 claims   total      80,616       2s
[13:36:57]   cfl-1950                                 2,238 claims   total      82,854       2s
[13:36:57]   cfl-1951                                 2,417 claims   total      85,271       2s
[13:36:57]   cfl-1952                                 2,619 claims   total      87,890       2s
[13:36:57]   cfl-1953                                 2,610 claims   total      90,500       2s
[13:36:57]   cfl-1954                                 2,809 claims   total      93,309       2s
[13:36:57]   cfl-1955                                 2,791 claims   total      96,100       2s
[13:36:57]   cfl-1956                                 2,862 claims   total      98,962       2s
[13:36:57]   cfl-1957                                 2,951 claims   total     101,913       2s
[13:36:57]   cfl-1958                                 2,711 claims   total     104,624       2s
[13:36:57]   cfl-1959                                 2,940 claims   total     107,564       2s
[13:36:57]   cfl-1960                                 3,012 claims   total     110,576       2s
[13:36:57]   cfl-1961                                 2,800 claims   total     113,376       2s
[13:36:57]   cfl-1962                                 2,727 claims   total     116,103       2s
[13:36:57]   cfl-1963                                 2,795 claims   total     118,898       2s
[13:36:57]   cfl-1964                                 2,864 claims   total     121,762       2s
[13:36:57]   cfl-1965                                 2,896 claims   total     124,658       2s
[13:36:57]   cfl-1966                                 2,592 claims   total     127,250       2s
[13:36:57]   cfl-1967                                 2,798 claims   total     130,048       2s
[13:36:57]   cfl-1968                                 2,711 claims   total     132,759       2s
[13:36:57]   cfl-1969                                 2,762 claims   total     135,521       2s
[13:36:57]   cfl-1970                                 2,805 claims   total     138,326       2s
[13:36:57]   cfl-1971                                 2,799 claims   total     141,125       2s
[13:36:57]   cfl-1972                                 2,855 claims   total     143,980       2s
[13:36:57]   cfl-1973                                 2,950 claims   total     146,930       2s
[13:36:57]   cfl-1974                                 3,044 claims   total     149,974       2s
[13:36:57]   cfl-1975                                 3,153 claims   total     153,127       2s
[13:36:57]   cfl-1976                                 3,180 claims   total     156,307       2s
[13:36:57]   cfl-1977                                 3,269 claims   total     159,576       2s
[13:36:57]   cfl-1978                                 3,386 claims   total     162,962       2s
[13:36:57]   cfl-1979                                 3,551 claims   total     166,513       2s
[13:36:57]   cfl-1980                                 3,437 claims   total     169,950       2s
[13:36:57]   cfl-1981                                 3,478 claims   total     173,428       2s
[13:36:57]   cfl-1982                                 3,500 claims   total     176,928       2s
[13:36:57]   cfl-1983                                 3,536 claims   total     180,464       2s
[13:36:57]   cfl-1984                                 3,456 claims   total     183,920       2s
[13:36:57]   cfl-1985                                 3,650 claims   total     187,570       2s
[13:36:57]   cfl-1986                                 3,972 claims   total     191,542       2s
[13:36:57]   cfl-1987                                 3,520 claims   total     195,062       2s
[13:36:57]   cfl-1988                                 3,584 claims   total     198,646       2s
[13:36:57]   cfl-1989                                 3,648 claims   total     202,294       2s
[13:36:57]   cfl-1990                                 3,592 claims   total     205,886       2s
[13:36:57]   cfl-1991                                 3,632 claims   total     209,518       2s
[13:36:57]   cfl-1992                                 3,464 claims   total     212,982       3s
[13:36:58]   cfl-1993                                 4,232 claims   total     217,214       3s
[13:36:58]   cfl-1994                                 5,816 claims   total     223,030       3s
[13:36:58]   cfl-1995                                 6,360 claims   total     229,390       3s
[13:36:58]   cfl-1996                                 4,288 claims   total     233,678       3s
[13:36:58]   cfl-1997                                 3,408 claims   total     237,086       3s
[13:36:58]   cfl-1998                                 3,552 claims   total     240,638       3s
[13:36:58]   cfl-1999                                 3,672 claims   total     244,310       3s
[13:36:58]   cfl-2000                                 3,696 claims   total     248,006       3s
[13:36:58]   cfl-2001                                 3,832 claims   total     251,838       3s
[13:36:58]   cfl-2002                                 4,336 claims   total     256,174       3s
[13:36:58]   cfl-2003                                 4,248 claims   total     260,422       3s
[13:36:58]   cfl-2004                                 4,376 claims   total     264,798       3s
[13:36:58]   cfl-2005                                 4,448 claims   total     269,246       3s
[13:36:58]   cfl-2006                                 4,160 claims   total     273,406       3s
[13:36:58]   cfl-2007                                 4,568 claims   total     277,974       3s
[13:36:58]   cfl-2008                                 4,392 claims   total     282,366       3s
[13:36:58]   cfl-2009                                 4,432 claims   total     286,798       3s
[13:36:58]   cfl-2010                                 4,296 claims   total     291,094       3s
[13:36:58]   cfl-2011                                 4,336 claims   total     295,430       3s
[13:36:58]   cfl-2012                                 4,400 claims   total     299,830       3s
[13:36:58]   cfl-2013                                 4,824 claims   total     304,654       3s
[13:36:58]   cfl-2014                                 5,312 claims   total     309,966       3s
[13:36:58]   cfl-2015                                 5,336 claims   total     315,302       3s
[13:36:58]   cfl-2016                                 5,415 claims   total     320,717       3s
[13:36:58]   cfl-2017                                 5,400 claims   total     326,117       3s
[13:36:58]   cfl-2018                                 5,160 claims   total     331,277       3s
[13:36:58]   cfl-2019                                 5,280 claims   total     336,557       3s
[13:36:58]   cfl-2021                                 5,480 claims   total     342,037       3s
[13:36:58]   cfl-2022                                 5,264 claims   total     347,301       3s
[13:36:58]   cfl-2023                                 5,648 claims   total     352,949       3s
[13:36:58]   cfl-2024                                 5,920 claims   total     358,869       3s
[13:36:58]   cfl-2025                                 5,928 claims   total     364,797       4s
[13:36:58]   cfl1945-season-restore: not a claim store, skipped (object with no top-level claims list)
[13:36:58]   club-key-normalisation: not a claim store, skipped (object with no top-level claims list)
[13:36:59]   club-names                               3,666 claims   total     368,463       4s
[13:36:59]   clubs: not a claim store, skipped (object with no top-level claims list)
[13:36:59]   coach-demotions: not a claim store, skipped (object with no top-level claims list)
[13:36:59]   coach-promotions: not a claim store, skipped (object with no top-level claims list)
[13:36:59]   coach-seasons-promoted                  17,621 claims   total     386,084       4s
[13:36:59]   coaches-nfl                             10,484 claims   total     396,568       4s
[13:36:59]   coaches                                  5,720 claims   total     402,288       4s
[13:36:59]   college-guides-candidates: not a claim store, skipped (object with no top-level claims list)
[13:36:59]   contested-1950: not a claim store, skipped (array)
[13:36:59]   contested-coaches: not a claim store, skipped (array)
[13:36:59]   contested-nfl-1950: not a claim store, skipped (array)
[13:36:59]   contested-salaries: not a claim store, skipped (array)
[13:36:59]   contested-wfl-1974: not a claim store, skipped (array)
[13:36:59]   crippen-aafc                             1,208 claims   total     403,496       4s
[13:36:59]   crippen-book                             5,974 claims   total     409,470       4s
[13:36:59]   dev-aaf-2019: not a claim store, skipped (array)
[13:36:59]   dev-aafc-1946: not a claim store, skipped (array)
[13:36:59]   dev-aafc-1947: not a claim store, skipped (array)
[13:36:59]   dev-aafc-1948: not a claim store, skipped (array)
[13:36:59]   dev-aafc-1949: not a claim store, skipped (array)
[13:36:59]   dev-afl-1960: not a claim store, skipped (array)
[13:36:59]   dev-afl-1961: not a claim store, skipped (array)
[13:36:59]   dev-afl-1962: not a claim store, skipped (array)
[13:36:59]   dev-afl-1963: not a claim store, skipped (array)
[13:36:59]   dev-afl-1964: not a claim store, skipped (array)
[13:36:59]   dev-afl-1965: not a claim store, skipped (array)
[13:36:59]   dev-afl-1966: not a claim store, skipped (array)
[13:36:59]   dev-afl-1967: not a claim store, skipped (array)
[13:36:59]   dev-afl-1968: not a claim store, skipped (array)
[13:36:59]   dev-afl-1969: not a claim store, skipped (array)
[13:36:59]   dev-apfa-1920: not a claim store, skipped (array)
[13:36:59]   dev-apfa-1921: not a claim store, skipped (array)
[13:36:59]   dev-cfl-1945: not a claim store, skipped (array)
[13:36:59]   dev-cfl-1946: not a claim store, skipped (array)
[13:36:59]   dev-cfl-1947: not a claim store, skipped (array)
[13:36:59]   dev-cfl-1948: not a claim store, skipped (array)
[13:36:59]   dev-cfl-1949: not a claim store, skipped (array)
[13:36:59]   dev-cfl-1950: not a claim store, skipped (array)
[13:36:59]   dev-cfl-1951: not a claim store, skipped (array)
[13:36:59]   dev-cfl-1952: not a claim store, skipped (array)
[13:36:59]   dev-cfl-1953: not a claim store, skipped (array)
[13:36:59]   dev-cfl-1954: not a claim store, skipped (array)
[13:36:59]   dev-cfl-1955: not a claim store, skipped (array)
[13:36:59]   dev-cfl-1956: not a claim store, skipped (array)
[13:36:59]   dev-cfl-1957: not a claim store, skipped (array)
[13:36:59]   dev-cfl-1958: not a claim store, skipped (array)
[13:36:59]   dev-cfl-1959: not a claim store, skipped (array)
[13:36:59]   dev-cfl-1960: not a claim store, skipped (array)
[13:36:59]   dev-cfl-1961: not a claim store, skipped (array)
[13:36:59]   dev-cfl-1962: not a claim store, skipped (array)
[13:36:59]   dev-cfl-1963: not a claim store, skipped (array)
[13:36:59]   dev-cfl-1964: not a claim store, skipped (array)
[13:36:59]   dev-cfl-1965: not a claim store, skipped (array)
[13:36:59]   dev-cfl-1966: not a claim store, skipped (array)
[13:36:59]   dev-cfl-1967: not a claim store, skipped (array)
[13:36:59]   dev-cfl-1968: not a claim store, skipped (array)
[13:36:59]   dev-cfl-1969: not a claim store, skipped (array)
[13:36:59]   dev-cfl-1970: not a claim store, skipped (array)
[13:36:59]   dev-cfl-1971: not a claim store, skipped (array)
[13:36:59]   dev-cfl-1972: not a claim store, skipped (array)
[13:36:59]   dev-cfl-1973: not a claim store, skipped (array)
[13:36:59]   dev-cfl-1974: not a claim store, skipped (array)
[13:36:59]   dev-cfl-1975: not a claim store, skipped (array)
[13:36:59]   dev-cfl-1976: not a claim store, skipped (array)
[13:36:59]   dev-cfl-1977: not a claim store, skipped (array)
[13:36:59]   dev-cfl-1978: not a claim store, skipped (array)
[13:36:59]   dev-cfl-1979: not a claim store, skipped (array)
[13:36:59]   dev-cfl-1980: not a claim store, skipped (array)
[13:36:59]   dev-cfl-1981: not a claim store, skipped (array)
[13:36:59]   dev-cfl-1982: not a claim store, skipped (array)
[13:36:59]   dev-cfl-1983: not a claim store, skipped (array)
[13:36:59]   dev-cfl-1984: not a claim store, skipped (array)
[13:36:59]   dev-cfl-1985: not a claim store, skipped (array)
[13:36:59]   dev-cfl-1986: not a claim store, skipped (array)
[13:36:59]   dev-cfl-1987: not a claim store, skipped (array)
[13:36:59]   dev-cfl-1988: not a claim store, skipped (array)
[13:36:59]   dev-cfl-1989: not a claim store, skipped (array)
[13:36:59]   dev-cfl-1990: not a claim store, skipped (array)
[13:36:59]   dev-cfl-1991: not a claim store, skipped (array)
[13:36:59]   dev-cfl-1992: not a claim store, skipped (array)
[13:36:59]   dev-cfl-1993: not a claim store, skipped (array)
[13:36:59]   dev-cfl-1994: not a claim store, skipped (array)
[13:36:59]   dev-cfl-1995: not a claim store, skipped (array)
[13:36:59]   dev-cfl-1996: not a claim store, skipped (array)
[13:36:59]   dev-cfl-1997: not a claim store, skipped (array)
[13:36:59]   dev-cfl-1998: not a claim store, skipped (array)
[13:36:59]   dev-cfl-1999: not a claim store, skipped (array)
[13:36:59]   dev-cfl-2000: not a claim store, skipped (array)
[13:36:59]   dev-cfl-2001: not a claim store, skipped (array)
[13:36:59]   dev-cfl-2002: not a claim store, skipped (array)
[13:36:59]   dev-cfl-2003: not a claim store, skipped (array)
[13:36:59]   dev-cfl-2004: not a claim store, skipped (array)
[13:36:59]   dev-cfl-2005: not a claim store, skipped (array)
[13:36:59]   dev-cfl-2006: not a claim store, skipped (array)
[13:36:59]   dev-cfl-2007: not a claim store, skipped (array)
[13:36:59]   dev-cfl-2008: not a claim store, skipped (array)
[13:36:59]   dev-cfl-2009: not a claim store, skipped (array)
[13:36:59]   dev-cfl-2010: not a claim store, skipped (array)
[13:36:59]   dev-cfl-2011: not a claim store, skipped (array)
[13:36:59]   dev-cfl-2012: not a claim store, skipped (array)
[13:36:59]   dev-cfl-2013: not a claim store, skipped (array)
[13:36:59]   dev-cfl-2014: not a claim store, skipped (array)
[13:36:59]   dev-cfl-2015: not a claim store, skipped (array)
[13:36:59]   dev-cfl-2016: not a claim store, skipped (array)
[13:36:59]   dev-cfl-2017: not a claim store, skipped (array)
[13:36:59]   dev-cfl-2018: not a claim store, skipped (array)
[13:36:59]   dev-cfl-2019: not a claim store, skipped (array)
[13:36:59]   dev-cfl-2021: not a claim store, skipped (array)
[13:36:59]   dev-cfl-2022: not a claim store, skipped (array)
[13:36:59]   dev-cfl-2023: not a claim store, skipped (array)
[13:36:59]   dev-cfl-2024: not a claim store, skipped (array)
[13:36:59]   dev-cfl-2025: not a claim store, skipped (array)
[13:36:59]   dev-nfl-1922: not a claim store, skipped (array)
[13:36:59]   dev-nfl-1923: not a claim store, skipped (array)
[13:36:59]   dev-nfl-1924: not a claim store, skipped (array)
[13:36:59]   dev-nfl-1925: not a claim store, skipped (array)
[13:36:59]   dev-nfl-1926: not a claim store, skipped (array)
[13:36:59]   dev-nfl-1927: not a claim store, skipped (array)
[13:36:59]   dev-nfl-1928: not a claim store, skipped (array)
[13:36:59]   dev-nfl-1929: not a claim store, skipped (array)
[13:36:59]   dev-nfl-1930: not a claim store, skipped (array)
[13:36:59]   dev-nfl-1931: not a claim store, skipped (array)
[13:36:59]   dev-nfl-1932: not a claim store, skipped (array)
[13:36:59]   dev-nfl-1933: not a claim store, skipped (array)
[13:36:59]   dev-nfl-1934: not a claim store, skipped (array)
[13:36:59]   dev-nfl-1935: not a claim store, skipped (array)
[13:36:59]   dev-nfl-1936: not a claim store, skipped (array)
[13:36:59]   dev-nfl-1937: not a claim store, skipped (array)
[13:36:59]   dev-nfl-1938: not a claim store, skipped (array)
[13:36:59]   dev-nfl-1939: not a claim store, skipped (array)
[13:36:59]   dev-nfl-1940: not a claim store, skipped (array)
[13:36:59]   dev-nfl-1941: not a claim store, skipped (array)
[13:36:59]   dev-nfl-1942: not a claim store, skipped (array)
[13:36:59]   dev-nfl-1943: not a claim store, skipped (array)
[13:36:59]   dev-nfl-1944: not a claim store, skipped (array)
[13:36:59]   dev-nfl-1945: not a claim store, skipped (array)
[13:36:59]   dev-nfl-1946: not a claim store, skipped (array)
[13:36:59]   dev-nfl-1947: not a claim store, skipped (array)
[13:36:59]   dev-nfl-1948: not a claim store, skipped (array)
[13:36:59]   dev-nfl-1949: not a claim store, skipped (array)
[13:36:59]   dev-nfl-1950: not a claim store, skipped (array)
[13:36:59]   dev-nfl-1951: not a claim store, skipped (array)
[13:36:59]   dev-nfl-1952: not a claim store, skipped (array)
[13:36:59]   dev-nfl-1953: not a claim store, skipped (array)
[13:36:59]   dev-nfl-1954: not a claim store, skipped (array)
[13:36:59]   dev-nfl-1955: not a claim store, skipped (array)
[13:36:59]   dev-nfl-1956: not a claim store, skipped (array)
[13:36:59]   dev-nfl-1957: not a claim store, skipped (array)
[13:36:59]   dev-nfl-1958: not a claim store, skipped (array)
[13:36:59]   dev-nfl-1959: not a claim store, skipped (array)
[13:36:59]   dev-nfl-1960: not a claim store, skipped (array)
[13:36:59]   dev-nfl-1961: not a claim store, skipped (array)
[13:36:59]   dev-nfl-1962: not a claim store, skipped (array)
[13:36:59]   dev-nfl-1963: not a claim store, skipped (array)
[13:36:59]   dev-nfl-1964: not a claim store, skipped (array)
[13:36:59]   dev-nfl-1965: not a claim store, skipped (array)
[13:36:59]   dev-nfl-1966: not a claim store, skipped (array)
[13:36:59]   dev-nfl-1967: not a claim store, skipped (array)
[13:36:59]   dev-nfl-1968: not a claim store, skipped (array)
[13:36:59]   dev-nfl-1969: not a claim store, skipped (array)
[13:36:59]   dev-nfl-1970: not a claim store, skipped (array)
[13:36:59]   dev-nfl-1971: not a claim store, skipped (array)
[13:36:59]   dev-nfl-1972: not a claim store, skipped (array)
[13:36:59]   dev-nfl-1973: not a claim store, skipped (array)
[13:36:59]   dev-nfl-1974: not a claim store, skipped (array)
[13:36:59]   dev-nfl-1975: not a claim store, skipped (array)
[13:36:59]   dev-nfl-1976: not a claim store, skipped (array)
[13:36:59]   dev-nfl-1977: not a claim store, skipped (array)
[13:36:59]   dev-nfl-1978: not a claim store, skipped (array)
[13:36:59]   dev-nfl-1979: not a claim store, skipped (array)
[13:36:59]   dev-nfl-1980: not a claim store, skipped (array)
[13:36:59]   dev-nfl-1981: not a claim store, skipped (array)
[13:36:59]   dev-nfl-1982: not a claim store, skipped (array)
[13:36:59]   dev-nfl-1983: not a claim store, skipped (array)
[13:36:59]   dev-nfl-1984: not a claim store, skipped (array)
[13:36:59]   dev-nfl-1985: not a claim store, skipped (array)
[13:36:59]   dev-nfl-1986: not a claim store, skipped (array)
[13:36:59]   dev-nfl-1987: not a claim store, skipped (array)
[13:36:59]   dev-nfl-1988: not a claim store, skipped (array)
[13:36:59]   dev-nfl-1989: not a claim store, skipped (array)
[13:36:59]   dev-nfl-1990: not a claim store, skipped (array)
[13:36:59]   dev-nfl-1991: not a claim store, skipped (array)
[13:36:59]   dev-nfl-1992: not a claim store, skipped (array)
[13:36:59]   dev-nfl-1993: not a claim store, skipped (array)
[13:36:59]   dev-nfl-1994: not a claim store, skipped (array)
[13:36:59]   dev-nfl-1995: not a claim store, skipped (array)
[13:36:59]   dev-nfl-1996: not a claim store, skipped (array)
[13:36:59]   dev-nfl-1997: not a claim store, skipped (array)
[13:36:59]   dev-nfl-1998: not a claim store, skipped (array)
[13:36:59]   dev-nfl-1999: not a claim store, skipped (array)
[13:36:59]   dev-nfl-2000: not a claim store, skipped (array)
[13:36:59]   dev-nfl-2001: not a claim store, skipped (array)
[13:36:59]   dev-nfl-2002: not a claim store, skipped (array)
[13:36:59]   dev-nfl-2003: not a claim store, skipped (array)
[13:36:59]   dev-nfl-2004: not a claim store, skipped (array)
[13:36:59]   dev-nfl-2005: not a claim store, skipped (array)
[13:36:59]   dev-nfl-2006: not a claim store, skipped (array)
[13:36:59]   dev-nfl-2007: not a claim store, skipped (array)
[13:36:59]   dev-nfl-2008: not a claim store, skipped (array)
[13:36:59]   dev-nfl-2009: not a claim store, skipped (array)
[13:36:59]   dev-nfl-2010: not a claim store, skipped (array)
[13:36:59]   dev-nfl-2011: not a claim store, skipped (array)
[13:36:59]   dev-nfl-2012: not a claim store, skipped (array)
[13:36:59]   dev-nfl-2013: not a claim store, skipped (array)
[13:36:59]   dev-nfl-2014: not a claim store, skipped (array)
[13:36:59]   dev-nfl-2015: not a claim store, skipped (array)
[13:36:59]   dev-nfl-2016: not a claim store, skipped (array)
[13:36:59]   dev-nfl-2017: not a claim store, skipped (array)
[13:36:59]   dev-nfl-2018: not a claim store, skipped (array)
[13:36:59]   dev-nfl-2019: not a claim store, skipped (array)
[13:36:59]   dev-nfl-2020: not a claim store, skipped (array)
[13:36:59]   dev-nfl-2021: not a claim store, skipped (array)
[13:36:59]   dev-nfl-2022: not a claim store, skipped (array)
[13:36:59]   dev-nfl-2023: not a claim store, skipped (array)
[13:36:59]   dev-nfl-2024: not a claim store, skipped (array)
[13:36:59]   dev-ufl-2009: not a claim store, skipped (array)
[13:36:59]   dev-ufl-2010: not a claim store, skipped (array)
[13:36:59]   dev-ufl-2011: not a claim store, skipped (array)
[13:36:59]   dev-ufl-2012: not a claim store, skipped (array)
[13:36:59]   dev-ufl2-2024: not a claim store, skipped (array)
[13:36:59]   dev-usfl-1983: not a claim store, skipped (array)
[13:36:59]   dev-usfl-1984: not a claim store, skipped (array)
[13:36:59]   dev-usfl-1985: not a claim store, skipped (array)
[13:36:59]   dev-usfl2-2022: not a claim store, skipped (array)
[13:36:59]   dev-usfl2-2023: not a claim store, skipped (array)
[13:36:59]   dev-wfl-1974: not a claim store, skipped (array)
[13:36:59]   dev-wfl-1975: not a claim store, skipped (array)
[13:36:59]   dev-wlaf-1991: not a claim store, skipped (array)
[13:36:59]   dev-wlaf-1992: not a claim store, skipped (array)
[13:36:59]   dev-xfl-2001: not a claim store, skipped (array)
[13:36:59]   dev-xfl-2020: not a claim store, skipped (array)
[13:36:59]   dev-xfl-2023: not a claim store, skipped (array)
[13:36:59]   devstats-aaf-2019: not a claim store, skipped (array)
[13:36:59]   devstats-aafc-1946: not a claim store, skipped (array)
[13:36:59]   devstats-aafc-1947: not a claim store, skipped (array)
[13:36:59]   devstats-aafc-1948: not a claim store, skipped (array)
[13:36:59]   devstats-aafc-1949: not a claim store, skipped (array)
[13:36:59]   devstats-afl-1960: not a claim store, skipped (array)
[13:36:59]   devstats-afl-1961: not a claim store, skipped (array)
[13:36:59]   devstats-afl-1962: not a claim store, skipped (array)
[13:36:59]   devstats-afl-1963: not a claim store, skipped (array)
[13:36:59]   devstats-afl-1964: not a claim store, skipped (array)
[13:36:59]   devstats-afl-1965: not a claim store, skipped (array)
[13:36:59]   devstats-afl-1966: not a claim store, skipped (array)
[13:36:59]   devstats-afl-1967: not a claim store, skipped (array)
[13:36:59]   devstats-afl-1968: not a claim store, skipped (array)
[13:36:59]   devstats-afl-1969: not a claim store, skipped (array)
[13:36:59]   devstats-apfa-1920: not a claim store, skipped (array)
[13:36:59]   devstats-apfa-1921: not a claim store, skipped (array)
[13:36:59]   devstats-cfl-1945: not a claim store, skipped (array)
[13:36:59]   devstats-cfl-1946: not a claim store, skipped (array)
[13:36:59]   devstats-cfl-1947: not a claim store, skipped (array)
[13:36:59]   devstats-cfl-1948: not a claim store, skipped (array)
[13:36:59]   devstats-cfl-1949: not a claim store, skipped (array)
[13:36:59]   devstats-cfl-1950: not a claim store, skipped (array)
[13:36:59]   devstats-cfl-1951: not a claim store, skipped (array)
[13:36:59]   devstats-cfl-1952: not a claim store, skipped (array)
[13:36:59]   devstats-cfl-1953: not a claim store, skipped (array)
[13:36:59]   devstats-cfl-1954: not a claim store, skipped (array)
[13:36:59]   devstats-cfl-1955: not a claim store, skipped (array)
[13:36:59]   devstats-cfl-1956: not a claim store, skipped (array)
[13:36:59]   devstats-cfl-1957: not a claim store, skipped (array)
[13:36:59]   devstats-cfl-1958: not a claim store, skipped (array)
[13:36:59]   devstats-cfl-1959: not a claim store, skipped (array)
[13:36:59]   devstats-cfl-1960: not a claim store, skipped (array)
[13:36:59]   devstats-cfl-1961: not a claim store, skipped (array)
[13:36:59]   devstats-cfl-1962: not a claim store, skipped (array)
[13:36:59]   devstats-cfl-1963: not a claim store, skipped (array)
[13:36:59]   devstats-cfl-1964: not a claim store, skipped (array)
[13:36:59]   devstats-cfl-1965: not a claim store, skipped (array)
[13:36:59]   devstats-cfl-1966: not a claim store, skipped (array)
[13:36:59]   devstats-cfl-1967: not a claim store, skipped (array)
[13:36:59]   devstats-cfl-1968: not a claim store, skipped (array)
[13:36:59]   devstats-cfl-1969: not a claim store, skipped (array)
[13:36:59]   devstats-cfl-1970: not a claim store, skipped (array)
[13:36:59]   devstats-cfl-1971: not a claim store, skipped (array)
[13:36:59]   devstats-cfl-1972: not a claim store, skipped (array)
[13:36:59]   devstats-cfl-1973: not a claim store, skipped (array)
[13:36:59]   devstats-cfl-1974: not a claim store, skipped (array)
[13:36:59]   devstats-cfl-1975: not a claim store, skipped (array)
[13:36:59]   devstats-cfl-1976: not a claim store, skipped (array)
[13:36:59]   devstats-cfl-1977: not a claim store, skipped (array)
[13:36:59]   devstats-cfl-1978: not a claim store, skipped (array)
[13:36:59]   devstats-cfl-1979: not a claim store, skipped (array)
[13:36:59]   devstats-cfl-1980: not a claim store, skipped (array)
[13:36:59]   devstats-cfl-1981: not a claim store, skipped (array)
[13:36:59]   devstats-cfl-1982: not a claim store, skipped (array)
[13:36:59]   devstats-cfl-1983: not a claim store, skipped (array)
[13:36:59]   devstats-cfl-1984: not a claim store, skipped (array)
[13:36:59]   devstats-cfl-1985: not a claim store, skipped (array)
[13:36:59]   devstats-cfl-1986: not a claim store, skipped (array)
[13:36:59]   devstats-cfl-1987: not a claim store, skipped (array)
[13:36:59]   devstats-cfl-1988: not a claim store, skipped (array)
[13:36:59]   devstats-cfl-1989: not a claim store, skipped (array)
[13:36:59]   devstats-cfl-1990: not a claim store, skipped (array)
[13:36:59]   devstats-cfl-1991: not a claim store, skipped (array)
[13:36:59]   devstats-cfl-1992: not a claim store, skipped (array)
[13:36:59]   devstats-cfl-1993: not a claim store, skipped (array)
[13:36:59]   devstats-cfl-1994: not a claim store, skipped (array)
[13:36:59]   devstats-cfl-1995: not a claim store, skipped (array)
[13:36:59]   devstats-cfl-1996: not a claim store, skipped (array)
[13:36:59]   devstats-cfl-1997: not a claim store, skipped (array)
[13:36:59]   devstats-cfl-1998: not a claim store, skipped (array)
[13:36:59]   devstats-cfl-1999: not a claim store, skipped (array)
[13:36:59]   devstats-cfl-2000: not a claim store, skipped (array)
[13:36:59]   devstats-cfl-2001: not a claim store, skipped (array)
[13:36:59]   devstats-cfl-2002: not a claim store, skipped (array)
[13:36:59]   devstats-cfl-2003: not a claim store, skipped (array)
[13:36:59]   devstats-cfl-2004: not a claim store, skipped (array)
[13:36:59]   devstats-cfl-2005: not a claim store, skipped (array)
[13:36:59]   devstats-cfl-2006: not a claim store, skipped (array)
[13:36:59]   devstats-cfl-2007: not a claim store, skipped (array)
[13:36:59]   devstats-cfl-2008: not a claim store, skipped (array)
[13:36:59]   devstats-cfl-2009: not a claim store, skipped (array)
[13:36:59]   devstats-cfl-2010: not a claim store, skipped (array)
[13:36:59]   devstats-cfl-2011: not a claim store, skipped (array)
[13:36:59]   devstats-cfl-2012: not a claim store, skipped (array)
[13:36:59]   devstats-cfl-2013: not a claim store, skipped (array)
[13:36:59]   devstats-cfl-2014: not a claim store, skipped (array)
[13:36:59]   devstats-cfl-2015: not a claim store, skipped (array)
[13:36:59]   devstats-cfl-2016: not a claim store, skipped (array)
[13:36:59]   devstats-cfl-2017: not a claim store, skipped (array)
[13:36:59]   devstats-cfl-2018: not a claim store, skipped (array)
[13:36:59]   devstats-cfl-2019: not a claim store, skipped (array)
[13:36:59]   devstats-cfl-2021: not a claim store, skipped (array)
[13:36:59]   devstats-cfl-2022: not a claim store, skipped (array)
[13:36:59]   devstats-cfl-2023: not a claim store, skipped (array)
[13:36:59]   devstats-cfl-2024: not a claim store, skipped (array)
[13:36:59]   devstats-cfl-2025: not a claim store, skipped (array)
[13:36:59]   devstats-nfl-1922: not a claim store, skipped (array)
[13:36:59]   devstats-nfl-1923: not a claim store, skipped (array)
[13:36:59]   devstats-nfl-1924: not a claim store, skipped (array)
[13:36:59]   devstats-nfl-1925: not a claim store, skipped (array)
[13:36:59]   devstats-nfl-1926: not a claim store, skipped (array)
[13:36:59]   devstats-nfl-1927: not a claim store, skipped (array)
[13:36:59]   devstats-nfl-1928: not a claim store, skipped (array)
[13:36:59]   devstats-nfl-1929: not a claim store, skipped (array)
[13:36:59]   devstats-nfl-1930: not a claim store, skipped (array)
[13:36:59]   devstats-nfl-1931: not a claim store, skipped (array)
[13:36:59]   devstats-nfl-1932: not a claim store, skipped (array)
[13:36:59]   devstats-nfl-1933: not a claim store, skipped (array)
[13:36:59]   devstats-nfl-1934: not a claim store, skipped (array)
[13:36:59]   devstats-nfl-1935: not a claim store, skipped (array)
[13:36:59]   devstats-nfl-1936: not a claim store, skipped (array)
[13:36:59]   devstats-nfl-1937: not a claim store, skipped (array)
[13:36:59]   devstats-nfl-1938: not a claim store, skipped (array)
[13:36:59]   devstats-nfl-1939: not a claim store, skipped (array)
[13:36:59]   devstats-nfl-1940: not a claim store, skipped (array)
[13:36:59]   devstats-nfl-1941: not a claim store, skipped (array)
[13:36:59]   devstats-nfl-1942: not a claim store, skipped (array)
[13:36:59]   devstats-nfl-1943: not a claim store, skipped (array)
[13:36:59]   devstats-nfl-1944: not a claim store, skipped (array)
[13:36:59]   devstats-nfl-1945: not a claim store, skipped (array)
[13:36:59]   devstats-nfl-1946: not a claim store, skipped (array)
[13:36:59]   devstats-nfl-1947: not a claim store, skipped (array)
[13:36:59]   devstats-nfl-1948: not a claim store, skipped (array)
[13:36:59]   devstats-nfl-1949: not a claim store, skipped (array)
[13:36:59]   devstats-nfl-1950: not a claim store, skipped (array)
[13:36:59]   devstats-nfl-1951: not a claim store, skipped (array)
[13:36:59]   devstats-nfl-1952: not a claim store, skipped (array)
[13:36:59]   devstats-nfl-1953: not a claim store, skipped (array)
[13:36:59]   devstats-nfl-1954: not a claim store, skipped (array)
[13:36:59]   devstats-nfl-1955: not a claim store, skipped (array)
[13:36:59]   devstats-nfl-1956: not a claim store, skipped (array)
[13:36:59]   devstats-nfl-1957: not a claim store, skipped (array)
[13:36:59]   devstats-nfl-1958: not a claim store, skipped (array)
[13:36:59]   devstats-nfl-1959: not a claim store, skipped (array)
[13:36:59]   devstats-nfl-1960: not a claim store, skipped (array)
[13:36:59]   devstats-nfl-1961: not a claim store, skipped (array)
[13:36:59]   devstats-nfl-1962: not a claim store, skipped (array)
[13:36:59]   devstats-nfl-1963: not a claim store, skipped (array)
[13:36:59]   devstats-nfl-1964: not a claim store, skipped (array)
[13:36:59]   devstats-nfl-1965: not a claim store, skipped (array)
[13:36:59]   devstats-nfl-1966: not a claim store, skipped (array)
[13:36:59]   devstats-nfl-1967: not a claim store, skipped (array)
[13:36:59]   devstats-nfl-1968: not a claim store, skipped (array)
[13:36:59]   devstats-nfl-1969: not a claim store, skipped (array)
[13:36:59]   devstats-nfl-1970: not a claim store, skipped (array)
[13:36:59]   devstats-nfl-1971: not a claim store, skipped (array)
[13:36:59]   devstats-nfl-1972: not a claim store, skipped (array)
[13:36:59]   devstats-nfl-1973: not a claim store, skipped (array)
[13:36:59]   devstats-nfl-1974: not a claim store, skipped (array)
[13:36:59]   devstats-nfl-1975: not a claim store, skipped (array)
[13:36:59]   devstats-nfl-1976: not a claim store, skipped (array)
[13:36:59]   devstats-nfl-1977: not a claim store, skipped (array)
[13:36:59]   devstats-nfl-1978: not a claim store, skipped (array)
[13:36:59]   devstats-nfl-1979: not a claim store, skipped (array)
[13:36:59]   devstats-nfl-1980: not a claim store, skipped (array)
[13:36:59]   devstats-nfl-1981: not a claim store, skipped (array)
[13:36:59]   devstats-nfl-1982: not a claim store, skipped (array)
[13:36:59]   devstats-nfl-1983: not a claim store, skipped (array)
[13:36:59]   devstats-nfl-1984: not a claim store, skipped (array)
[13:36:59]   devstats-nfl-1985: not a claim store, skipped (array)
[13:36:59]   devstats-nfl-1986: not a claim store, skipped (array)
[13:36:59]   devstats-nfl-1987: not a claim store, skipped (array)
[13:36:59]   devstats-nfl-1988: not a claim store, skipped (array)
[13:36:59]   devstats-nfl-1989: not a claim store, skipped (array)
[13:36:59]   devstats-nfl-1990: not a claim store, skipped (array)
[13:36:59]   devstats-nfl-1991: not a claim store, skipped (array)
[13:36:59]   devstats-nfl-1992: not a claim store, skipped (array)
[13:36:59]   devstats-nfl-1993: not a claim store, skipped (array)
[13:36:59]   devstats-nfl-1994: not a claim store, skipped (array)
[13:36:59]   devstats-nfl-1995: not a claim store, skipped (array)
[13:36:59]   devstats-nfl-1996: not a claim store, skipped (array)
[13:36:59]   devstats-nfl-1997: not a claim store, skipped (array)
[13:36:59]   devstats-nfl-1998: not a claim store, skipped (array)
[13:36:59]   devstats-nfl-1999: not a claim store, skipped (array)
[13:36:59]   devstats-nfl-2000: not a claim store, skipped (array)
[13:36:59]   devstats-nfl-2001: not a claim store, skipped (array)
[13:36:59]   devstats-nfl-2002: not a claim store, skipped (array)
[13:36:59]   devstats-nfl-2003: not a claim store, skipped (array)
[13:36:59]   devstats-nfl-2004: not a claim store, skipped (array)
[13:36:59]   devstats-nfl-2005: not a claim store, skipped (array)
[13:36:59]   devstats-nfl-2006: not a claim store, skipped (array)
[13:36:59]   devstats-nfl-2007: not a claim store, skipped (array)
[13:36:59]   devstats-nfl-2008: not a claim store, skipped (array)
[13:36:59]   devstats-nfl-2009: not a claim store, skipped (array)
[13:36:59]   devstats-nfl-2010: not a claim store, skipped (array)
[13:36:59]   devstats-nfl-2011: not a claim store, skipped (array)
[13:36:59]   devstats-nfl-2012: not a claim store, skipped (array)
[13:36:59]   devstats-nfl-2013: not a claim store, skipped (array)
[13:36:59]   devstats-nfl-2014: not a claim store, skipped (array)
[13:36:59]   devstats-nfl-2015: not a claim store, skipped (array)
[13:36:59]   devstats-nfl-2016: not a claim store, skipped (array)
[13:36:59]   devstats-nfl-2017: not a claim store, skipped (array)
[13:36:59]   devstats-nfl-2018: not a claim store, skipped (array)
[13:36:59]   devstats-nfl-2019: not a claim store, skipped (array)
[13:36:59]   devstats-nfl-2020: not a claim store, skipped (array)
[13:36:59]   devstats-nfl-2021: not a claim store, skipped (array)
[13:36:59]   devstats-nfl-2022: not a claim store, skipped (array)
[13:36:59]   devstats-nfl-2023: not a claim store, skipped (array)
[13:36:59]   devstats-nfl-2024: not a claim store, skipped (array)
[13:36:59]   devstats-ufl-2009: not a claim store, skipped (array)
[13:36:59]   devstats-ufl-2010: not a claim store, skipped (array)
[13:36:59]   devstats-ufl-2011: not a claim store, skipped (array)
[13:36:59]   devstats-ufl-2012: not a claim store, skipped (array)
[13:36:59]   devstats-ufl2-2024: not a claim store, skipped (array)
[13:36:59]   devstats-usfl-1983: not a claim store, skipped (array)
[13:36:59]   devstats-usfl-1984: not a claim store, skipped (array)
[13:36:59]   devstats-usfl-1985: not a claim store, skipped (array)
[13:36:59]   devstats-usfl2-2022: not a claim store, skipped (array)
[13:36:59]   devstats-usfl2-2023: not a claim store, skipped (array)
[13:36:59]   devstats-wfl-1974: not a claim store, skipped (array)
[13:36:59]   devstats-wfl-1975: not a claim store, skipped (array)
[13:36:59]   devstats-wlaf-1991: not a claim store, skipped (array)
[13:36:59]   devstats-wlaf-1992: not a claim store, skipped (array)
[13:36:59]   devstats-xfl-2001: not a claim store, skipped (array)
[13:36:59]   devstats-xfl-2020: not a claim store, skipped (array)
[13:36:59]   devstats-xfl-2023: not a claim store, skipped (array)
[13:36:59]   frankford-book-ind                         243 claims   total     409,713       4s
[13:36:59]   frankford-book                             378 claims   total     410,091       4s
[13:36:59]   ghosts-lineups                             168 claims   total     410,259       4s
[13:36:59]   ghosts-structured                           49 claims   total     410,308       4s
[13:36:59]   ghostsofthegridiron-afl                     23 claims   total     410,331       4s
[13:36:59]   ghostsofthegridiron-ind                     45 claims   total     410,376       4s
[13:36:59]   ghostsofthegridiron                        615 claims   total     410,991       4s
[13:36:59]   guide-lad-1948                             290 claims   total     411,281       4s
[13:36:59]   guide-pre1950-delimited: not a claim store, skipped (object with no top-level claims list)
[13:37:00]   guide-prose-corpus-leads: not a claim store, skipped (object with no top-level claims list)
[13:37:01]   guide-prose-corpus                      57,276 claims   total     468,557       6s
[13:37:01]   guide-prose                              1,404 claims   total     469,961       6s
[13:37:01]   hearing-1957                                76 claims   total     470,037       6s
[13:37:01]   nfl-1922                                 3,228 claims   total     473,265       6s
[13:37:01]   nfl-1923                                 3,239 claims   total     476,504       6s
[13:37:01]   nfl-1924                                 3,027 claims   total     479,531       6s
[13:37:01]   nfl-1925                                 3,738 claims   total     483,269       6s
[13:37:01]   nfl-1926                                 4,280 claims   total     487,549       6s
[13:37:01]   nfl-1927                                 2,400 claims   total     489,949       6s
[13:37:01]   nfl-1928                                 1,784 claims   total     491,733       6s
[13:37:01]   nfl-1929                                 2,245 claims   total     493,978       6s
[13:37:01]   nfl-1930                                 2,760 claims   total     496,738       6s
[13:37:01]   nfl-1931                                 2,298 claims   total     499,036       6s
[13:37:01]   nfl-1932                                 1,904 claims   total     500,940       6s
[13:37:01]   nfl-1933                                 2,360 claims   total     503,300       6s
[13:37:01]   nfl-1934-cincinnati                         36 claims   total     503,336       6s
[13:37:01]   nfl-1934                                 2,456 claims   total     505,792       6s
[13:37:01]   nfl-1935                                 2,232 claims   total     508,024       6s
[13:37:01]   nfl-1936                                 2,080 claims   total     510,104       6s
[13:37:01]   nfl-1937                                 2,440 claims   total     512,544       6s
[13:37:01]   nfl-1938                                 2,648 claims   total     515,192       6s
[13:37:01]   nfl-1939                                 2,832 claims   total     518,024       6s
[13:37:01]   nfl-1940                                 2,808 claims   total     520,832       6s
[13:37:01]   nfl-1941                                 2,856 claims   total     523,688       6s
[13:37:01]   nfl-1942                                 2,792 claims   total     526,480       6s
[13:37:01]   nfl-1943                                 1,968 claims   total     528,448       6s
[13:37:01]   nfl-1944                                 2,528 claims   total     530,976       6s
[13:37:01]   nfl-1945                                 3,440 claims   total     534,416       6s
[13:37:01]   nfl-1946                                 2,824 claims   total     537,240       6s
[13:37:01]   nfl-1947                                 2,992 claims   total     540,232       6s
[13:37:01]   nfl-1948                                 3,032 claims   total     543,264       6s
[13:37:01]   nfl-1949                                 2,808 claims   total     546,072       6s
[13:37:01]   nfl-1950                                 3,680 claims   total     549,752       6s
[13:37:01]   nfl-1951                                 3,432 claims   total     553,184       6s
[13:37:01]   nfl-1952                                 3,608 claims   total     556,792       6s
[13:37:01]   nfl-1953                                 3,520 claims   total     560,312       6s
[13:37:01]   nfl-1954                                 3,552 claims   total     563,864       6s
[13:37:01]   nfl-1955                                 3,624 claims   total     567,488       6s
[13:37:01]   nfl-1956                                 3,736 claims   total     571,224       6s
[13:37:01]   nfl-1957                                 3,568 claims   total     574,792       6s
[13:37:01]   nfl-1958                                 3,640 claims   total     578,432       7s
[13:37:01]   nfl-1959                                 3,672 claims   total     582,104       7s
[13:37:02]   nfl-1960                                 4,120 claims   total     586,224       7s
[13:37:02]   nfl-1961                                 4,504 claims   total     590,728       7s
[13:37:02]   nfl-1962                                 4,424 claims   total     595,152       7s
[13:37:02]   nfl-1963                                 4,624 claims   total     599,776       7s
[13:37:02]   nfl-1964                                 4,680 claims   total     604,456       7s
[13:37:02]   nfl-1965                                 4,936 claims   total     609,392       7s
[13:37:02]   nfl-1966                                 5,472 claims   total     614,864       7s
[13:37:02]   nfl-1967                                 6,008 claims   total     620,872       7s
[13:37:02]   nfl-1968                                 5,920 claims   total     626,792       7s
[13:37:02]   nfl-1969                                 6,000 claims   total     632,792       7s
[13:37:02]   nfl-1970                                 9,776 claims   total     642,568       7s
[13:37:02]   nfl-1971                                 9,824 claims   total     652,392       7s
[13:37:02]   nfl-1972                                10,016 claims   total     662,408       7s
[13:37:02]   nfl-1973                                10,152 claims   total     672,560       7s
[13:37:02]   nfl-1974                                10,680 claims   total     683,240       7s
[13:37:02]   nfl-1975                                 9,936 claims   total     693,176       7s
[13:37:02]   nfl-1976                                11,048 claims   total     704,224       7s
[13:37:02]   nfl-1977                                11,000 claims   total     715,224       7s
[13:37:03]   nfl-1978                                11,512 claims   total     726,736       8s
[13:37:03]   nfl-1979                                11,504 claims   total     738,240       8s
[13:37:03]   nfl-1980                                11,880 claims   total     750,120       8s
[13:37:03]   nfl-1981                                11,616 claims   total     761,736       8s
[13:37:03]   nfl-1982                                11,720 claims   total     773,456       8s
[13:37:03]   nfl-1983                                12,424 claims   total     785,880       8s
[13:37:03]   nfl-1984                                12,824 claims   total     798,704       8s
[13:37:03]   nfl-1985                                12,064 claims   total     810,768       8s
[13:37:03]   nfl-1986                                12,328 claims   total     823,096       8s
[13:37:04]   nfl-1987                                22,720 claims   total     845,816       9s
[13:37:04]   nfl-1988                                12,632 claims   total     858,448       9s
[13:37:04]   nfl-1989                                12,608 claims   total     871,056       9s
[13:37:04]   nfl-1990                                12,368 claims   total     883,424       9s
[13:37:04]   nfl-1991                                12,512 claims   total     895,936       9s
[13:37:04]   nfl-1992                                12,720 claims   total     908,656       9s
[13:37:04]   nfl-1993                                12,960 claims   total     921,616       9s
[13:37:04]   nfl-1994                                12,488 claims   total     934,104       9s
[13:37:04]   nfl-1995                                13,688 claims   total     947,792       9s
[13:37:04]   nfl-1996                                13,776 claims   total     961,568       9s
[13:37:05]   nfl-1997                                13,864 claims   total     975,432      10s
[13:37:05]   nfl-1998                                13,928 claims   total     989,360      10s
[13:37:05]   nfl-1999                                14,448 claims   total   1,003,808      10s
[13:37:05]   nfl-2000                                14,240 claims   total   1,018,048      10s
[13:37:05]   nfl-2001                                14,240 claims   total   1,032,288      10s
[13:37:05]   nfl-2002                                15,016 claims   total   1,047,304      10s
[13:37:05]   nfl-2003                                14,968 claims   total   1,062,272      10s
[13:37:05]   nfl-2004                                15,432 claims   total   1,077,704      10s
[13:37:06]   nfl-2005                                15,336 claims   total   1,093,040      11s
[13:37:06]   nfl-2006                                15,288 claims   total   1,108,328      11s
[13:37:06]   nfl-2007                                15,568 claims   total   1,123,896      11s
[13:37:06]   nfl-2008                                15,376 claims   total   1,139,272      11s
[13:37:06]   nfl-2009                                15,640 claims   total   1,154,912      11s
[13:37:06]   nfl-2010                                16,104 claims   total   1,171,016      11s
[13:37:06]   nfl-2011                                15,768 claims   total   1,186,784      11s
[13:37:07]   nfl-2012                                15,840 claims   total   1,202,624      12s
[13:37:07]   nfl-2013                                17,200 claims   total   1,219,824      12s
[13:37:07]   nfl-2014                                17,144 claims   total   1,236,968      12s
[13:37:07]   nfl-2015                                15,896 claims   total   1,252,864      12s
[13:37:07]   nfl-2016                                17,664 claims   total   1,270,528      12s
[13:37:07]   nfl-2017                                16,696 claims   total   1,287,224      12s
[13:37:07]   nfl-2018                                16,880 claims   total   1,304,104      12s
[13:37:08]   nfl-2019                                17,032 claims   total   1,321,136      13s
[13:37:08]   nfl-2020-lvr                                86 claims   total   1,321,222      13s
[13:37:08]   nfl-2020                                17,528 claims   total   1,338,750      13s
[13:37:08]   nfl-2021                                18,767 claims   total   1,357,517      13s
[13:37:08]   nfl-2022                                17,192 claims   total   1,374,709      13s
[13:37:08]   nfl-2023                                16,736 claims   total   1,391,445      13s
[13:37:08]   nfl-2024                                17,272 claims   total   1,408,717      13s
[13:37:08]   nflverse-draft                          11,682 claims   total   1,420,399      13s
[13:37:10]   nflverse-membership                    128,359 claims   total   1,548,758      15s
[13:37:12]   nflverse-rosters                       158,835 claims   total   1,707,593      17s
[13:37:12]   nickname-register                            9 claims   total   1,707,602      17s
[13:37:12]   officials-applied: not a claim store, skipped (object with no top-level claims list)
[13:37:12]   person-merges: not a claim store, skipped (object with no top-level claims list)
[13:37:19]   pfa-1950on                             739,486 claims   total   2,447,088      24s
[13:37:20]   pfa-awards                              11,114 claims   total   2,458,202      25s
[13:37:20]   pfa-boxscore-leads                           0 claims   total   2,458,202      25s
[13:37:20]   pfa-boxscore-membership                 11,776 claims   total   2,469,978      25s
[13:37:33]   pfa-boxscores                          930,928 claims   total   3,400,906      38s
[13:37:34]   pfa-club-rosters                       102,872 claims   total   3,503,778      39s
[13:37:35]   pfa-coaches                             28,823 claims   total   3,532,601      40s
[13:37:36]   pfa-drafts                              70,192 claims   total   3,602,793      41s
[13:37:36]   pfa-gamelogs-1920s                       4,790 claims   total   3,607,583      41s
[13:37:36]   pfa-gamelogs-1930s                      12,451 claims   total   3,620,034      41s
[13:37:36]   pfa-gamelogs-1940s                      33,287 claims   total   3,653,321      41s
[13:37:37]   pfa-gamelogs-1950s                      30,526 claims   total   3,683,847      42s
[13:37:37]   pfa-gamelogs-1960s                      66,328 claims   total   3,750,175      42s
[13:37:39]   pfa-gamelogs-1970s                      82,336 claims   total   3,832,511      44s
[13:37:40]   pfa-gamelogs-1980s                      98,606 claims   total   3,931,117      45s
[13:37:42]   pfa-gamelogs-1990s                     118,048 claims   total   4,049,165      47s
[13:37:44]   pfa-gamelogs-2000s                     221,409 claims   total   4,270,574      49s
[13:37:47]   pfa-gamelogs-2010s                     221,821 claims   total   4,492,395      52s
[13:37:49]   pfa-gamelogs-2020s                     135,581 claims   total   4,627,976      54s
[13:37:49]   pfa-match: not a claim store, skipped (object with no top-level claims list)
[13:37:49]   pfa-officials                           10,316 claims   total   4,638,292      54s
[13:37:49]   pfa-postseason-1930s                       913 claims   total   4,639,205      54s
[13:37:49]   pfa-postseason-1940s                     2,432 claims   total   4,641,637      55s
[13:37:49]   pfa-postseason-1950s                     1,913 claims   total   4,643,550      55s
[13:37:50]   pfa-postseason-1960s                     4,295 claims   total   4,647,845      55s
[13:37:50]   pfa-postseason-1970s                     8,352 claims   total   4,656,197      55s
[13:37:50]   pfa-postseason-1980s                    11,443 claims   total   4,667,640      55s
[13:37:50]   pfa-postseason-1990s                    13,939 claims   total   4,681,579      55s
[13:37:50]   pfa-postseason-2000s                    21,685 claims   total   4,703,264      55s
[13:37:50]   pfa-postseason-2010s                    25,506 claims   total   4,728,770      55s
[13:37:51]   pfa-postseason-2020s                    18,209 claims   total   4,746,979      56s
[13:37:51]   pfa-pre1950                             75,008 claims   total   4,821,987      56s
[13:37:52]   pfa-stage3                              32,683 claims   total   4,854,670      57s
[13:37:52]   pfa-stats-1920s                          9,568 claims   total   4,864,238      57s
[13:37:52]   pfa-stats-1930s                         23,039 claims   total   4,887,277      57s
[13:37:53]   pfa-stats-1940s                         71,060 claims   total   4,958,337      58s
[13:37:54]   pfa-stats-1950s                        104,890 claims   total   5,063,227      59s
[13:37:56]   pfa-stats-1960s                        175,863 claims   total   5,239,090      61s
[13:37:58]   pfa-stats-1970s                        210,493 claims   total   5,449,583      63s
[13:38:01]   pfa-stats-1980s                        261,316 claims   total   5,710,899      66s
[13:38:04]   pfa-stats-1990s                        338,516 claims   total   6,049,415      69s
[13:38:11]   pfa-stats-2000s                        577,042 claims   total   6,626,457      76s
[13:38:17]   pfa-stats-2010s                        602,699 claims   total   7,229,156      82s
[13:38:21]   pfa-stats-2020s                        314,449 claims   total   7,543,605      86s
[13:38:26]   pfa-transaction-membership             346,795 claims   total   7,890,400      91s
[13:38:26]   pfa-wlaf-1995                              363 claims   total   7,890,763      91s
[13:38:26]   pfr-drafts                              10,351 claims   total   7,901,114      91s
[13:38:26]   pfr-pages                                  116 claims   total   7,901,230      91s
[13:38:26]   pfra-annual-4-1983                         644 claims   total   7,901,874      91s
[13:38:26]   photos                                  28,060 claims   total   7,929,934      91s
[13:38:26]   player-promotions: not a claim store, skipped (object with no top-level claims list)
[13:38:26]   player-seasons-promoted                      0 claims   total   7,929,934      91s
[13:38:26]   programme-1926-chi-lat                      49 claims   total   7,929,983      91s
[13:38:26]   programme-1926-nyy-pcw                      29 claims   total   7,930,012      91s
[13:38:26]   promotion-names                          9,378 claims   total   7,939,390      91s
[13:38:26]   salaries                                   209 claims   total   7,939,599      91s
[13:38:26]   stats-aaf-2019                           4,520 claims   total   7,944,119      91s
[13:38:26]   stats-aafc-1946                          5,069 claims   total   7,949,188      91s
[13:38:26]   stats-aafc-1947                          4,292 claims   total   7,953,480      91s
[13:38:26]   stats-aafc-1948                          4,212 claims   total   7,957,692      91s
[13:38:26]   stats-aafc-1949                          3,331 claims   total   7,961,023      91s
[13:38:26]   stats-afl-1960                           4,099 claims   total   7,965,122      92s
[13:38:26]   stats-afl-1961                           4,053 claims   total   7,969,175      92s
[13:38:27]   stats-afl-1962                           3,756 claims   total   7,972,931      92s
[13:38:27]   stats-afl-1963                           3,657 claims   total   7,976,588      92s
[13:38:27]   stats-afl-1964                           3,715 claims   total   7,980,303      92s
[13:38:27]   stats-afl-1965                           3,543 claims   total   7,983,846      92s
[13:38:27]   stats-afl-1966                           4,216 claims   total   7,988,062      92s
[13:38:27]   stats-afl-1967                           4,847 claims   total   7,992,909      92s
[13:38:27]   stats-afl-1968                           5,653 claims   total   7,998,562      92s
[13:38:27]   stats-afl-1969                           5,168 claims   total   8,003,730      92s
[13:38:27]   stats-apfa-1920                             13 claims   total   8,003,743      92s
[13:38:27]   stats-apfa-1921                          1,489 claims   total   8,005,232      92s
[13:38:27]   stats-cfl-1945                             457 claims   total   8,005,689      92s
[13:38:27]   stats-cfl-1946                             841 claims   total   8,006,530      92s
[13:38:27]   stats-cfl-1947                             974 claims   total   8,007,504      92s
[13:38:27]   stats-cfl-1948                             986 claims   total   8,008,490      92s
[13:38:27]   stats-cfl-1949                           1,020 claims   total   8,009,510      92s
[13:38:27]   stats-cfl-1950                           2,200 claims   total   8,011,710      92s
[13:38:27]   stats-cfl-1951                           2,536 claims   total   8,014,246      92s
[13:38:27]   stats-cfl-1952                           3,234 claims   total   8,017,480      92s
[13:38:27]   stats-cfl-1953                           3,185 claims   total   8,020,665      92s
[13:38:27]   stats-cfl-1954                           4,867 claims   total   8,025,532      92s
[13:38:27]   stats-cfl-1955                           5,177 claims   total   8,030,709      92s
[13:38:27]   stats-cfl-1956                           5,229 claims   total   8,035,938      92s
[13:38:27]   stats-cfl-1957                           5,381 claims   total   8,041,319      92s
[13:38:27]   stats-cfl-1958                           5,022 claims   total   8,046,341      92s
[13:38:27]   stats-cfl-1959                           5,113 claims   total   8,051,454      92s
[13:38:27]   stats-cfl-1960                           4,919 claims   total   8,056,373      92s
[13:38:27]   stats-cfl-1961                           4,900 claims   total   8,061,273      92s
[13:38:27]   stats-cfl-1962                           4,430 claims   total   8,065,703      92s
[13:38:27]   stats-cfl-1963                           4,741 claims   total   8,070,444      92s
[13:38:27]   stats-cfl-1964                           4,537 claims   total   8,074,981      92s
[13:38:27]   stats-cfl-1965                           4,451 claims   total   8,079,432      92s
[13:38:27]   stats-cfl-1966                           4,034 claims   total   8,083,466      92s
[13:38:27]   stats-cfl-1967                           4,318 claims   total   8,087,784      92s
[13:38:27]   stats-cfl-1968                           4,098 claims   total   8,091,882      92s
[13:38:27]   stats-cfl-1969                           4,333 claims   total   8,096,215      92s
[13:38:27]   stats-cfl-1970                           4,526 claims   total   8,100,741      92s
[13:38:27]   stats-cfl-1971                           4,769 claims   total   8,105,510      92s
[13:38:27]   stats-cfl-1972                           4,364 claims   total   8,109,874      92s
[13:38:27]   stats-cfl-1973                           4,352 claims   total   8,114,226      92s
[13:38:27]   stats-cfl-1974                           4,128 claims   total   8,118,354      92s
[13:38:27]   stats-cfl-1975                           4,615 claims   total   8,122,969      92s
[13:38:27]   stats-cfl-1976                           4,474 claims   total   8,127,443      93s
[13:38:28]   stats-cfl-1977                           4,743 claims   total   8,132,186      93s
[13:38:28]   stats-cfl-1978                           4,688 claims   total   8,136,874      93s
[13:38:28]   stats-cfl-1979                           4,601 claims   total   8,141,475      93s
[13:38:28]   stats-cfl-1980                           4,748 claims   total   8,146,223      93s
[13:38:28]   stats-cfl-1981                           4,733 claims   total   8,150,956      93s
[13:38:28]   stats-cfl-1982                           5,113 claims   total   8,156,069      93s
[13:38:28]   stats-cfl-1983                           5,136 claims   total   8,161,205      93s
[13:38:28]   stats-cfl-1984                           5,363 claims   total   8,166,568      93s
[13:38:28]   stats-cfl-1985                           5,209 claims   total   8,171,777      93s
[13:38:28]   stats-cfl-1986                           6,053 claims   total   8,177,830      93s
[13:38:28]   stats-cfl-1987                           5,676 claims   total   8,183,506      93s
[13:38:28]   stats-cfl-1988                           5,634 claims   total   8,189,140      93s
[13:38:28]   stats-cfl-1989                           5,679 claims   total   8,194,819      93s
[13:38:28]   stats-cfl-1990                           5,993 claims   total   8,200,812      93s
[13:38:28]   stats-cfl-1991                           6,905 claims   total   8,207,717      93s
[13:38:28]   stats-cfl-1992                           6,588 claims   total   8,214,305      93s
[13:38:28]   stats-cfl-1993                           7,184 claims   total   8,221,489      93s
[13:38:28]   stats-cfl-1994                           9,681 claims   total   8,231,170      93s
[13:38:28]   stats-cfl-1995                          10,798 claims   total   8,241,968      93s
[13:38:28]   stats-cfl-1996                           6,926 claims   total   8,248,894      93s
[13:38:28]   stats-cfl-1997                           5,934 claims   total   8,254,828      93s
[13:38:28]   stats-cfl-1998                           5,970 claims   total   8,260,798      93s
[13:38:28]   stats-cfl-1999                           5,882 claims   total   8,266,680      93s
[13:38:28]   stats-cfl-2000                           5,983 claims   total   8,272,663      93s
[13:38:28]   stats-cfl-2001                           6,132 claims   total   8,278,795      94s
[13:38:29]   stats-cfl-2002                           7,051 claims   total   8,285,846      94s
[13:38:29]   stats-cfl-2003                           6,971 claims   total   8,292,817      94s
[13:38:29]   stats-cfl-2004                           6,870 claims   total   8,299,687      94s
[13:38:29]   stats-cfl-2005                           7,161 claims   total   8,306,848      94s
[13:38:29]   stats-cfl-2006                           6,151 claims   total   8,312,999      94s
[13:38:29]   stats-cfl-2007                           6,384 claims   total   8,319,383      94s
[13:38:29]   stats-cfl-2008                           6,525 claims   total   8,325,908      94s
[13:38:29]   stats-cfl-2009                           6,487 claims   total   8,332,395      94s
[13:38:29]   stats-cfl-2010                           6,712 claims   total   8,339,107      94s
[13:38:29]   stats-cfl-2011                           6,155 claims   total   8,345,262      94s
[13:38:29]   stats-cfl-2012                           6,272 claims   total   8,351,534      94s
[13:38:29]   stats-cfl-2013                           6,981 claims   total   8,358,515      94s
[13:38:29]   stats-cfl-2014                           7,447 claims   total   8,365,962      94s
[13:38:29]   stats-cfl-2015                          10,514 claims   total   8,376,476      94s
[13:38:29]   stats-cfl-2016                          10,988 claims   total   8,387,464      94s
[13:38:29]   stats-cfl-2017                           9,436 claims   total   8,396,900      94s
[13:38:29]   stats-cfl-2018                           9,101 claims   total   8,406,001      94s
[13:38:29]   stats-cfl-2019                           8,335 claims   total   8,414,336      95s
[13:38:30]   stats-cfl-2021                           6,810 claims   total   8,421,146      95s
[13:38:30]   stats-cfl-2022                           8,297 claims   total   8,429,443      95s
[13:38:30]   stats-cfl-2023                           7,391 claims   total   8,436,834      95s
[13:38:30]   stats-cfl-2024                           7,142 claims   total   8,443,976      95s
[13:38:30]   stats-cfl-2025                           7,305 claims   total   8,451,281      95s
[13:38:30]   stats-nfl-1922                           1,402 claims   total   8,452,683      95s
[13:38:30]   stats-nfl-1923                           1,520 claims   total   8,454,203      95s
[13:38:30]   stats-nfl-1924                           1,526 claims   total   8,455,729      95s
[13:38:30]   stats-nfl-1925                           1,732 claims   total   8,457,461      95s
[13:38:30]   stats-nfl-1926                           1,788 claims   total   8,459,249      95s
[13:38:30]   stats-nfl-1927                           1,228 claims   total   8,460,477      95s
[13:38:30]   stats-nfl-1928                           1,055 claims   total   8,461,532      95s
[13:38:30]   stats-nfl-1929                           1,153 claims   total   8,462,685      95s
[13:38:30]   stats-nfl-1930                           1,329 claims   total   8,464,014      95s
[13:38:30]   stats-nfl-1931                           1,165 claims   total   8,465,179      95s
[13:38:30]   stats-nfl-1932                           2,307 claims   total   8,467,486      95s
[13:38:30]   stats-nfl-1933                           3,058 claims   total   8,470,544      95s
[13:38:30]   stats-nfl-1934                           3,216 claims   total   8,473,760      95s
[13:38:30]   stats-nfl-1935                           3,053 claims   total   8,476,813      95s
[13:38:30]   stats-nfl-1936                           3,002 claims   total   8,479,815      95s
[13:38:30]   stats-nfl-1937                           3,379 claims   total   8,483,194      95s
[13:38:30]   stats-nfl-1938                           3,670 claims   total   8,486,864      95s
[13:38:30]   stats-nfl-1939                           3,900 claims   total   8,490,764      95s
[13:38:30]   stats-nfl-1940                           4,235 claims   total   8,494,999      95s
[13:38:30]   stats-nfl-1941                           5,549 claims   total   8,500,548      95s
[13:38:30]   stats-nfl-1942                           4,989 claims   total   8,505,537      95s
[13:38:30]   stats-nfl-1943                           3,683 claims   total   8,509,220      95s
[13:38:30]   stats-nfl-1944                           4,613 claims   total   8,513,833      95s
[13:38:30]   stats-nfl-1945                           5,920 claims   total   8,519,753      95s
[13:38:30]   stats-nfl-1946                           6,066 claims   total   8,525,819      95s
[13:38:30]   stats-nfl-1947                           6,374 claims   total   8,532,193      95s
[13:38:30]   stats-nfl-1948                           6,368 claims   total   8,538,561      95s
[13:38:30]   stats-nfl-1949                           5,689 claims   total   8,544,250      95s
[13:38:30]   stats-nfl-1950                           7,484 claims   total   8,551,734      95s
[13:38:30]   stats-nfl-1951                           6,340 claims   total   8,558,074      96s
[13:38:31]   stats-nfl-1952                           7,069 claims   total   8,565,143      96s
[13:38:31]   stats-nfl-1953                           6,477 claims   total   8,571,620      96s
[13:38:31]   stats-nfl-1954                           6,377 claims   total   8,577,997      96s
[13:38:31]   stats-nfl-1955                           6,074 claims   total   8,584,071      96s
[13:38:31]   stats-nfl-1956                           5,965 claims   total   8,590,036      96s
[13:38:31]   stats-nfl-1957                           6,097 claims   total   8,596,133      96s
[13:38:31]   stats-nfl-1958                           6,062 claims   total   8,602,195      96s
[13:38:31]   stats-nfl-1959                           5,884 claims   total   8,608,079      96s
[13:38:31]   stats-nfl-1960                           6,154 claims   total   8,614,233      96s
[13:38:31]   stats-nfl-1961                           7,010 claims   total   8,621,243      96s
[13:38:31]   stats-nfl-1962                           7,015 claims   total   8,628,258      96s
[13:38:31]   stats-nfl-1963                           7,205 claims   total   8,635,463      96s
[13:38:31]   stats-nfl-1964                           7,391 claims   total   8,642,854      96s
[13:38:31]   stats-nfl-1965                           7,547 claims   total   8,650,401      96s
[13:38:31]   stats-nfl-1966                           8,040 claims   total   8,658,441      96s
[13:38:31]   stats-nfl-1967                           8,504 claims   total   8,666,945      96s
[13:38:31]   stats-nfl-1968                           8,271 claims   total   8,675,216      96s
[13:38:31]   stats-nfl-1969                           8,336 claims   total   8,683,552      96s
[13:38:31]   stats-nfl-1970                          13,581 claims   total   8,697,133      96s
[13:38:31]   stats-nfl-1971                          13,706 claims   total   8,710,839      97s
[13:38:32]   stats-nfl-1972                          13,545 claims   total   8,724,384      97s
[13:38:32]   stats-nfl-1973                          13,669 claims   total   8,738,053      97s
[13:38:32]   stats-nfl-1974                          14,278 claims   total   8,752,331      97s
[13:38:32]   stats-nfl-1975                          14,118 claims   total   8,766,449      97s
[13:38:32]   stats-nfl-1976                          15,270 claims   total   8,781,719      97s
[13:38:32]   stats-nfl-1977                          14,870 claims   total   8,796,589      97s
[13:38:32]   stats-nfl-1978                          15,839 claims   total   8,812,428      97s
[13:38:32]   stats-nfl-1979                          16,014 claims   total   8,828,442      97s
[13:38:33]   stats-nfl-1980                          15,553 claims   total   8,843,995      98s
[13:38:33]   stats-nfl-1981                          16,111 claims   total   8,860,106      98s
[13:38:33]   stats-nfl-1982                          13,120 claims   total   8,873,226      98s
[13:38:33]   stats-nfl-1983                          17,037 claims   total   8,890,263      98s
[13:38:33]   stats-nfl-1984                          16,658 claims   total   8,906,921      98s
[13:38:33]   stats-nfl-1985                          16,059 claims   total   8,922,980      98s
[13:38:33]   stats-nfl-1986                          16,707 claims   total   8,939,687      98s
[13:38:33]   stats-nfl-1987                          22,924 claims   total   8,962,611      98s
[13:38:34]   stats-nfl-1988                          16,677 claims   total   8,979,288      99s
[13:38:34]   stats-nfl-1989                          17,470 claims   total   8,996,758      99s
[13:38:34]   stats-nfl-1990                          16,563 claims   total   9,013,321      99s
[13:38:34]   stats-nfl-1991                          16,955 claims   total   9,030,276      99s
[13:38:34]   stats-nfl-1992                          17,133 claims   total   9,047,409      99s
[13:38:34]   stats-nfl-1993                          17,631 claims   total   9,065,040      99s
[13:38:34]   stats-nfl-1994                          17,780 claims   total   9,082,820      99s
[13:38:35]   stats-nfl-1995                          19,490 claims   total   9,102,310     100s
[13:38:35]   stats-nfl-1996                          19,183 claims   total   9,121,493     100s
[13:38:35]   stats-nfl-1997                          19,612 claims   total   9,141,105     100s
[13:38:35]   stats-nfl-1998                          19,607 claims   total   9,160,712     100s
[13:38:35]   stats-nfl-1999                          20,688 claims   total   9,181,400     100s
[13:38:35]   stats-nfl-2000                          20,325 claims   total   9,201,725     100s
[13:38:35]   stats-nfl-2001                          20,848 claims   total   9,222,573     100s
[13:38:36]   stats-nfl-2002                          20,811 claims   total   9,243,384     101s
[13:38:36]   stats-nfl-2003                          21,873 claims   total   9,265,257     101s
[13:38:36]   stats-nfl-2004                          22,341 claims   total   9,287,598     101s
[13:38:36]   stats-nfl-2005                          21,666 claims   total   9,309,264     101s
[13:38:36]   stats-nfl-2006                          21,211 claims   total   9,330,475     101s
[13:38:37]   stats-nfl-2007                          21,939 claims   total   9,352,414     102s
[13:38:37]   stats-nfl-2008                          23,130 claims   total   9,375,544     102s
[13:38:37]   stats-nfl-2009                          23,440 claims   total   9,398,984     102s
[13:38:37]   stats-nfl-2010                          23,879 claims   total   9,422,863     102s
[13:38:37]   stats-nfl-2011                          23,095 claims   total   9,445,958     102s
[13:38:37]   stats-nfl-2012                          21,438 claims   total   9,467,396     102s
[13:38:38]   stats-nfl-2013                          22,733 claims   total   9,490,129     103s
[13:38:38]   stats-nfl-2014                          23,734 claims   total   9,513,863     103s
[13:38:38]   stats-nfl-2015                          21,973 claims   total   9,535,836     103s
[13:38:38]   stats-nfl-2016                          21,433 claims   total   9,557,269     103s
[13:38:38]   stats-nfl-2017                          21,524 claims   total   9,578,793     103s
[13:38:39]   stats-nfl-2018                          26,162 claims   total   9,604,955     104s
[13:38:39]   stats-nfl-2019                          25,740 claims   total   9,630,695     104s
[13:38:39]   stats-nfl-2020                          25,810 claims   total   9,656,505     104s
[13:38:39]   stats-nfl-2021                          28,884 claims   total   9,685,389     104s
[13:38:39]   stats-nfl-2022                          25,433 claims   total   9,710,822     104s
[13:38:39]   stats-nfl-2023                          24,730 claims   total   9,735,552     105s
[13:38:40]   stats-nfl-2024                          24,692 claims   total   9,760,244     105s
[13:38:40]   stats-ufl-2009                           2,683 claims   total   9,762,927     105s
[13:38:40]   stats-ufl-2010                           3,701 claims   total   9,766,628     105s
[13:38:40]   stats-ufl-2011                           1,860 claims   total   9,768,488     105s
[13:38:40]   stats-ufl-2012                           1,869 claims   total   9,770,357     105s
[13:38:40]   stats-ufl2-2024                          4,257 claims   total   9,774,614     105s
[13:38:40]   stats-usfl-1983                          6,873 claims   total   9,781,487     105s
[13:38:40]   stats-usfl-1984                          9,935 claims   total   9,791,422     105s
[13:38:40]   stats-usfl-1985                          7,364 claims   total   9,798,786     105s
[13:38:40]   stats-usfl2-2022                         4,732 claims   total   9,803,518     105s
[13:38:40]   stats-usfl2-2023                         4,021 claims   total   9,807,539     105s
[13:38:40]   stats-wfl-1974                           7,835 claims   total   9,815,374     105s
[13:38:40]   stats-wfl-1975                           5,071 claims   total   9,820,445     105s
[13:38:40]   stats-wlaf-1991                          3,691 claims   total   9,824,136     105s
[13:38:40]   stats-wlaf-1992                          3,500 claims   total   9,827,636     105s
[13:38:40]   stats-xfl-2001                           4,469 claims   total   9,832,105     105s
[13:38:40]   stats-xfl-2020                           3,273 claims   total   9,835,378     105s
[13:38:40]   stats-xfl-2023                           4,724 claims   total   9,840,102     105s
[13:38:40]   troan-experience                            20 claims   total   9,840,122     105s
[13:38:40]   ufl-2009                                 2,048 claims   total   9,842,170     105s
[13:38:40]   ufl-2010                                 2,840 claims   total   9,845,010     105s
[13:38:40]   ufl-2011                                 2,200 claims   total   9,847,210     105s
[13:38:40]   ufl-2012                                 1,796 claims   total   9,849,006     105s
[13:38:40]   ufl2-2024                                4,024 claims   total   9,853,030     105s
[13:38:40]   usfl-1983                                6,720 claims   total   9,859,750     106s
[13:38:41]   usfl-1984                                9,832 claims   total   9,869,582     106s
[13:38:41]   usfl-1985                                6,927 claims   total   9,876,509     106s
[13:38:41]   usfl2-2022                               3,592 claims   total   9,880,101     106s
[13:38:41]   usfl2-2023                               4,464 claims   total   9,884,565     106s
[13:38:41]   wfl-1974                                 7,127 claims   total   9,891,692     106s
[13:38:41]   wfl-1975                                 4,740 claims   total   9,896,432     106s
[13:38:41]   wikipedia-photos-backfill                  432 claims   total   9,896,864     106s
[13:38:41]   wikipedia-photos-replacements            1,667 claims   total   9,898,531     106s
[13:38:41]   wikipedia-photos-sweep                   1,622 claims   total   9,900,153     106s
[13:38:41]   wikipedia-plunkett                           6 claims   total   9,900,159     106s
[13:38:41]   wikipedia-seasons-aaf                        0 claims   total   9,900,159     106s
[13:38:41]   wikipedia-seasons-arena                     31 claims   total   9,900,190     106s
[13:38:41]   wikipedia-seasons-cfl                      533 claims   total   9,900,723     106s
[13:38:41]   wikipedia-seasons-ufl                       34 claims   total   9,900,757     106s
[13:38:41]   wikipedia-seasons-usfl2                     16 claims   total   9,900,773     106s
[13:38:41]   wikipedia-seasons-wfl                        0 claims   total   9,900,773     106s
[13:38:41]   wikipedia-seasons-xfl                       16 claims   total   9,900,789     106s
[13:38:41]   wikipedia                               40,794 claims   total   9,941,583     106s
[13:38:41]   wip-drafts                               5,574 claims   total   9,947,157     106s
[13:38:41]   wlaf-1991                                3,896 claims   total   9,951,053     106s
[13:38:41]   wlaf-1992                                3,640 claims   total   9,954,693     106s
[13:38:41]   xfl-2001                                 3,928 claims   total   9,958,621     106s
[13:38:41]   xfl-2020                                 4,184 claims   total   9,962,805     106s
[13:38:41]   xfl-2023                                 4,544 claims   total   9,967,349     106s
[13:38:41] people: reading the index once, then releasing it
[13:38:46] people: 51,239 (claims 51,164, identity 40,745, claims|identity 51,239, index 51,239); names 187,157
[13:38:46] indexes
[13:39:19] source summary
[13:39:28] per-person family and stint summaries
[13:39:40] contested
[13:39:43]   values folded by a declared reading rather than recorded as disagreeing: 67,213
[13:39:43]   9,205 (person, family) pairs contested
[13:39:43] gates
[13:39:57]   RS-G1 unreadable dates: PASS  {'date_strings_read': 258175, 'unreadable_undeclared': 0, 'unreadable_declared_as_printed': 9, 'declared_but_no_longer_seen': 0}
[13:39:57]   RS-G2 unresolved persons: PASS  {'unresolved_undeclared_claims': 0, 'undeclared_stores': 0, 'unresolved_declared_claims': 72519, 'declared_stores': 16}
[13:39:57]   RS-G3 source records: FAIL  {'claims_naming_a_record_not_in_their_store': 414, 'claims_naming_no_record': 0, 'stores_without_a_record_table': 30, 'claims_in_stores_without_a_table': 2579387, 'records_prefixed_by_another_source_id': 356611, 'claims_from_undeclared_sources': 16134}
[13:39:57]   RS-G4 population reconciles with the index: PASS  {'ours': 51239, 'index': 51239, 'in_index_not_here': 0, 'here_not_in_index': 0}
[13:39:57]   RS-G5 every build file accounted for: FAIL  {'files_in_build': 982, 'stores_in_the_model': 529, 'unexplained': 1, 'declaration_stale': 0, 'declared_but_gone': 0, 'explained': 452, 'pending_a_rebuild': 0, 'reader_no_longer_refuses': 0}
[13:39:57]   RS-G6 no false disagreement: PASS  {'families_needing_a_reading': 8, 'of_those_with_one': 8, 'families_WITHOUT_a_reading': 0, 'readers_available': 9, 'contested_rows_skipped_because_their_family_has_no_reading': 0, 'contested_facts_checked': 9052, 'false_disagreements': 0, 'facts_with_an_unreadable_value': 1470}
[13:39:57]   RS-G7 every league token is a league: PASS  {'distinct_tokens': 34, 'in_the_club_table': 31, 'declared_non_competitions': 3, 'fabricated': 0, 'claims_on_fabricated_tokens': 0}
[13:39:57]   RS-G8 classification is declared, not read off a name: PASS  {'statistic_stores_declared': 228, 'predicates_seen': 397, 'predicates_wholly_inside_a_statistics_store': 171, 'predicates_straddling_the_boundary': 0, 'staff_predicates_declared': 4, 'name_predicates_declared': 7, 'worked_examples_checked': 19, 'index_names_with_a_comma': 2472, 'people_holding_a_bare_surname_beside_a_fuller_name': 2, 'of_those_read_as_surname_first': 2360, 'differences': 0, 'declared_stores_no_longer_in_the_model': 0}
[13:39:57] analyze
[13:40:15] built in 200s: 9,967,349 claims, 51,239 people, 529 stores

WARNING: publishing with FAILED gates because --force was given. Every response will say so.
  kept the outgoing model as previous/archive-20260911T131134-a07168fb425f7339.sqlite (a07168fb425f7339, built 2026-09-11T13:11:34); 2 retained
  removed previous/archive-20260911T114205-fa89f4e422149399.sqlite: oldest beyond KEEP_PREVIOUS
published /Users/ryannecci/Library/Caches/football-archive-service/archive.sqlite
exit 0
