[22:25:21] clubs: 605 ids, 509 codes, leagues ['', 'AAF', 'AAFC', 'ACFL', 'AFA', 'AFL', 'ALFL', 'APFA', 'ARENA', 'ARFL', 'CAFL', 'CFL', 'COFL', 'DFL', 'EFL', 'IFL', 'IRFU', 'MWFL', 'NFL', 'NFLE', 'NWIFL', 'ORFU', 'PCFL', 'PFLA', 'SFL', 'TSFL', 'UFL', 'UFL2', 'USFL', 'USFL2', 'WFL', 'WIFU', 'WLAF', 'XFL']
[22:25:21] read-stage cache: NOT USED -- the read-stage fingerprint changed: a declaration or the code moved
[22:25:21]   PGMRoster_1950: not a claim store, skipped (array)
[22:25:21]   aaf-2019                                 3,880 claims   total       3,880       1s
[22:25:21]   aafc-1946                                2,424 claims   total       6,304       1s
[22:25:21]   aafc-1947                                2,512 claims   total       8,816       1s
[22:25:21]   aafc-1948                                2,624 claims   total      11,440       1s
[22:25:21]   aafc-1949                                1,968 claims   total      13,408       1s
[22:25:21]   afl-1926                                   206 claims   total      13,614       1s
[22:25:21]   afl-1960                                 2,992 claims   total      16,606       1s
[22:25:21]   afl-1961                                 2,744 claims   total      19,350       1s
[22:25:21]   afl-1962                                 2,664 claims   total      22,014       1s
[22:25:21]   afl-1963                                 2,600 claims   total      24,614       1s
[22:25:21]   afl-1964                                 2,712 claims   total      27,326       1s
[22:25:21]   afl-1965                                 2,848 claims   total      30,174       1s
[22:25:21]   afl-1966                                 3,424 claims   total      33,598       1s
[22:25:21]   afl-1967                                 3,528 claims   total      37,126       1s
[22:25:21]   afl-1968                                 4,024 claims   total      41,150       1s
[22:25:21]   afl-1969                                 3,784 claims   total      44,934       1s
[22:25:21]   apfa-1920                                2,778 claims   total      47,712       1s
[22:25:21]   apfa-1921                                3,558 claims   total      51,270       1s
[22:25:21]   arena-1987-2019                          8,798 claims   total      60,068       1s
[22:25:21]   arena-player-pages                       9,433 claims   total      69,501       2s
[22:25:21]   assistants-identity: not a claim store, skipped (object with no top-level claims list)
[22:25:21]   assistants                               1,533 claims   total      71,034       2s
[22:25:21]   cfl-1945                                 1,197 claims   total      72,231       2s
[22:25:21]   cfl-1946                                 2,182 claims   total      74,413       2s
[22:25:21]   cfl-1947                                 1,910 claims   total      76,323       2s
[22:25:21]   cfl-1948                                 1,953 claims   total      78,276       2s
[22:25:21]   cfl-1949                                 2,342 claims   total      80,618       2s
[22:25:21]   cfl-1950                                 2,238 claims   total      82,856       2s
[22:25:21]   cfl-1951                                 2,417 claims   total      85,273       2s
[22:25:21]   cfl-1952                                 2,619 claims   total      87,892       2s
[22:25:21]   cfl-1953                                 2,610 claims   total      90,502       2s
[22:25:21]   cfl-1954                                 2,809 claims   total      93,311       2s
[22:25:21]   cfl-1955                                 2,791 claims   total      96,102       2s
[22:25:21]   cfl-1956                                 2,862 claims   total      98,964       2s
[22:25:21]   cfl-1957                                 2,951 claims   total     101,915       2s
[22:25:21]   cfl-1958                                 2,711 claims   total     104,626       2s
[22:25:21]   cfl-1959                                 2,940 claims   total     107,566       2s
[22:25:21]   cfl-1960                                 3,012 claims   total     110,578       2s
[22:25:21]   cfl-1961                                 2,800 claims   total     113,378       2s
[22:25:21]   cfl-1962                                 2,727 claims   total     116,105       2s
[22:25:22]   cfl-1963                                 2,795 claims   total     118,900       2s
[22:25:22]   cfl-1964                                 2,864 claims   total     121,764       2s
[22:25:22]   cfl-1965                                 2,896 claims   total     124,660       2s
[22:25:22]   cfl-1966                                 2,592 claims   total     127,252       2s
[22:25:22]   cfl-1967                                 2,798 claims   total     130,050       2s
[22:25:22]   cfl-1968                                 2,711 claims   total     132,761       2s
[22:25:22]   cfl-1969                                 2,762 claims   total     135,523       2s
[22:25:22]   cfl-1970                                 2,805 claims   total     138,328       2s
[22:25:22]   cfl-1971                                 2,799 claims   total     141,127       2s
[22:25:22]   cfl-1972                                 2,855 claims   total     143,982       2s
[22:25:22]   cfl-1973                                 2,950 claims   total     146,932       2s
[22:25:22]   cfl-1974                                 3,044 claims   total     149,976       2s
[22:25:22]   cfl-1975                                 3,153 claims   total     153,129       2s
[22:25:22]   cfl-1976                                 3,180 claims   total     156,309       2s
[22:25:22]   cfl-1977                                 3,269 claims   total     159,578       2s
[22:25:22]   cfl-1978                                 3,386 claims   total     162,964       2s
[22:25:22]   cfl-1979                                 3,551 claims   total     166,515       2s
[22:25:22]   cfl-1980                                 3,437 claims   total     169,952       2s
[22:25:22]   cfl-1981                                 3,478 claims   total     173,430       2s
[22:25:22]   cfl-1982                                 3,500 claims   total     176,930       2s
[22:25:22]   cfl-1983                                 3,536 claims   total     180,466       2s
[22:25:22]   cfl-1984                                 3,456 claims   total     183,922       2s
[22:25:22]   cfl-1985                                 3,650 claims   total     187,572       2s
[22:25:22]   cfl-1986                                 3,972 claims   total     191,544       2s
[22:25:22]   cfl-1987                                 3,520 claims   total     195,064       2s
[22:25:22]   cfl-1988                                 3,584 claims   total     198,648       2s
[22:25:22]   cfl-1989                                 3,648 claims   total     202,296       2s
[22:25:22]   cfl-1990                                 3,592 claims   total     205,888       2s
[22:25:22]   cfl-1991                                 3,632 claims   total     209,520       2s
[22:25:22]   cfl-1992                                 3,464 claims   total     212,984       2s
[22:25:22]   cfl-1993                                 4,232 claims   total     217,216       3s
[22:25:22]   cfl-1994                                 5,816 claims   total     223,032       3s
[22:25:22]   cfl-1995                                 6,360 claims   total     229,392       3s
[22:25:22]   cfl-1996                                 4,288 claims   total     233,680       3s
[22:25:22]   cfl-1997                                 3,408 claims   total     237,088       3s
[22:25:22]   cfl-1998                                 3,552 claims   total     240,640       3s
[22:25:22]   cfl-1999                                 3,672 claims   total     244,312       3s
[22:25:22]   cfl-2000                                 3,696 claims   total     248,008       3s
[22:25:22]   cfl-2001                                 3,832 claims   total     251,840       3s
[22:25:22]   cfl-2002                                 4,336 claims   total     256,176       3s
[22:25:23]   cfl-2003                                 4,248 claims   total     260,424       3s
[22:25:23]   cfl-2004                                 4,376 claims   total     264,800       3s
[22:25:23]   cfl-2005                                 4,448 claims   total     269,248       3s
[22:25:23]   cfl-2006                                 4,160 claims   total     273,408       3s
[22:25:23]   cfl-2007                                 4,568 claims   total     277,976       3s
[22:25:23]   cfl-2008                                 4,392 claims   total     282,368       3s
[22:25:23]   cfl-2009                                 4,432 claims   total     286,800       3s
[22:25:23]   cfl-2010                                 4,296 claims   total     291,096       3s
[22:25:23]   cfl-2011                                 4,336 claims   total     295,432       3s
[22:25:23]   cfl-2012                                 4,400 claims   total     299,832       3s
[22:25:23]   cfl-2013                                 4,824 claims   total     304,656       3s
[22:25:23]   cfl-2014                                 5,312 claims   total     309,968       3s
[22:25:23]   cfl-2015                                 5,336 claims   total     315,304       3s
[22:25:23]   cfl-2016                                 5,415 claims   total     320,719       3s
[22:25:23]   cfl-2017                                 5,400 claims   total     326,119       3s
[22:25:23]   cfl-2018                                 5,160 claims   total     331,279       3s
[22:25:23]   cfl-2019                                 5,280 claims   total     336,559       3s
[22:25:23]   cfl-2021                                 5,480 claims   total     342,039       3s
[22:25:23]   cfl-2022                                 5,264 claims   total     347,303       3s
[22:25:23]   cfl-2023                                 5,648 claims   total     352,951       3s
[22:25:23]   cfl-2024                                 5,920 claims   total     358,871       3s
[22:25:23]   cfl-2025                                 5,928 claims   total     364,799       3s
[22:25:23]   cfl1945-season-restore: not a claim store, skipped (object with no top-level claims list)
[22:25:23]   club-key-normalisation: not a claim store, skipped (object with no top-level claims list)
[22:25:23]   club-key-proposals: not a claim store, skipped (object with no top-level claims list)
[22:25:23]   club-names                               3,666 claims   total     368,465       4s
[22:25:23]   clubs: not a claim store, skipped (object with no top-level claims list)
[22:25:23]   coach-demotions: not a claim store, skipped (object with no top-level claims list)
[22:25:23]   coach-promotions: not a claim store, skipped (object with no top-level claims list)
[22:25:23]   coach-seasons-promoted                  17,621 claims   total     386,086       4s
[22:25:24]   coaches-nfl                             10,484 claims   total     396,570       4s
[22:25:24]   coaches                                  5,720 claims   total     402,290       4s
[22:25:24]   college-guides-candidates: not a claim store, skipped (object with no top-level claims list)
[22:25:24]   contested-1950: not a claim store, skipped (array)
[22:25:24]   contested-coaches: not a claim store, skipped (array)
[22:25:24]   contested-nfl-1950: not a claim store, skipped (array)
[22:25:24]   contested-salaries: not a claim store, skipped (array)
[22:25:24]   contested-wfl-1974: not a claim store, skipped (array)
[22:25:24]   crippen-aafc                             1,208 claims   total     403,498       4s
[22:25:24]   crippen-book                             5,974 claims   total     409,472       4s
[22:25:24]   dev-aaf-2019: not a claim store, skipped (array)
[22:25:24]   dev-aafc-1946: not a claim store, skipped (array)
[22:25:24]   dev-aafc-1947: not a claim store, skipped (array)
[22:25:24]   dev-aafc-1948: not a claim store, skipped (array)
[22:25:24]   dev-aafc-1949: not a claim store, skipped (array)
[22:25:24]   dev-afl-1960: not a claim store, skipped (array)
[22:25:24]   dev-afl-1961: not a claim store, skipped (array)
[22:25:24]   dev-afl-1962: not a claim store, skipped (array)
[22:25:24]   dev-afl-1963: not a claim store, skipped (array)
[22:25:24]   dev-afl-1964: not a claim store, skipped (array)
[22:25:24]   dev-afl-1965: not a claim store, skipped (array)
[22:25:24]   dev-afl-1966: not a claim store, skipped (array)
[22:25:24]   dev-afl-1967: not a claim store, skipped (array)
[22:25:24]   dev-afl-1968: not a claim store, skipped (array)
[22:25:24]   dev-afl-1969: not a claim store, skipped (array)
[22:25:24]   dev-apfa-1920: not a claim store, skipped (array)
[22:25:24]   dev-apfa-1921: not a claim store, skipped (array)
[22:25:24]   dev-cfl-1945: not a claim store, skipped (array)
[22:25:24]   dev-cfl-1946: not a claim store, skipped (array)
[22:25:24]   dev-cfl-1947: not a claim store, skipped (array)
[22:25:24]   dev-cfl-1948: not a claim store, skipped (array)
[22:25:24]   dev-cfl-1949: not a claim store, skipped (array)
[22:25:24]   dev-cfl-1950: not a claim store, skipped (array)
[22:25:24]   dev-cfl-1951: not a claim store, skipped (array)
[22:25:24]   dev-cfl-1952: not a claim store, skipped (array)
[22:25:24]   dev-cfl-1953: not a claim store, skipped (array)
[22:25:24]   dev-cfl-1954: not a claim store, skipped (array)
[22:25:24]   dev-cfl-1955: not a claim store, skipped (array)
[22:25:24]   dev-cfl-1956: not a claim store, skipped (array)
[22:25:24]   dev-cfl-1957: not a claim store, skipped (array)
[22:25:24]   dev-cfl-1958: not a claim store, skipped (array)
[22:25:24]   dev-cfl-1959: not a claim store, skipped (array)
[22:25:24]   dev-cfl-1960: not a claim store, skipped (array)
[22:25:24]   dev-cfl-1961: not a claim store, skipped (array)
[22:25:24]   dev-cfl-1962: not a claim store, skipped (array)
[22:25:24]   dev-cfl-1963: not a claim store, skipped (array)
[22:25:24]   dev-cfl-1964: not a claim store, skipped (array)
[22:25:24]   dev-cfl-1965: not a claim store, skipped (array)
[22:25:24]   dev-cfl-1966: not a claim store, skipped (array)
[22:25:24]   dev-cfl-1967: not a claim store, skipped (array)
[22:25:24]   dev-cfl-1968: not a claim store, skipped (array)
[22:25:24]   dev-cfl-1969: not a claim store, skipped (array)
[22:25:24]   dev-cfl-1970: not a claim store, skipped (array)
[22:25:24]   dev-cfl-1971: not a claim store, skipped (array)
[22:25:24]   dev-cfl-1972: not a claim store, skipped (array)
[22:25:24]   dev-cfl-1973: not a claim store, skipped (array)
[22:25:24]   dev-cfl-1974: not a claim store, skipped (array)
[22:25:24]   dev-cfl-1975: not a claim store, skipped (array)
[22:25:24]   dev-cfl-1976: not a claim store, skipped (array)
[22:25:24]   dev-cfl-1977: not a claim store, skipped (array)
[22:25:24]   dev-cfl-1978: not a claim store, skipped (array)
[22:25:24]   dev-cfl-1979: not a claim store, skipped (array)
[22:25:24]   dev-cfl-1980: not a claim store, skipped (array)
[22:25:24]   dev-cfl-1981: not a claim store, skipped (array)
[22:25:24]   dev-cfl-1982: not a claim store, skipped (array)
[22:25:24]   dev-cfl-1983: not a claim store, skipped (array)
[22:25:24]   dev-cfl-1984: not a claim store, skipped (array)
[22:25:24]   dev-cfl-1985: not a claim store, skipped (array)
[22:25:24]   dev-cfl-1986: not a claim store, skipped (array)
[22:25:24]   dev-cfl-1987: not a claim store, skipped (array)
[22:25:24]   dev-cfl-1988: not a claim store, skipped (array)
[22:25:24]   dev-cfl-1989: not a claim store, skipped (array)
[22:25:24]   dev-cfl-1990: not a claim store, skipped (array)
[22:25:24]   dev-cfl-1991: not a claim store, skipped (array)
[22:25:24]   dev-cfl-1992: not a claim store, skipped (array)
[22:25:24]   dev-cfl-1993: not a claim store, skipped (array)
[22:25:24]   dev-cfl-1994: not a claim store, skipped (array)
[22:25:24]   dev-cfl-1995: not a claim store, skipped (array)
[22:25:24]   dev-cfl-1996: not a claim store, skipped (array)
[22:25:24]   dev-cfl-1997: not a claim store, skipped (array)
[22:25:24]   dev-cfl-1998: not a claim store, skipped (array)
[22:25:24]   dev-cfl-1999: not a claim store, skipped (array)
[22:25:24]   dev-cfl-2000: not a claim store, skipped (array)
[22:25:24]   dev-cfl-2001: not a claim store, skipped (array)
[22:25:24]   dev-cfl-2002: not a claim store, skipped (array)
[22:25:24]   dev-cfl-2003: not a claim store, skipped (array)
[22:25:24]   dev-cfl-2004: not a claim store, skipped (array)
[22:25:24]   dev-cfl-2005: not a claim store, skipped (array)
[22:25:24]   dev-cfl-2006: not a claim store, skipped (array)
[22:25:24]   dev-cfl-2007: not a claim store, skipped (array)
[22:25:24]   dev-cfl-2008: not a claim store, skipped (array)
[22:25:24]   dev-cfl-2009: not a claim store, skipped (array)
[22:25:24]   dev-cfl-2010: not a claim store, skipped (array)
[22:25:24]   dev-cfl-2011: not a claim store, skipped (array)
[22:25:24]   dev-cfl-2012: not a claim store, skipped (array)
[22:25:24]   dev-cfl-2013: not a claim store, skipped (array)
[22:25:24]   dev-cfl-2014: not a claim store, skipped (array)
[22:25:24]   dev-cfl-2015: not a claim store, skipped (array)
[22:25:24]   dev-cfl-2016: not a claim store, skipped (array)
[22:25:24]   dev-cfl-2017: not a claim store, skipped (array)
[22:25:24]   dev-cfl-2018: not a claim store, skipped (array)
[22:25:24]   dev-cfl-2019: not a claim store, skipped (array)
[22:25:24]   dev-cfl-2021: not a claim store, skipped (array)
[22:25:24]   dev-cfl-2022: not a claim store, skipped (array)
[22:25:24]   dev-cfl-2023: not a claim store, skipped (array)
[22:25:24]   dev-cfl-2024: not a claim store, skipped (array)
[22:25:24]   dev-cfl-2025: not a claim store, skipped (array)
[22:25:24]   dev-nfl-1922: not a claim store, skipped (array)
[22:25:24]   dev-nfl-1923: not a claim store, skipped (array)
[22:25:24]   dev-nfl-1924: not a claim store, skipped (array)
[22:25:24]   dev-nfl-1925: not a claim store, skipped (array)
[22:25:24]   dev-nfl-1926: not a claim store, skipped (array)
[22:25:24]   dev-nfl-1927: not a claim store, skipped (array)
[22:25:24]   dev-nfl-1928: not a claim store, skipped (array)
[22:25:24]   dev-nfl-1929: not a claim store, skipped (array)
[22:25:24]   dev-nfl-1930: not a claim store, skipped (array)
[22:25:24]   dev-nfl-1931: not a claim store, skipped (array)
[22:25:24]   dev-nfl-1932: not a claim store, skipped (array)
[22:25:24]   dev-nfl-1933: not a claim store, skipped (array)
[22:25:24]   dev-nfl-1934: not a claim store, skipped (array)
[22:25:24]   dev-nfl-1935: not a claim store, skipped (array)
[22:25:24]   dev-nfl-1936: not a claim store, skipped (array)
[22:25:24]   dev-nfl-1937: not a claim store, skipped (array)
[22:25:24]   dev-nfl-1938: not a claim store, skipped (array)
[22:25:24]   dev-nfl-1939: not a claim store, skipped (array)
[22:25:24]   dev-nfl-1940: not a claim store, skipped (array)
[22:25:24]   dev-nfl-1941: not a claim store, skipped (array)
[22:25:24]   dev-nfl-1942: not a claim store, skipped (array)
[22:25:24]   dev-nfl-1943: not a claim store, skipped (array)
[22:25:24]   dev-nfl-1944: not a claim store, skipped (array)
[22:25:24]   dev-nfl-1945: not a claim store, skipped (array)
[22:25:24]   dev-nfl-1946: not a claim store, skipped (array)
[22:25:24]   dev-nfl-1947: not a claim store, skipped (array)
[22:25:24]   dev-nfl-1948: not a claim store, skipped (array)
[22:25:24]   dev-nfl-1949: not a claim store, skipped (array)
[22:25:24]   dev-nfl-1950: not a claim store, skipped (array)
[22:25:24]   dev-nfl-1951: not a claim store, skipped (array)
[22:25:24]   dev-nfl-1952: not a claim store, skipped (array)
[22:25:24]   dev-nfl-1953: not a claim store, skipped (array)
[22:25:24]   dev-nfl-1954: not a claim store, skipped (array)
[22:25:24]   dev-nfl-1955: not a claim store, skipped (array)
[22:25:24]   dev-nfl-1956: not a claim store, skipped (array)
[22:25:24]   dev-nfl-1957: not a claim store, skipped (array)
[22:25:24]   dev-nfl-1958: not a claim store, skipped (array)
[22:25:24]   dev-nfl-1959: not a claim store, skipped (array)
[22:25:24]   dev-nfl-1960: not a claim store, skipped (array)
[22:25:24]   dev-nfl-1961: not a claim store, skipped (array)
[22:25:24]   dev-nfl-1962: not a claim store, skipped (array)
[22:25:24]   dev-nfl-1963: not a claim store, skipped (array)
[22:25:24]   dev-nfl-1964: not a claim store, skipped (array)
[22:25:24]   dev-nfl-1965: not a claim store, skipped (array)
[22:25:24]   dev-nfl-1966: not a claim store, skipped (array)
[22:25:24]   dev-nfl-1967: not a claim store, skipped (array)
[22:25:24]   dev-nfl-1968: not a claim store, skipped (array)
[22:25:24]   dev-nfl-1969: not a claim store, skipped (array)
[22:25:24]   dev-nfl-1970: not a claim store, skipped (array)
[22:25:24]   dev-nfl-1971: not a claim store, skipped (array)
[22:25:24]   dev-nfl-1972: not a claim store, skipped (array)
[22:25:24]   dev-nfl-1973: not a claim store, skipped (array)
[22:25:24]   dev-nfl-1974: not a claim store, skipped (array)
[22:25:24]   dev-nfl-1975: not a claim store, skipped (array)
[22:25:24]   dev-nfl-1976: not a claim store, skipped (array)
[22:25:24]   dev-nfl-1977: not a claim store, skipped (array)
[22:25:24]   dev-nfl-1978: not a claim store, skipped (array)
[22:25:24]   dev-nfl-1979: not a claim store, skipped (array)
[22:25:24]   dev-nfl-1980: not a claim store, skipped (array)
[22:25:24]   dev-nfl-1981: not a claim store, skipped (array)
[22:25:24]   dev-nfl-1982: not a claim store, skipped (array)
[22:25:24]   dev-nfl-1983: not a claim store, skipped (array)
[22:25:24]   dev-nfl-1984: not a claim store, skipped (array)
[22:25:24]   dev-nfl-1985: not a claim store, skipped (array)
[22:25:24]   dev-nfl-1986: not a claim store, skipped (array)
[22:25:24]   dev-nfl-1987: not a claim store, skipped (array)
[22:25:24]   dev-nfl-1988: not a claim store, skipped (array)
[22:25:24]   dev-nfl-1989: not a claim store, skipped (array)
[22:25:24]   dev-nfl-1990: not a claim store, skipped (array)
[22:25:24]   dev-nfl-1991: not a claim store, skipped (array)
[22:25:24]   dev-nfl-1992: not a claim store, skipped (array)
[22:25:24]   dev-nfl-1993: not a claim store, skipped (array)
[22:25:24]   dev-nfl-1994: not a claim store, skipped (array)
[22:25:24]   dev-nfl-1995: not a claim store, skipped (array)
[22:25:24]   dev-nfl-1996: not a claim store, skipped (array)
[22:25:24]   dev-nfl-1997: not a claim store, skipped (array)
[22:25:24]   dev-nfl-1998: not a claim store, skipped (array)
[22:25:24]   dev-nfl-1999: not a claim store, skipped (array)
[22:25:24]   dev-nfl-2000: not a claim store, skipped (array)
[22:25:24]   dev-nfl-2001: not a claim store, skipped (array)
[22:25:24]   dev-nfl-2002: not a claim store, skipped (array)
[22:25:24]   dev-nfl-2003: not a claim store, skipped (array)
[22:25:24]   dev-nfl-2004: not a claim store, skipped (array)
[22:25:24]   dev-nfl-2005: not a claim store, skipped (array)
[22:25:24]   dev-nfl-2006: not a claim store, skipped (array)
[22:25:24]   dev-nfl-2007: not a claim store, skipped (array)
[22:25:24]   dev-nfl-2008: not a claim store, skipped (array)
[22:25:24]   dev-nfl-2009: not a claim store, skipped (array)
[22:25:24]   dev-nfl-2010: not a claim store, skipped (array)
[22:25:24]   dev-nfl-2011: not a claim store, skipped (array)
[22:25:24]   dev-nfl-2012: not a claim store, skipped (array)
[22:25:24]   dev-nfl-2013: not a claim store, skipped (array)
[22:25:24]   dev-nfl-2014: not a claim store, skipped (array)
[22:25:24]   dev-nfl-2015: not a claim store, skipped (array)
[22:25:24]   dev-nfl-2016: not a claim store, skipped (array)
[22:25:24]   dev-nfl-2017: not a claim store, skipped (array)
[22:25:24]   dev-nfl-2018: not a claim store, skipped (array)
[22:25:24]   dev-nfl-2019: not a claim store, skipped (array)
[22:25:24]   dev-nfl-2020: not a claim store, skipped (array)
[22:25:24]   dev-nfl-2021: not a claim store, skipped (array)
[22:25:24]   dev-nfl-2022: not a claim store, skipped (array)
[22:25:24]   dev-nfl-2023: not a claim store, skipped (array)
[22:25:24]   dev-nfl-2024: not a claim store, skipped (array)
[22:25:24]   dev-ufl-2009: not a claim store, skipped (array)
[22:25:24]   dev-ufl-2010: not a claim store, skipped (array)
[22:25:24]   dev-ufl-2011: not a claim store, skipped (array)
[22:25:24]   dev-ufl-2012: not a claim store, skipped (array)
[22:25:24]   dev-ufl2-2024: not a claim store, skipped (array)
[22:25:24]   dev-usfl-1983: not a claim store, skipped (array)
[22:25:24]   dev-usfl-1984: not a claim store, skipped (array)
[22:25:24]   dev-usfl-1985: not a claim store, skipped (array)
[22:25:24]   dev-usfl2-2022: not a claim store, skipped (array)
[22:25:24]   dev-usfl2-2023: not a claim store, skipped (array)
[22:25:24]   dev-wfl-1974: not a claim store, skipped (array)
[22:25:24]   dev-wfl-1975: not a claim store, skipped (array)
[22:25:24]   dev-wlaf-1991: not a claim store, skipped (array)
[22:25:24]   dev-wlaf-1992: not a claim store, skipped (array)
[22:25:24]   dev-xfl-2001: not a claim store, skipped (array)
[22:25:24]   dev-xfl-2020: not a claim store, skipped (array)
[22:25:24]   dev-xfl-2023: not a claim store, skipped (array)
[22:25:24]   devstats-aaf-2019: not a claim store, skipped (array)
[22:25:24]   devstats-aafc-1946: not a claim store, skipped (array)
[22:25:24]   devstats-aafc-1947: not a claim store, skipped (array)
[22:25:24]   devstats-aafc-1948: not a claim store, skipped (array)
[22:25:24]   devstats-aafc-1949: not a claim store, skipped (array)
[22:25:24]   devstats-afl-1960: not a claim store, skipped (array)
[22:25:24]   devstats-afl-1961: not a claim store, skipped (array)
[22:25:24]   devstats-afl-1962: not a claim store, skipped (array)
[22:25:24]   devstats-afl-1963: not a claim store, skipped (array)
[22:25:24]   devstats-afl-1964: not a claim store, skipped (array)
[22:25:24]   devstats-afl-1965: not a claim store, skipped (array)
[22:25:24]   devstats-afl-1966: not a claim store, skipped (array)
[22:25:24]   devstats-afl-1967: not a claim store, skipped (array)
[22:25:24]   devstats-afl-1968: not a claim store, skipped (array)
[22:25:24]   devstats-afl-1969: not a claim store, skipped (array)
[22:25:24]   devstats-apfa-1920: not a claim store, skipped (array)
[22:25:24]   devstats-apfa-1921: not a claim store, skipped (array)
[22:25:24]   devstats-cfl-1945: not a claim store, skipped (array)
[22:25:24]   devstats-cfl-1946: not a claim store, skipped (array)
[22:25:24]   devstats-cfl-1947: not a claim store, skipped (array)
[22:25:24]   devstats-cfl-1948: not a claim store, skipped (array)
[22:25:24]   devstats-cfl-1949: not a claim store, skipped (array)
[22:25:24]   devstats-cfl-1950: not a claim store, skipped (array)
[22:25:24]   devstats-cfl-1951: not a claim store, skipped (array)
[22:25:24]   devstats-cfl-1952: not a claim store, skipped (array)
[22:25:24]   devstats-cfl-1953: not a claim store, skipped (array)
[22:25:24]   devstats-cfl-1954: not a claim store, skipped (array)
[22:25:24]   devstats-cfl-1955: not a claim store, skipped (array)
[22:25:24]   devstats-cfl-1956: not a claim store, skipped (array)
[22:25:24]   devstats-cfl-1957: not a claim store, skipped (array)
[22:25:24]   devstats-cfl-1958: not a claim store, skipped (array)
[22:25:24]   devstats-cfl-1959: not a claim store, skipped (array)
[22:25:24]   devstats-cfl-1960: not a claim store, skipped (array)
[22:25:24]   devstats-cfl-1961: not a claim store, skipped (array)
[22:25:24]   devstats-cfl-1962: not a claim store, skipped (array)
[22:25:24]   devstats-cfl-1963: not a claim store, skipped (array)
[22:25:24]   devstats-cfl-1964: not a claim store, skipped (array)
[22:25:24]   devstats-cfl-1965: not a claim store, skipped (array)
[22:25:24]   devstats-cfl-1966: not a claim store, skipped (array)
[22:25:24]   devstats-cfl-1967: not a claim store, skipped (array)
[22:25:24]   devstats-cfl-1968: not a claim store, skipped (array)
[22:25:24]   devstats-cfl-1969: not a claim store, skipped (array)
[22:25:24]   devstats-cfl-1970: not a claim store, skipped (array)
[22:25:24]   devstats-cfl-1971: not a claim store, skipped (array)
[22:25:24]   devstats-cfl-1972: not a claim store, skipped (array)
[22:25:24]   devstats-cfl-1973: not a claim store, skipped (array)
[22:25:24]   devstats-cfl-1974: not a claim store, skipped (array)
[22:25:24]   devstats-cfl-1975: not a claim store, skipped (array)
[22:25:24]   devstats-cfl-1976: not a claim store, skipped (array)
[22:25:24]   devstats-cfl-1977: not a claim store, skipped (array)
[22:25:24]   devstats-cfl-1978: not a claim store, skipped (array)
[22:25:24]   devstats-cfl-1979: not a claim store, skipped (array)
[22:25:24]   devstats-cfl-1980: not a claim store, skipped (array)
[22:25:24]   devstats-cfl-1981: not a claim store, skipped (array)
[22:25:24]   devstats-cfl-1982: not a claim store, skipped (array)
[22:25:24]   devstats-cfl-1983: not a claim store, skipped (array)
[22:25:24]   devstats-cfl-1984: not a claim store, skipped (array)
[22:25:24]   devstats-cfl-1985: not a claim store, skipped (array)
[22:25:24]   devstats-cfl-1986: not a claim store, skipped (array)
[22:25:24]   devstats-cfl-1987: not a claim store, skipped (array)
[22:25:24]   devstats-cfl-1988: not a claim store, skipped (array)
[22:25:24]   devstats-cfl-1989: not a claim store, skipped (array)
[22:25:24]   devstats-cfl-1990: not a claim store, skipped (array)
[22:25:24]   devstats-cfl-1991: not a claim store, skipped (array)
[22:25:24]   devstats-cfl-1992: not a claim store, skipped (array)
[22:25:24]   devstats-cfl-1993: not a claim store, skipped (array)
[22:25:24]   devstats-cfl-1994: not a claim store, skipped (array)
[22:25:24]   devstats-cfl-1995: not a claim store, skipped (array)
[22:25:24]   devstats-cfl-1996: not a claim store, skipped (array)
[22:25:24]   devstats-cfl-1997: not a claim store, skipped (array)
[22:25:24]   devstats-cfl-1998: not a claim store, skipped (array)
[22:25:24]   devstats-cfl-1999: not a claim store, skipped (array)
[22:25:24]   devstats-cfl-2000: not a claim store, skipped (array)
[22:25:24]   devstats-cfl-2001: not a claim store, skipped (array)
[22:25:24]   devstats-cfl-2002: not a claim store, skipped (array)
[22:25:24]   devstats-cfl-2003: not a claim store, skipped (array)
[22:25:24]   devstats-cfl-2004: not a claim store, skipped (array)
[22:25:24]   devstats-cfl-2005: not a claim store, skipped (array)
[22:25:24]   devstats-cfl-2006: not a claim store, skipped (array)
[22:25:24]   devstats-cfl-2007: not a claim store, skipped (array)
[22:25:24]   devstats-cfl-2008: not a claim store, skipped (array)
[22:25:24]   devstats-cfl-2009: not a claim store, skipped (array)
[22:25:24]   devstats-cfl-2010: not a claim store, skipped (array)
[22:25:24]   devstats-cfl-2011: not a claim store, skipped (array)
[22:25:24]   devstats-cfl-2012: not a claim store, skipped (array)
[22:25:24]   devstats-cfl-2013: not a claim store, skipped (array)
[22:25:24]   devstats-cfl-2014: not a claim store, skipped (array)
[22:25:24]   devstats-cfl-2015: not a claim store, skipped (array)
[22:25:24]   devstats-cfl-2016: not a claim store, skipped (array)
[22:25:24]   devstats-cfl-2017: not a claim store, skipped (array)
[22:25:24]   devstats-cfl-2018: not a claim store, skipped (array)
[22:25:24]   devstats-cfl-2019: not a claim store, skipped (array)
[22:25:24]   devstats-cfl-2021: not a claim store, skipped (array)
[22:25:24]   devstats-cfl-2022: not a claim store, skipped (array)
[22:25:24]   devstats-cfl-2023: not a claim store, skipped (array)
[22:25:24]   devstats-cfl-2024: not a claim store, skipped (array)
[22:25:24]   devstats-cfl-2025: not a claim store, skipped (array)
[22:25:24]   devstats-nfl-1922: not a claim store, skipped (array)
[22:25:24]   devstats-nfl-1923: not a claim store, skipped (array)
[22:25:24]   devstats-nfl-1924: not a claim store, skipped (array)
[22:25:24]   devstats-nfl-1925: not a claim store, skipped (array)
[22:25:24]   devstats-nfl-1926: not a claim store, skipped (array)
[22:25:24]   devstats-nfl-1927: not a claim store, skipped (array)
[22:25:24]   devstats-nfl-1928: not a claim store, skipped (array)
[22:25:24]   devstats-nfl-1929: not a claim store, skipped (array)
[22:25:24]   devstats-nfl-1930: not a claim store, skipped (array)
[22:25:24]   devstats-nfl-1931: not a claim store, skipped (array)
[22:25:24]   devstats-nfl-1932: not a claim store, skipped (array)
[22:25:24]   devstats-nfl-1933: not a claim store, skipped (array)
[22:25:24]   devstats-nfl-1934: not a claim store, skipped (array)
[22:25:24]   devstats-nfl-1935: not a claim store, skipped (array)
[22:25:24]   devstats-nfl-1936: not a claim store, skipped (array)
[22:25:24]   devstats-nfl-1937: not a claim store, skipped (array)
[22:25:24]   devstats-nfl-1938: not a claim store, skipped (array)
[22:25:24]   devstats-nfl-1939: not a claim store, skipped (array)
[22:25:24]   devstats-nfl-1940: not a claim store, skipped (array)
[22:25:24]   devstats-nfl-1941: not a claim store, skipped (array)
[22:25:24]   devstats-nfl-1942: not a claim store, skipped (array)
[22:25:24]   devstats-nfl-1943: not a claim store, skipped (array)
[22:25:24]   devstats-nfl-1944: not a claim store, skipped (array)
[22:25:24]   devstats-nfl-1945: not a claim store, skipped (array)
[22:25:24]   devstats-nfl-1946: not a claim store, skipped (array)
[22:25:24]   devstats-nfl-1947: not a claim store, skipped (array)
[22:25:24]   devstats-nfl-1948: not a claim store, skipped (array)
[22:25:24]   devstats-nfl-1949: not a claim store, skipped (array)
[22:25:24]   devstats-nfl-1950: not a claim store, skipped (array)
[22:25:24]   devstats-nfl-1951: not a claim store, skipped (array)
[22:25:24]   devstats-nfl-1952: not a claim store, skipped (array)
[22:25:24]   devstats-nfl-1953: not a claim store, skipped (array)
[22:25:24]   devstats-nfl-1954: not a claim store, skipped (array)
[22:25:24]   devstats-nfl-1955: not a claim store, skipped (array)
[22:25:24]   devstats-nfl-1956: not a claim store, skipped (array)
[22:25:24]   devstats-nfl-1957: not a claim store, skipped (array)
[22:25:24]   devstats-nfl-1958: not a claim store, skipped (array)
[22:25:24]   devstats-nfl-1959: not a claim store, skipped (array)
[22:25:24]   devstats-nfl-1960: not a claim store, skipped (array)
[22:25:24]   devstats-nfl-1961: not a claim store, skipped (array)
[22:25:24]   devstats-nfl-1962: not a claim store, skipped (array)
[22:25:24]   devstats-nfl-1963: not a claim store, skipped (array)
[22:25:24]   devstats-nfl-1964: not a claim store, skipped (array)
[22:25:24]   devstats-nfl-1965: not a claim store, skipped (array)
[22:25:24]   devstats-nfl-1966: not a claim store, skipped (array)
[22:25:24]   devstats-nfl-1967: not a claim store, skipped (array)
[22:25:24]   devstats-nfl-1968: not a claim store, skipped (array)
[22:25:24]   devstats-nfl-1969: not a claim store, skipped (array)
[22:25:24]   devstats-nfl-1970: not a claim store, skipped (array)
[22:25:24]   devstats-nfl-1971: not a claim store, skipped (array)
[22:25:24]   devstats-nfl-1972: not a claim store, skipped (array)
[22:25:24]   devstats-nfl-1973: not a claim store, skipped (array)
[22:25:24]   devstats-nfl-1974: not a claim store, skipped (array)
[22:25:24]   devstats-nfl-1975: not a claim store, skipped (array)
[22:25:24]   devstats-nfl-1976: not a claim store, skipped (array)
[22:25:24]   devstats-nfl-1977: not a claim store, skipped (array)
[22:25:24]   devstats-nfl-1978: not a claim store, skipped (array)
[22:25:24]   devstats-nfl-1979: not a claim store, skipped (array)
[22:25:24]   devstats-nfl-1980: not a claim store, skipped (array)
[22:25:24]   devstats-nfl-1981: not a claim store, skipped (array)
[22:25:24]   devstats-nfl-1982: not a claim store, skipped (array)
[22:25:24]   devstats-nfl-1983: not a claim store, skipped (array)
[22:25:24]   devstats-nfl-1984: not a claim store, skipped (array)
[22:25:24]   devstats-nfl-1985: not a claim store, skipped (array)
[22:25:24]   devstats-nfl-1986: not a claim store, skipped (array)
[22:25:24]   devstats-nfl-1987: not a claim store, skipped (array)
[22:25:24]   devstats-nfl-1988: not a claim store, skipped (array)
[22:25:24]   devstats-nfl-1989: not a claim store, skipped (array)
[22:25:24]   devstats-nfl-1990: not a claim store, skipped (array)
[22:25:24]   devstats-nfl-1991: not a claim store, skipped (array)
[22:25:24]   devstats-nfl-1992: not a claim store, skipped (array)
[22:25:24]   devstats-nfl-1993: not a claim store, skipped (array)
[22:25:24]   devstats-nfl-1994: not a claim store, skipped (array)
[22:25:24]   devstats-nfl-1995: not a claim store, skipped (array)
[22:25:24]   devstats-nfl-1996: not a claim store, skipped (array)
[22:25:24]   devstats-nfl-1997: not a claim store, skipped (array)
[22:25:24]   devstats-nfl-1998: not a claim store, skipped (array)
[22:25:24]   devstats-nfl-1999: not a claim store, skipped (array)
[22:25:24]   devstats-nfl-2000: not a claim store, skipped (array)
[22:25:24]   devstats-nfl-2001: not a claim store, skipped (array)
[22:25:24]   devstats-nfl-2002: not a claim store, skipped (array)
[22:25:24]   devstats-nfl-2003: not a claim store, skipped (array)
[22:25:24]   devstats-nfl-2004: not a claim store, skipped (array)
[22:25:24]   devstats-nfl-2005: not a claim store, skipped (array)
[22:25:24]   devstats-nfl-2006: not a claim store, skipped (array)
[22:25:24]   devstats-nfl-2007: not a claim store, skipped (array)
[22:25:24]   devstats-nfl-2008: not a claim store, skipped (array)
[22:25:24]   devstats-nfl-2009: not a claim store, skipped (array)
[22:25:24]   devstats-nfl-2010: not a claim store, skipped (array)
[22:25:24]   devstats-nfl-2011: not a claim store, skipped (array)
[22:25:24]   devstats-nfl-2012: not a claim store, skipped (array)
[22:25:24]   devstats-nfl-2013: not a claim store, skipped (array)
[22:25:24]   devstats-nfl-2014: not a claim store, skipped (array)
[22:25:24]   devstats-nfl-2015: not a claim store, skipped (array)
[22:25:24]   devstats-nfl-2016: not a claim store, skipped (array)
[22:25:24]   devstats-nfl-2017: not a claim store, skipped (array)
[22:25:24]   devstats-nfl-2018: not a claim store, skipped (array)
[22:25:24]   devstats-nfl-2019: not a claim store, skipped (array)
[22:25:24]   devstats-nfl-2020: not a claim store, skipped (array)
[22:25:24]   devstats-nfl-2021: not a claim store, skipped (array)
[22:25:24]   devstats-nfl-2022: not a claim store, skipped (array)
[22:25:24]   devstats-nfl-2023: not a claim store, skipped (array)
[22:25:24]   devstats-nfl-2024: not a claim store, skipped (array)
[22:25:24]   devstats-ufl-2009: not a claim store, skipped (array)
[22:25:24]   devstats-ufl-2010: not a claim store, skipped (array)
[22:25:24]   devstats-ufl-2011: not a claim store, skipped (array)
[22:25:24]   devstats-ufl-2012: not a claim store, skipped (array)
[22:25:24]   devstats-ufl2-2024: not a claim store, skipped (array)
[22:25:24]   devstats-usfl-1983: not a claim store, skipped (array)
[22:25:24]   devstats-usfl-1984: not a claim store, skipped (array)
[22:25:24]   devstats-usfl-1985: not a claim store, skipped (array)
[22:25:24]   devstats-usfl2-2022: not a claim store, skipped (array)
[22:25:24]   devstats-usfl2-2023: not a claim store, skipped (array)
[22:25:24]   devstats-wfl-1974: not a claim store, skipped (array)
[22:25:24]   devstats-wfl-1975: not a claim store, skipped (array)
[22:25:24]   devstats-wlaf-1991: not a claim store, skipped (array)
[22:25:24]   devstats-wlaf-1992: not a claim store, skipped (array)
[22:25:24]   devstats-xfl-2001: not a claim store, skipped (array)
[22:25:24]   devstats-xfl-2020: not a claim store, skipped (array)
[22:25:24]   devstats-xfl-2023: not a claim store, skipped (array)
[22:25:24]   football-hunting-ind                        54 claims   total     409,526       4s
[22:25:24]   football-hunting                           278 claims   total     409,804       4s
[22:25:24]   frankford-book-ind                         257 claims   total     410,061       4s
[22:25:24]   frankford-book                             417 claims   total     410,478       4s
[22:25:24]   ghosts-lineups                             168 claims   total     410,646       4s
[22:25:24]   ghosts-structured                           49 claims   total     410,695       4s
[22:25:24]   ghostsofthegridiron-afl                     23 claims   total     410,718       4s
[22:25:24]   ghostsofthegridiron-ind                     45 claims   total     410,763       4s
[22:25:24]   ghostsofthegridiron                        615 claims   total     411,378       4s
[22:25:24]   guide-lad-1948                             290 claims   total     411,668       4s
[22:25:24]   guide-pre1950-delimited                  1,552 claims   total     413,220       4s
[22:25:24]   guide-prose-corpus-leads: not a claim store, skipped (object with no top-level claims list)
[22:25:25]   guide-prose-corpus                      57,276 claims   total     470,496       6s
[22:25:25]   guide-prose                              1,404 claims   total     471,900       6s
[22:25:25]   hearing-1957                                76 claims   total     471,976       6s
[22:25:25]   neft-early-years-1978-1920s              9,042 claims   total     481,018       6s
[22:25:26]   neft-early-years-1978-1930s              9,277 claims   total     490,295       6s
[22:25:26]   neft-early-years-1978                        1 claims   total     490,296       6s
[22:25:26]   nfl-1922                                 3,228 claims   total     493,524       6s
[22:25:26]   nfl-1923                                 3,239 claims   total     496,763       6s
[22:25:26]   nfl-1924                                 3,027 claims   total     499,790       6s
[22:25:26]   nfl-1925                                 3,738 claims   total     503,528       6s
[22:25:26]   nfl-1926                                 4,280 claims   total     507,808       6s
[22:25:26]   nfl-1927                                 2,400 claims   total     510,208       6s
[22:25:26]   nfl-1928                                 1,784 claims   total     511,992       6s
[22:25:26]   nfl-1929                                 2,245 claims   total     514,237       6s
[22:25:26]   nfl-1930                                 2,760 claims   total     516,997       6s
[22:25:26]   nfl-1931                                 2,298 claims   total     519,295       6s
[22:25:26]   nfl-1932                                 1,904 claims   total     521,199       6s
[22:25:26]   nfl-1933                                 2,360 claims   total     523,559       6s
[22:25:26]   nfl-1934-cincinnati                         36 claims   total     523,595       6s
[22:25:26]   nfl-1934                                 2,456 claims   total     526,051       6s
[22:25:26]   nfl-1935                                 2,232 claims   total     528,283       6s
[22:25:26]   nfl-1936                                 2,080 claims   total     530,363       6s
[22:25:26]   nfl-1937                                 2,440 claims   total     532,803       6s
[22:25:26]   nfl-1938                                 2,648 claims   total     535,451       6s
[22:25:26]   nfl-1939                                 2,832 claims   total     538,283       6s
[22:25:26]   nfl-1940                                 2,808 claims   total     541,091       6s
[22:25:26]   nfl-1941                                 2,856 claims   total     543,947       6s
[22:25:26]   nfl-1942                                 2,792 claims   total     546,739       6s
[22:25:26]   nfl-1943                                 1,968 claims   total     548,707       6s
[22:25:26]   nfl-1944                                 2,528 claims   total     551,235       6s
[22:25:26]   nfl-1945                                 3,440 claims   total     554,675       6s
[22:25:26]   nfl-1946                                 2,824 claims   total     557,499       6s
[22:25:26]   nfl-1947                                 2,992 claims   total     560,491       6s
[22:25:26]   nfl-1948                                 3,032 claims   total     563,523       6s
[22:25:26]   nfl-1949                                 2,808 claims   total     566,331       6s
[22:25:26]   nfl-1950                                 3,680 claims   total     570,011       6s
[22:25:26]   nfl-1951                                 3,432 claims   total     573,443       7s
[22:25:26]   nfl-1952                                 3,608 claims   total     577,051       7s
[22:25:26]   nfl-1953                                 3,520 claims   total     580,571       7s
[22:25:26]   nfl-1954                                 3,552 claims   total     584,123       7s
[22:25:26]   nfl-1955                                 3,624 claims   total     587,747       7s
[22:25:26]   nfl-1956                                 3,736 claims   total     591,483       7s
[22:25:26]   nfl-1957                                 3,568 claims   total     595,051       7s
[22:25:26]   nfl-1958                                 3,640 claims   total     598,691       7s
[22:25:26]   nfl-1959                                 3,672 claims   total     602,363       7s
[22:25:26]   nfl-1960                                 4,120 claims   total     606,483       7s
[22:25:26]   nfl-1961                                 4,504 claims   total     610,987       7s
[22:25:27]   nfl-1962                                 4,424 claims   total     615,411       7s
[22:25:27]   nfl-1963                                 4,624 claims   total     620,035       7s
[22:25:27]   nfl-1964                                 4,680 claims   total     624,715       7s
[22:25:27]   nfl-1965                                 4,936 claims   total     629,651       7s
[22:25:27]   nfl-1966                                 5,472 claims   total     635,123       7s
[22:25:27]   nfl-1967                                 6,008 claims   total     641,131       7s
[22:25:27]   nfl-1968                                 5,920 claims   total     647,051       7s
[22:25:27]   nfl-1969                                 6,000 claims   total     653,051       7s
[22:25:27]   nfl-1970                                 9,776 claims   total     662,827       7s
[22:25:27]   nfl-1971                                 9,824 claims   total     672,651       7s
[22:25:27]   nfl-1972                                10,016 claims   total     682,667       7s
[22:25:27]   nfl-1973                                10,152 claims   total     692,819       7s
[22:25:27]   nfl-1974                                10,680 claims   total     703,499       7s
[22:25:27]   nfl-1975                                 9,936 claims   total     713,435       8s
[22:25:27]   nfl-1976                                11,048 claims   total     724,483       8s
[22:25:27]   nfl-1977                                11,000 claims   total     735,483       8s
[22:25:27]   nfl-1978                                11,512 claims   total     746,995       8s
[22:25:28]   nfl-1979                                11,504 claims   total     758,499       8s
[22:25:28]   nfl-1980                                11,880 claims   total     770,379       8s
[22:25:28]   nfl-1981                                11,616 claims   total     781,995       8s
[22:25:28]   nfl-1982                                11,720 claims   total     793,715       8s
[22:25:28]   nfl-1983                                12,424 claims   total     806,139       8s
[22:25:28]   nfl-1984                                12,824 claims   total     818,963       8s
[22:25:28]   nfl-1985                                12,064 claims   total     831,027       8s
[22:25:28]   nfl-1986                                12,328 claims   total     843,355       9s
[22:25:28]   nfl-1987                                22,720 claims   total     866,075       9s
[22:25:29]   nfl-1988                                12,632 claims   total     878,707       9s
[22:25:29]   nfl-1989                                12,608 claims   total     891,315       9s
[22:25:29]   nfl-1990                                12,368 claims   total     903,683       9s
[22:25:29]   nfl-1991                                12,512 claims   total     916,195       9s
[22:25:29]   nfl-1992                                12,720 claims   total     928,915       9s
[22:25:29]   nfl-1993                                12,960 claims   total     941,875       9s
[22:25:29]   nfl-1994                                12,488 claims   total     954,363       9s
[22:25:29]   nfl-1995                                13,688 claims   total     968,051       9s
[22:25:29]   nfl-1996                                13,776 claims   total     981,827      10s
[22:25:30]   nfl-1997                                13,864 claims   total     995,691      10s
[22:25:30]   nfl-1998                                13,928 claims   total   1,009,619      10s
[22:25:30]   nfl-1999                                14,448 claims   total   1,024,067      10s
[22:25:30]   nfl-2000                                14,240 claims   total   1,038,307      10s
[22:25:30]   nfl-2001                                14,240 claims   total   1,052,547      10s
[22:25:30]   nfl-2002                                15,016 claims   total   1,067,563      10s
[22:25:30]   nfl-2003                                14,968 claims   total   1,082,531      10s
[22:25:30]   nfl-2004                                15,432 claims   total   1,097,963      11s
[22:25:30]   nfl-2005                                15,336 claims   total   1,113,299      11s
[22:25:31]   nfl-2006                                15,288 claims   total   1,128,587      11s
[22:25:31]   nfl-2007                                15,568 claims   total   1,144,155      11s
[22:25:31]   nfl-2008                                15,376 claims   total   1,159,531      11s
[22:25:31]   nfl-2009                                15,640 claims   total   1,175,171      11s
[22:25:31]   nfl-2010                                16,104 claims   total   1,191,275      11s
[22:25:31]   nfl-2011                                15,768 claims   total   1,207,043      12s
[22:25:31]   nfl-2012                                15,840 claims   total   1,222,883      12s
[22:25:32]   nfl-2013                                17,200 claims   total   1,240,083      12s
[22:25:32]   nfl-2014                                17,144 claims   total   1,257,227      12s
[22:25:32]   nfl-2015                                15,896 claims   total   1,273,123      12s
[22:25:32]   nfl-2016                                17,664 claims   total   1,290,787      12s
[22:25:32]   nfl-2017                                16,696 claims   total   1,307,483      12s
[22:25:32]   nfl-2018                                16,880 claims   total   1,324,363      13s
[22:25:32]   nfl-2019                                17,032 claims   total   1,341,395      13s
[22:25:32]   nfl-2020-lvr                                86 claims   total   1,341,481      13s
[22:25:32]   nfl-2020                                17,528 claims   total   1,359,009      13s
[22:25:33]   nfl-2021                                18,767 claims   total   1,377,776      13s
[22:25:33]   nfl-2022                                17,192 claims   total   1,394,968      13s
[22:25:33]   nfl-2023                                16,736 claims   total   1,411,704      13s
[22:25:33]   nfl-2024                                17,272 claims   total   1,428,976      13s
[22:25:33]   nflverse-draft                          11,682 claims   total   1,440,658      14s
[22:25:35]   nflverse-membership                    128,359 claims   total   1,569,017      15s
[22:25:37]   nflverse-rosters                       158,835 claims   total   1,727,852      17s
[22:25:37]   nickname-register                            9 claims   total   1,727,861      17s
[22:25:37]   officials-applied: not a claim store, skipped (object with no top-level claims list)
[22:25:37]   person-merge-proposals: not a claim store, skipped (object with no top-level claims list)
[22:25:37]   person-merges: not a claim store, skipped (object with no top-level claims list)
[22:25:44]   pfa-1950on                             739,596 claims   total   2,467,457      24s
[22:25:44]   pfa-awards                              11,114 claims   total   2,478,571      24s
[22:25:44]   pfa-boxscore-leads                           0 claims   total   2,478,571      24s
[22:25:44]   pfa-boxscore-membership                 11,776 claims   total   2,490,347      25s
[22:25:57]   pfa-boxscores                          930,928 claims   total   3,421,275      38s
[22:25:59]   pfa-club-rosters                       102,872 claims   total   3,524,147      39s
[22:25:59]   pfa-coaches                             28,991 claims   total   3,553,138      40s
[22:26:00]   pfa-drafts                              70,192 claims   total   3,623,330      40s
[22:26:00]   pfa-gamelogs-1920s                       4,790 claims   total   3,628,120      40s
[22:26:00]   pfa-gamelogs-1930s                      12,451 claims   total   3,640,571      40s
[22:26:01]   pfa-gamelogs-1940s                      33,287 claims   total   3,673,858      41s
[22:26:01]   pfa-gamelogs-1950s                      30,526 claims   total   3,704,384      41s
[22:26:02]   pfa-gamelogs-1960s                      66,328 claims   total   3,770,712      42s
[22:26:03]   pfa-gamelogs-1970s                      82,336 claims   total   3,853,048      43s
[22:26:04]   pfa-gamelogs-1980s                      98,606 claims   total   3,951,654      44s
[22:26:06]   pfa-gamelogs-1990s                     118,048 claims   total   4,069,702      46s
[22:26:08]   pfa-gamelogs-2000s                     221,409 claims   total   4,291,111      49s
[22:26:11]   pfa-gamelogs-2010s                     221,821 claims   total   4,512,932      52s
[22:26:13]   pfa-gamelogs-2020s                     135,581 claims   total   4,648,513      54s
[22:26:14]   pfa-match: not a claim store, skipped (object with no top-level claims list)
[22:26:14]   pfa-officials                           10,316 claims   total   4,658,829      54s
[22:26:14]   pfa-postseason-1930s                       913 claims   total   4,659,742      54s
[22:26:14]   pfa-postseason-1940s                     2,432 claims   total   4,662,174      54s
[22:26:14]   pfa-postseason-1950s                     1,913 claims   total   4,664,087      54s
[22:26:14]   pfa-postseason-1960s                     4,295 claims   total   4,668,382      54s
[22:26:14]   pfa-postseason-1970s                     8,352 claims   total   4,676,734      54s
[22:26:14]   pfa-postseason-1980s                    11,443 claims   total   4,688,177      54s
[22:26:14]   pfa-postseason-1990s                    13,939 claims   total   4,702,116      54s
[22:26:14]   pfa-postseason-2000s                    21,685 claims   total   4,723,801      55s
[22:26:15]   pfa-postseason-2010s                    25,506 claims   total   4,749,307      55s
[22:26:15]   pfa-postseason-2020s                    18,209 claims   total   4,767,516      55s
[22:26:16]   pfa-pre1950                             75,072 claims   total   4,842,588      56s
[22:26:16]   pfa-stage3                              32,683 claims   total   4,875,271      56s
[22:26:16]   pfa-stats-1920s                          9,568 claims   total   4,884,839      56s
[22:26:16]   pfa-stats-1930s                         23,039 claims   total   4,907,878      57s
[22:26:17]   pfa-stats-1940s                         71,060 claims   total   4,978,938      57s
[22:26:18]   pfa-stats-1950s                        104,890 claims   total   5,083,828      58s
[22:26:20]   pfa-stats-1960s                        175,863 claims   total   5,259,691      60s
[22:26:22]   pfa-stats-1970s                        210,493 claims   total   5,470,184      62s
[22:26:25]   pfa-stats-1980s                        261,316 claims   total   5,731,500      65s
[22:26:29]   pfa-stats-1990s                        338,516 claims   total   6,070,016      69s
[22:26:35]   pfa-stats-2000s                        577,042 claims   total   6,647,058      75s
[22:26:41]   pfa-stats-2010s                        602,699 claims   total   7,249,757      81s
[22:26:45]   pfa-stats-2020s                        314,449 claims   total   7,564,206      85s
[22:26:49]   pfa-transaction-membership             346,795 claims   total   7,911,001      90s
[22:26:50]   pfa-wlaf-1995                              363 claims   total   7,911,364      90s
[22:26:50]   pfr-drafts                              10,351 claims   total   7,921,715      90s
[22:26:50]   pfr-pages                                  116 claims   total   7,921,831      90s
[22:26:50]   pfra-annual-4-1983                         644 claims   total   7,922,475      90s
[22:26:50]   photos                                  28,060 claims   total   7,950,535      90s
[22:26:50]   player-promotions: not a claim store, skipped (object with no top-level claims list)
[22:26:50]   player-seasons-promoted                      0 claims   total   7,950,535      90s
[22:26:50]   programme-1926-chi-lat                      49 claims   total   7,950,584      90s
[22:26:50]   programme-1926-nyy-pcw                      29 claims   total   7,950,613      90s
[22:26:50]   promotion-names                          9,539 claims   total   7,960,152      90s
[22:26:50]   salaries                                   209 claims   total   7,960,361      90s
[22:26:50]   stats-aaf-2019                           4,520 claims   total   7,964,881      90s
[22:26:50]   stats-aafc-1946                          5,069 claims   total   7,969,950      90s
[22:26:50]   stats-aafc-1947                          4,292 claims   total   7,974,242      90s
[22:26:50]   stats-aafc-1948                          4,212 claims   total   7,978,454      90s
[22:26:50]   stats-aafc-1949                          3,331 claims   total   7,981,785      90s
[22:26:50]   stats-afl-1960                           4,099 claims   total   7,985,884      90s
[22:26:50]   stats-afl-1961                           4,053 claims   total   7,989,937      91s
[22:26:50]   stats-afl-1962                           3,756 claims   total   7,993,693      91s
[22:26:50]   stats-afl-1963                           3,657 claims   total   7,997,350      91s
[22:26:50]   stats-afl-1964                           3,715 claims   total   8,001,065      91s
[22:26:50]   stats-afl-1965                           3,543 claims   total   8,004,608      91s
[22:26:50]   stats-afl-1966                           4,216 claims   total   8,008,824      91s
[22:26:50]   stats-afl-1967                           4,847 claims   total   8,013,671      91s
[22:26:50]   stats-afl-1968                           5,653 claims   total   8,019,324      91s
[22:26:50]   stats-afl-1969                           5,168 claims   total   8,024,492      91s
[22:26:50]   stats-apfa-1920                             13 claims   total   8,024,505      91s
[22:26:50]   stats-apfa-1921                          1,489 claims   total   8,025,994      91s
[22:26:50]   stats-cfl-1945                             457 claims   total   8,026,451      91s
[22:26:50]   stats-cfl-1946                             841 claims   total   8,027,292      91s
[22:26:50]   stats-cfl-1947                             974 claims   total   8,028,266      91s
[22:26:50]   stats-cfl-1948                             986 claims   total   8,029,252      91s
[22:26:50]   stats-cfl-1949                           1,020 claims   total   8,030,272      91s
[22:26:50]   stats-cfl-1950                           2,200 claims   total   8,032,472      91s
[22:26:50]   stats-cfl-1951                           2,536 claims   total   8,035,008      91s
[22:26:51]   stats-cfl-1952                           3,234 claims   total   8,038,242      91s
[22:26:51]   stats-cfl-1953                           3,185 claims   total   8,041,427      91s
[22:26:51]   stats-cfl-1954                           4,867 claims   total   8,046,294      91s
[22:26:51]   stats-cfl-1955                           5,177 claims   total   8,051,471      91s
[22:26:51]   stats-cfl-1956                           5,229 claims   total   8,056,700      91s
[22:26:51]   stats-cfl-1957                           5,381 claims   total   8,062,081      91s
[22:26:51]   stats-cfl-1958                           5,022 claims   total   8,067,103      91s
[22:26:51]   stats-cfl-1959                           5,113 claims   total   8,072,216      91s
[22:26:51]   stats-cfl-1960                           4,919 claims   total   8,077,135      91s
[22:26:51]   stats-cfl-1961                           4,900 claims   total   8,082,035      91s
[22:26:51]   stats-cfl-1962                           4,430 claims   total   8,086,465      91s
[22:26:51]   stats-cfl-1963                           4,741 claims   total   8,091,206      91s
[22:26:51]   stats-cfl-1964                           4,537 claims   total   8,095,743      91s
[22:26:51]   stats-cfl-1965                           4,451 claims   total   8,100,194      91s
[22:26:51]   stats-cfl-1966                           4,034 claims   total   8,104,228      91s
[22:26:51]   stats-cfl-1967                           4,318 claims   total   8,108,546      91s
[22:26:51]   stats-cfl-1968                           4,098 claims   total   8,112,644      91s
[22:26:51]   stats-cfl-1969                           4,333 claims   total   8,116,977      91s
[22:26:51]   stats-cfl-1970                           4,526 claims   total   8,121,503      91s
[22:26:51]   stats-cfl-1971                           4,769 claims   total   8,126,272      91s
[22:26:51]   stats-cfl-1972                           4,364 claims   total   8,130,636      91s
[22:26:51]   stats-cfl-1973                           4,352 claims   total   8,134,988      91s
[22:26:51]   stats-cfl-1974                           4,128 claims   total   8,139,116      91s
[22:26:51]   stats-cfl-1975                           4,615 claims   total   8,143,731      91s
[22:26:51]   stats-cfl-1976                           4,474 claims   total   8,148,205      91s
[22:26:51]   stats-cfl-1977                           4,743 claims   total   8,152,948      92s
[22:26:51]   stats-cfl-1978                           4,688 claims   total   8,157,636      92s
[22:26:51]   stats-cfl-1979                           4,601 claims   total   8,162,237      92s
[22:26:51]   stats-cfl-1980                           4,748 claims   total   8,166,985      92s
[22:26:51]   stats-cfl-1981                           4,733 claims   total   8,171,718      92s
[22:26:51]   stats-cfl-1982                           5,113 claims   total   8,176,831      92s
[22:26:51]   stats-cfl-1983                           5,136 claims   total   8,181,967      92s
[22:26:51]   stats-cfl-1984                           5,363 claims   total   8,187,330      92s
[22:26:51]   stats-cfl-1985                           5,209 claims   total   8,192,539      92s
[22:26:52]   stats-cfl-1986                           6,053 claims   total   8,198,592      92s
[22:26:52]   stats-cfl-1987                           5,676 claims   total   8,204,268      92s
[22:26:52]   stats-cfl-1988                           5,634 claims   total   8,209,902      92s
[22:26:52]   stats-cfl-1989                           5,679 claims   total   8,215,581      92s
[22:26:52]   stats-cfl-1990                           5,993 claims   total   8,221,574      92s
[22:26:52]   stats-cfl-1991                           6,905 claims   total   8,228,479      92s
[22:26:52]   stats-cfl-1992                           6,588 claims   total   8,235,067      92s
[22:26:52]   stats-cfl-1993                           7,184 claims   total   8,242,251      92s
[22:26:52]   stats-cfl-1994                           9,681 claims   total   8,251,932      92s
[22:26:52]   stats-cfl-1995                          10,798 claims   total   8,262,730      92s
[22:26:52]   stats-cfl-1996                           6,926 claims   total   8,269,656      92s
[22:26:52]   stats-cfl-1997                           5,934 claims   total   8,275,590      92s
[22:26:52]   stats-cfl-1998                           5,970 claims   total   8,281,560      92s
[22:26:52]   stats-cfl-1999                           5,882 claims   total   8,287,442      92s
[22:26:52]   stats-cfl-2000                           5,983 claims   total   8,293,425      92s
[22:26:52]   stats-cfl-2001                           6,132 claims   total   8,299,557      92s
[22:26:52]   stats-cfl-2002                           7,051 claims   total   8,306,608      93s
[22:26:52]   stats-cfl-2003                           6,971 claims   total   8,313,579      93s
[22:26:52]   stats-cfl-2004                           6,870 claims   total   8,320,449      93s
[22:26:52]   stats-cfl-2005                           7,161 claims   total   8,327,610      93s
[22:26:52]   stats-cfl-2006                           6,151 claims   total   8,333,761      93s
[22:26:52]   stats-cfl-2007                           6,384 claims   total   8,340,145      93s
[22:26:52]   stats-cfl-2008                           6,525 claims   total   8,346,670      93s
[22:26:53]   stats-cfl-2009                           6,487 claims   total   8,353,157      93s
[22:26:53]   stats-cfl-2010                           6,712 claims   total   8,359,869      93s
[22:26:53]   stats-cfl-2011                           6,155 claims   total   8,366,024      93s
[22:26:53]   stats-cfl-2012                           6,272 claims   total   8,372,296      93s
[22:26:53]   stats-cfl-2013                           6,981 claims   total   8,379,277      93s
[22:26:53]   stats-cfl-2014                           7,447 claims   total   8,386,724      93s
[22:26:53]   stats-cfl-2015                          10,514 claims   total   8,397,238      93s
[22:26:53]   stats-cfl-2016                          10,988 claims   total   8,408,226      93s
[22:26:53]   stats-cfl-2017                           9,436 claims   total   8,417,662      93s
[22:26:53]   stats-cfl-2018                           9,101 claims   total   8,426,763      93s
[22:26:53]   stats-cfl-2019                           8,335 claims   total   8,435,098      93s
[22:26:53]   stats-cfl-2021                           6,810 claims   total   8,441,908      94s
[22:26:53]   stats-cfl-2022                           8,297 claims   total   8,450,205      94s
[22:26:53]   stats-cfl-2023                           7,391 claims   total   8,457,596      94s
[22:26:53]   stats-cfl-2024                           7,142 claims   total   8,464,738      94s
[22:26:53]   stats-cfl-2025                           7,305 claims   total   8,472,043      94s
[22:26:53]   stats-nfl-1922                           1,402 claims   total   8,473,445      94s
[22:26:53]   stats-nfl-1923                           1,520 claims   total   8,474,965      94s
[22:26:53]   stats-nfl-1924                           1,526 claims   total   8,476,491      94s
[22:26:53]   stats-nfl-1925                           1,732 claims   total   8,478,223      94s
[22:26:53]   stats-nfl-1926                           1,788 claims   total   8,480,011      94s
[22:26:53]   stats-nfl-1927                           1,228 claims   total   8,481,239      94s
[22:26:53]   stats-nfl-1928                           1,055 claims   total   8,482,294      94s
[22:26:54]   stats-nfl-1929                           1,153 claims   total   8,483,447      94s
[22:26:54]   stats-nfl-1930                           1,329 claims   total   8,484,776      94s
[22:26:54]   stats-nfl-1931                           1,165 claims   total   8,485,941      94s
[22:26:54]   stats-nfl-1932                           2,307 claims   total   8,488,248      94s
[22:26:54]   stats-nfl-1933                           3,058 claims   total   8,491,306      94s
[22:26:54]   stats-nfl-1934                           3,216 claims   total   8,494,522      94s
[22:26:54]   stats-nfl-1935                           3,053 claims   total   8,497,575      94s
[22:26:54]   stats-nfl-1936                           3,002 claims   total   8,500,577      94s
[22:26:54]   stats-nfl-1937                           3,379 claims   total   8,503,956      94s
[22:26:54]   stats-nfl-1938                           3,670 claims   total   8,507,626      94s
[22:26:54]   stats-nfl-1939                           3,900 claims   total   8,511,526      94s
[22:26:54]   stats-nfl-1940                           4,235 claims   total   8,515,761      94s
[22:26:54]   stats-nfl-1941                           5,549 claims   total   8,521,310      94s
[22:26:54]   stats-nfl-1942                           4,989 claims   total   8,526,299      94s
[22:26:54]   stats-nfl-1943                           3,683 claims   total   8,529,982      94s
[22:26:54]   stats-nfl-1944                           4,613 claims   total   8,534,595      94s
[22:26:54]   stats-nfl-1945                           5,920 claims   total   8,540,515      94s
[22:26:54]   stats-nfl-1946                           6,066 claims   total   8,546,581      94s
[22:26:54]   stats-nfl-1947                           6,374 claims   total   8,552,955      94s
[22:26:54]   stats-nfl-1948                           6,368 claims   total   8,559,323      94s
[22:26:54]   stats-nfl-1949                           5,689 claims   total   8,565,012      94s
[22:26:54]   stats-nfl-1950                           7,484 claims   total   8,572,496      94s
[22:26:54]   stats-nfl-1951                           6,340 claims   total   8,578,836      95s
[22:26:54]   stats-nfl-1952                           7,069 claims   total   8,585,905      95s
[22:26:54]   stats-nfl-1953                           6,477 claims   total   8,592,382      95s
[22:26:54]   stats-nfl-1954                           6,377 claims   total   8,598,759      95s
[22:26:54]   stats-nfl-1955                           6,074 claims   total   8,604,833      95s
[22:26:54]   stats-nfl-1956                           5,965 claims   total   8,610,798      95s
[22:26:54]   stats-nfl-1957                           6,097 claims   total   8,616,895      95s
[22:26:54]   stats-nfl-1958                           6,062 claims   total   8,622,957      95s
[22:26:55]   stats-nfl-1959                           5,884 claims   total   8,628,841      95s
[22:26:55]   stats-nfl-1960                           6,154 claims   total   8,634,995      95s
[22:26:55]   stats-nfl-1961                           7,010 claims   total   8,642,005      95s
[22:26:55]   stats-nfl-1962                           7,015 claims   total   8,649,020      95s
[22:26:55]   stats-nfl-1963                           7,205 claims   total   8,656,225      95s
[22:26:55]   stats-nfl-1964                           7,391 claims   total   8,663,616      95s
[22:26:55]   stats-nfl-1965                           7,547 claims   total   8,671,163      95s
[22:26:55]   stats-nfl-1966                           8,040 claims   total   8,679,203      95s
[22:26:55]   stats-nfl-1967                           8,504 claims   total   8,687,707      95s
[22:26:55]   stats-nfl-1968                           8,271 claims   total   8,695,978      95s
[22:26:55]   stats-nfl-1969                           8,336 claims   total   8,704,314      95s
[22:26:55]   stats-nfl-1970                          13,581 claims   total   8,717,895      95s
[22:26:55]   stats-nfl-1971                          13,706 claims   total   8,731,601      96s
[22:26:55]   stats-nfl-1972                          13,545 claims   total   8,745,146      96s
[22:26:55]   stats-nfl-1973                          13,669 claims   total   8,758,815      96s
[22:26:55]   stats-nfl-1974                          14,278 claims   total   8,773,093      96s
[22:26:56]   stats-nfl-1975                          14,118 claims   total   8,787,211      96s
[22:26:56]   stats-nfl-1976                          15,270 claims   total   8,802,481      96s
[22:26:56]   stats-nfl-1977                          14,870 claims   total   8,817,351      96s
[22:26:56]   stats-nfl-1978                          15,839 claims   total   8,833,190      96s
[22:26:56]   stats-nfl-1979                          16,014 claims   total   8,849,204      96s
[22:26:56]   stats-nfl-1980                          15,553 claims   total   8,864,757      97s
[22:26:56]   stats-nfl-1981                          16,111 claims   total   8,880,868      97s
[22:26:56]   stats-nfl-1982                          13,120 claims   total   8,893,988      97s
[22:26:57]   stats-nfl-1983                          17,037 claims   total   8,911,025      97s
[22:26:57]   stats-nfl-1984                          16,658 claims   total   8,927,683      97s
[22:26:57]   stats-nfl-1985                          16,059 claims   total   8,943,742      97s
[22:26:57]   stats-nfl-1986                          16,707 claims   total   8,960,449      97s
[22:26:57]   stats-nfl-1987                          22,924 claims   total   8,983,373      97s
[22:26:57]   stats-nfl-1988                          16,677 claims   total   9,000,050      98s
[22:26:57]   stats-nfl-1989                          17,470 claims   total   9,017,520      98s
[22:26:57]   stats-nfl-1990                          16,563 claims   total   9,034,083      98s
[22:26:58]   stats-nfl-1991                          16,955 claims   total   9,051,038      98s
[22:26:58]   stats-nfl-1992                          17,133 claims   total   9,068,171      98s
[22:26:58]   stats-nfl-1993                          17,631 claims   total   9,085,802      98s
[22:26:58]   stats-nfl-1994                          17,780 claims   total   9,103,582      98s
[22:26:58]   stats-nfl-1995                          19,490 claims   total   9,123,072      99s
[22:26:58]   stats-nfl-1996                          19,183 claims   total   9,142,255      99s
[22:26:58]   stats-nfl-1997                          19,612 claims   total   9,161,867      99s
[22:26:59]   stats-nfl-1998                          19,607 claims   total   9,181,474      99s
[22:26:59]   stats-nfl-1999                          20,688 claims   total   9,202,162      99s
[22:26:59]   stats-nfl-2000                          20,325 claims   total   9,222,487      99s
[22:26:59]   stats-nfl-2001                          20,848 claims   total   9,243,335      99s
[22:26:59]   stats-nfl-2002                          20,811 claims   total   9,264,146     100s
[22:26:59]   stats-nfl-2003                          21,873 claims   total   9,286,019     100s
[22:27:00]   stats-nfl-2004                          22,341 claims   total   9,308,360     100s
[22:27:00]   stats-nfl-2005                          21,666 claims   total   9,330,026     100s
[22:27:00]   stats-nfl-2006                          21,211 claims   total   9,351,237     100s
[22:27:00]   stats-nfl-2007                          21,939 claims   total   9,373,176     100s
[22:27:00]   stats-nfl-2008                          23,130 claims   total   9,396,306     101s
[22:27:00]   stats-nfl-2009                          23,440 claims   total   9,419,746     101s
[22:27:01]   stats-nfl-2010                          23,879 claims   total   9,443,625     101s
[22:27:01]   stats-nfl-2011                          23,095 claims   total   9,466,720     101s
[22:27:01]   stats-nfl-2012                          21,438 claims   total   9,488,158     101s
[22:27:01]   stats-nfl-2013                          22,733 claims   total   9,510,891     101s
[22:27:01]   stats-nfl-2014                          23,734 claims   total   9,534,625     102s
[22:27:01]   stats-nfl-2015                          21,973 claims   total   9,556,598     102s
[22:27:02]   stats-nfl-2016                          21,433 claims   total   9,578,031     102s
[22:27:02]   stats-nfl-2017                          21,524 claims   total   9,599,555     102s
[22:27:02]   stats-nfl-2018                          26,162 claims   total   9,625,717     102s
[22:27:02]   stats-nfl-2019                          25,740 claims   total   9,651,457     103s
[22:27:02]   stats-nfl-2020                          25,810 claims   total   9,677,267     103s
[22:27:03]   stats-nfl-2021                          28,884 claims   total   9,706,151     103s
[22:27:03]   stats-nfl-2022                          25,433 claims   total   9,731,584     103s
[22:27:03]   stats-nfl-2023                          24,730 claims   total   9,756,314     103s
[22:27:03]   stats-nfl-2024                          24,692 claims   total   9,781,006     103s
[22:27:03]   stats-ufl-2009                           2,683 claims   total   9,783,689     103s
[22:27:03]   stats-ufl-2010                           3,701 claims   total   9,787,390     104s
[22:27:03]   stats-ufl-2011                           1,860 claims   total   9,789,250     104s
[22:27:03]   stats-ufl-2012                           1,869 claims   total   9,791,119     104s
[22:27:03]   stats-ufl2-2024                          4,257 claims   total   9,795,376     104s
[22:27:03]   stats-usfl-1983                          6,873 claims   total   9,802,249     104s
[22:27:03]   stats-usfl-1984                          9,935 claims   total   9,812,184     104s
[22:27:04]   stats-usfl-1985                          7,364 claims   total   9,819,548     104s
[22:27:04]   stats-usfl2-2022                         4,732 claims   total   9,824,280     104s
[22:27:04]   stats-usfl2-2023                         4,021 claims   total   9,828,301     104s
[22:27:04]   stats-wfl-1974                           7,835 claims   total   9,836,136     104s
[22:27:04]   stats-wfl-1975                           5,071 claims   total   9,841,207     104s
[22:27:04]   stats-wlaf-1991                          3,691 claims   total   9,844,898     104s
[22:27:04]   stats-wlaf-1992                          3,500 claims   total   9,848,398     104s
[22:27:04]   stats-xfl-2001                           4,469 claims   total   9,852,867     104s
[22:27:04]   stats-xfl-2020                           3,273 claims   total   9,856,140     104s
[22:27:04]   stats-xfl-2023                           4,724 claims   total   9,860,864     104s
[22:27:04]   troan-experience                            20 claims   total   9,860,884     104s
[22:27:04]   ufl-2009                                 2,048 claims   total   9,862,932     104s
[22:27:04]   ufl-2010                                 2,840 claims   total   9,865,772     104s
[22:27:04]   ufl-2011                                 2,200 claims   total   9,867,972     104s
[22:27:04]   ufl-2012                                 1,796 claims   total   9,869,768     104s
[22:27:04]   ufl2-2024                                4,024 claims   total   9,873,792     104s
[22:27:04]   usfl-1983                                6,720 claims   total   9,880,512     104s
[22:27:04]   usfl-1984                                9,832 claims   total   9,890,344     104s
[22:27:04]   usfl-1985                                6,927 claims   total   9,897,271     104s
[22:27:04]   usfl2-2022                               3,592 claims   total   9,900,863     104s
[22:27:04]   usfl2-2023                               4,464 claims   total   9,905,327     104s
[22:27:04]   wfl-1974                                 7,127 claims   total   9,912,454     104s
[22:27:04]   wfl-1975                                 4,740 claims   total   9,917,194     105s
[22:27:04]   wikipedia-photos-backfill                  432 claims   total   9,917,626     105s
[22:27:04]   wikipedia-photos-replacements            1,667 claims   total   9,919,293     105s
[22:27:04]   wikipedia-photos-sweep                   1,622 claims   total   9,920,915     105s
[22:27:04]   wikipedia-plunkett                           6 claims   total   9,920,921     105s
[22:27:04]   wikipedia-seasons-aaf                        0 claims   total   9,920,921     105s
[22:27:04]   wikipedia-seasons-arena                     31 claims   total   9,920,952     105s
[22:27:04]   wikipedia-seasons-cfl                      533 claims   total   9,921,485     105s
[22:27:04]   wikipedia-seasons-ufl                       34 claims   total   9,921,519     105s
[22:27:04]   wikipedia-seasons-usfl2                     16 claims   total   9,921,535     105s
[22:27:04]   wikipedia-seasons-wfl                        0 claims   total   9,921,535     105s
[22:27:04]   wikipedia-seasons-xfl                       16 claims   total   9,921,551     105s
[22:27:05]   wikipedia                               40,794 claims   total   9,962,345     105s
[22:27:05]   wip-drafts                               5,574 claims   total   9,967,919     105s
[22:27:05]   wlaf-1991                                3,896 claims   total   9,971,815     105s
[22:27:05]   wlaf-1992                                3,640 claims   total   9,975,455     105s
[22:27:05]   xfl-2001                                 3,928 claims   total   9,979,383     105s
[22:27:05]   xfl-2020                                 4,184 claims   total   9,983,567     105s
[22:27:05]   xfl-2023                                 4,544 claims   total   9,988,111     105s
[22:27:05] people: reading the index once, then releasing it
[22:27:10] people: 51,270 (claims 51,195, identity 40,745, claims|identity 51,270, index 51,270); names 187,328
[22:27:10] indexes
[22:27:42] source summary
[22:27:51] per-person family and stint summaries
[22:28:02] contested
[22:28:05]   values folded by a declared reading rather than recorded as disagreeing: 67,405
[22:28:05]   9,440 (person, family) pairs contested
[22:28:05] gates
[22:28:19]   RS-G1 unreadable dates: FAIL  {'date_strings_read': 259036, 'unreadable_undeclared': 64, 'unreadable_declared_as_printed': 20, 'declared_but_no_longer_seen': 0}
[22:28:19]   RS-G2 unresolved persons: PASS  {'unresolved_undeclared_claims': 0, 'undeclared_stores': 0, 'unresolved_declared_claims': 72519, 'declared_stores': 16}
[22:28:19]   RS-G3 source records: PASS  {'claims_naming_a_record_not_in_their_store': 0, 'claims_naming_no_record': 0, 'stores_without_a_record_table': 30, 'claims_in_stores_without_a_table': 2579731, 'records_prefixed_by_another_source_id': 356772, 'claims_from_undeclared_sources': 17429}
[22:28:19]   RS-G4 population reconciles with the index: PASS  {'ours': 51270, 'index': 51270, 'in_index_not_here': 0, 'here_not_in_index': 0}
[22:28:19]   RS-G5 every build file accounted for: PASS  {'files_in_build': 989, 'stores_in_the_model': 535, 'unexplained': 0, 'declaration_stale': 0, 'declared_but_gone': 0, 'explained': 454, 'pending_a_rebuild': 0, 'reader_no_longer_refuses': 0}
[22:28:19]   RS-G6 no false disagreement: PASS  {'families_needing_a_reading': 9, 'of_those_with_one': 9, 'families_WITHOUT_a_reading': 0, 'readers_available': 10, 'contested_rows_skipped_because_their_family_has_no_reading': 0, 'contested_facts_checked': 9287, 'false_disagreements': 0, 'facts_with_an_unreadable_value': 1582}
[22:28:19]   RS-G7 every league token is a league: PASS  {'distinct_tokens': 34, 'in_the_club_table': 31, 'declared_non_competitions': 3, 'fabricated': 0, 'claims_on_fabricated_tokens': 0}
[22:28:19]   RS-G8 classification is declared, not read off a name: PASS  {'statistic_stores_declared': 228, 'predicates_seen': 460, 'predicates_wholly_inside_a_statistics_store': 171, 'predicates_straddling_the_boundary': 0, 'staff_predicates_declared': 4, 'name_predicates_declared': 7, 'worked_examples_checked': 19, 'index_names_with_a_comma': 2477, 'people_holding_a_bare_surname_beside_a_fuller_name': 2, 'of_those_read_as_surname_first': 2365, 'differences': 0, 'declared_stores_no_longer_in_the_model': 0}
[22:28:19] analyze
[22:28:36] built in 196s: 9,988,111 claims, 51,270 people, 535 stores

REFUSING TO PUBLISH -- gates failed:
  RS-G1 unreadable dates: {'date_strings_read': 259036, 'unreadable_undeclared': 64, 'unreadable_declared_as_printed': 20, 'declared_but_no_longer_seen': 0}
the previous read model, if any, keeps serving. Unpublished build left at /Users/ryannecci/Library/Caches/football-archive-service/candidate-2026-09-13-the-two-reds.sqlite.building
