=== regular 1920
PFA LOGS -> pfa-gamelogs-1920s   (WRITE)
  disagreement                                  38
  game_as_logged                               738
  game_log                                   4,014
  game_with_one_side_only                      458
  refused                                      594
  rows_refused_no_usable_team_link               0
  rows_with_a_phase_outside_the_vocabulary         0
  short_sum_not_written_as_a_claim              43
  claims                                     4,790
  refused (counted, never invented)            594
         594  no person holds this PFA player page
  -> /Users/ryannecci/Documents/pocketgm-rosters-clone/dataset/src/../build/pfa-gamelogs-1920s.json  (4,861,004 bytes)
=== regular 1930
PFA LOGS -> pfa-gamelogs-1930s   (WRITE)
  disagreement                                 161
  game_as_logged                               562
  game_log                                  11,728
  game_with_one_side_only                       78
  refused                                    1,026
  rows_refused_no_usable_team_link               0
  rows_with_a_phase_outside_the_vocabulary         0
  short_sum_not_written_as_a_claim             358
  claims                                    12,451
  refused (counted, never invented)          1,026
       1,026  no person holds this PFA player page
  -> /Users/ryannecci/Documents/pocketgm-rosters-clone/dataset/src/../build/pfa-gamelogs-1930s.json  (11,951,793 bytes)
=== regular 1940
PFA LOGS -> pfa-gamelogs-1940s   (WRITE)
  disagreement                                 556
  game_as_logged                               753
  game_log                                  31,978
  game_with_one_side_only                        3
  refused                                      690
  rows_refused_no_usable_team_link               0
  rows_with_a_phase_outside_the_vocabulary         1
  short_sum_not_written_as_a_claim           1,080
  claims                                    33,287
  refused (counted, never invented)            690
         690  no person holds this PFA player page
  -> /Users/ryannecci/Documents/pocketgm-rosters-clone/dataset/src/../build/pfa-gamelogs-1940s.json  (31,438,630 bytes)
=== regular 1950
PFA LOGS -> pfa-gamelogs-1950s   (WRITE)
  disagreement                                 188
  game_as_logged                               727
  game_log                                  29,611
  game_with_one_side_only                        1
  refused                                    1,928
  rows_refused_no_usable_team_link               0
  rows_with_a_phase_outside_the_vocabulary         0
  short_sum_not_written_as_a_claim           1,053
  claims                                    30,526
  refused (counted, never invented)          1,928
       1,928  no person holds this PFA player page
  -> /Users/ryannecci/Documents/pocketgm-rosters-clone/dataset/src/../build/pfa-gamelogs-1950s.json  (28,958,325 bytes)
=== regular 1960
PFA LOGS -> pfa-gamelogs-1960s   (WRITE)
  disagreement                                 215
  game_as_logged                             1,612
  game_log                                  64,501
  game_with_one_side_only                        1
  refused                                    3,524
  rows_refused_no_usable_team_link               0
  rows_with_a_phase_outside_the_vocabulary         0
  short_sum_not_written_as_a_claim             156
  claims                                    66,328
  refused (counted, never invented)          3,524
       3,524  no person holds this PFA player page
  -> /Users/ryannecci/Documents/pocketgm-rosters-clone/dataset/src/../build/pfa-gamelogs-1960s.json  (62,912,753 bytes)
=== regular 1970
STOPPED by hand: 652 man-club-season string splits from code_for; token rule being changed.
